[    0.000000] Initializing cgroup subsys cpu
[    0.000000] Linux version 3.4.0 (rminnich@xcpu.mtv.corp.google.com) (gcc version 4.6.x-google 20120301 (prerelease) (gcc-4.6.3_cos_gg_2a32ae6) ) #1 SMP Wed Jun 20 10:26:55 PDT 2012
[    0.000000] Command line: console=tty2 init=/sbin/init boot=local rootwait ro noresume noswap loglevel=1 noinitrd root=/dev/sdb3 i915.modeset=1 cros_legacy cros_debug drm.debug=14 log_buf_len=16M bootconfigfile=syslinux/usb.A.cfg disable_vmx BOOT_IMAGE=vmlinuz.A 
[    0.000000] BIOS-provided physical RAM map:
[    0.000000]  BIOS-e820: 0000000000000000 - 000000000009e800 (usable)
[    0.000000]  BIOS-e820: 000000000009e800 - 00000000000a0000 (reserved)
[    0.000000]  BIOS-e820: 00000000000f0000 - 0000000000100000 (reserved)
[    0.000000]  BIOS-e820: 0000000000100000 - 0000000000f00000 (usable)
[    0.000000]  BIOS-e820: 0000000000f00000 - 0000000001000000 (reserved)
[    0.000000]  BIOS-e820: 0000000001000000 - 0000000020000000 (usable)
[    0.000000]  BIOS-e820: 0000000020000000 - 0000000020200000 (reserved)
[    0.000000]  BIOS-e820: 0000000020200000 - 0000000040000000 (usable)
[    0.000000]  BIOS-e820: 0000000040000000 - 0000000040200000 (reserved)
[    0.000000]  BIOS-e820: 0000000040200000 - 00000000acebe000 (usable)
[    0.000000]  BIOS-e820: 00000000acebe000 - 00000000afa00000 (reserved)
[    0.000000]  BIOS-e820: 00000000f0000000 - 00000000f4000000 (reserved)
[    0.000000]  BIOS-e820: 0000000100000000 - 000000014f600000 (usable)
[    0.000000] disable_vmx_setup
[    0.000000] x86_disable_vmx: ! cpu_has_vme
[    0.000000] NX (Execute Disable) protection: active
[    0.000000] DMI present.
[    0.000000] DMI: GOOGLE Link, BIOS          06/26/2012
[    0.000000] e820 update range: 0000000000000000 - 0000000000010000 (usable) ==> (reserved)
[    0.000000] e820 remove range: 00000000000a0000 - 0000000000100000 (usable)
[    0.000000] No AGP bridge found
[    0.000000] last_pfn = 0x14f600 max_arch_pfn = 0x400000000
[    0.000000] MTRR default type: uncachable
[    0.000000] MTRR fixed ranges enabled:
[    0.000000]   00000-9FFFF write-back
[    0.000000]   A0000-FFFFF uncachable
[    0.000000] MTRR variable ranges enabled:
[    0.000000]   0 base 000000000 mask F80000000 write-back
[    0.000000]   1 base 080000000 mask FE0000000 write-back
[    0.000000]   2 base 0A0000000 mask FF0000000 write-back
[    0.000000]   3 base 0AD000000 mask FFF000000 uncachable
[    0.000000]   4 base 0AE000000 mask FFE000000 uncachable
[    0.000000]   5 base 100000000 mask FC0000000 write-back
[    0.000000]   6 base 140000000 mask FF0000000 write-back
[    0.000000]   7 base 14F600000 mask FFFE00000 uncachable
[    0.000000]   8 disabled
[    0.000000]   9 disabled
[    0.000000] x86 PAT enabled: cpu 0, old 0x7040600070406, new 0x7010600070106
[    0.000000] e820 update range: 00000000ad000000 - 0000000100000000 (usable) ==> (reserved)
[    0.000000] e820 update range: 000000014f600000 - 000000014f800000 (usable) ==> (reserved)
[    0.000000] last_pfn = 0xacebe max_arch_pfn = 0x400000000
[    0.000000] initial memory mapped : 0 - 20000000
[    0.000000] Base memory trampoline at [ffff880000099000] 99000 size 20480
[    0.000000] init_memory_mapping: 0000000000000000-00000000acebe000
[    0.000000]  0000000000 - 00ace00000 page 2M
[    0.000000]  00ace00000 - 00acebe000 page 4k
[    0.000000] kernel direct mapping tables up to acebe000 @ 1fffb000-20000000
[    0.000000] init_memory_mapping: 0000000100000000-000000014f600000
[    0.000000]  0100000000 - 014f600000 page 2M
[    0.000000] kernel direct mapping tables up to 14f600000 @ aceb7000-acebe000
[    0.000000] log_buf_len: 16777216
[    0.000000] early log buf free: 258349(98%)
[    0.000000] ACPI: RSDP 00000000000fdbc0 00024 (v02 CORE  )
[    0.000000] ACPI: XSDT 00000000aced12e0 0004C (v01 CORE   COREBOOT 00000000 CORE 00000000)
[    0.000000] ACPI: FACP 00000000aced4470 000F4 (v03 CORE   COREBOOT 00000000 CORE 00000001)
[    0.000000] ACPI: DSDT 00000000aced1450 03020 (v02 COREv4 COREBOOT 20110725 INTL 20090123)
[    0.000000] ACPI: FACS 00000000aced1410 00040
[    0.000000] ACPI: HPET 00000000aced4570 00038 (v01 CORE   COREBOOT 00000000 CORE 00000000)
[    0.000000] ACPI: APIC 00000000aced45b0 0006C (v01 CORE   COREBOOT 00000000 CORE 00000000)
[    0.000000] ACPI: MCFG 00000000aced4620 0003C (v01 CORE   COREBOOT 00000000 CORE 00000000)
[    0.000000] ACPI: SSDT 00000000aced5510 012AC (v02 CORE   COREBOOT 0000002A CORE 0000002A)
[    0.000000] ACPI: Local APIC address 0xfee00000
[    0.000000]  [ffffea0000000000-ffffea00053fffff] PMD -> [ffff880149c00000-ffff88014dbfffff] on node 0
[    0.000000] Zone PFN ranges:
[    0.000000]   DMA      0x00000010 -> 0x00001000
[    0.000000]   DMA32    0x00001000 -> 0x00100000
[    0.000000]   Normal   0x00100000 -> 0x0014f600
[    0.000000] Movable zone start PFN for each node
[    0.000000] Early memory PFN ranges
[    0.000000]     0: 0x00000010 -> 0x0000009e
[    0.000000]     0: 0x00000100 -> 0x00000f00
[    0.000000]     0: 0x00001000 -> 0x00020000
[    0.000000]     0: 0x00020200 -> 0x00040000
[    0.000000]     0: 0x00040200 -> 0x000acebe
[    0.000000]     0: 0x00100000 -> 0x0014f600
[    0.000000] On node 0 totalpages: 1032012
[    0.000000]   DMA zone: 64 pages used for memmap
[    0.000000]   DMA zone: 5 pages reserved
[    0.000000]   DMA zone: 3657 pages, LIFO batch:0
[    0.000000]   DMA32 zone: 16320 pages used for memmap
[    0.000000]   DMA32 zone: 686846 pages, LIFO batch:31
[    0.000000]   Normal zone: 5080 pages used for memmap
[    0.000000]   Normal zone: 320040 pages, LIFO batch:31
[    0.000000] ACPI: PM-Timer IO Port: 0x508
[    0.000000] ACPI: Local APIC address 0xfee00000
[    0.000000] ACPI: LAPIC (acpi_id[0x00] lapic_id[0x00] enabled)
[    0.000000] ACPI: LAPIC (acpi_id[0x01] lapic_id[0x01] enabled)
[    0.000000] ACPI: LAPIC (acpi_id[0x02] lapic_id[0x02] enabled)
[    0.000000] ACPI: LAPIC (acpi_id[0x03] lapic_id[0x03] enabled)
[    0.000000] ACPI: IOAPIC (id[0x02] address[0xfec00000] gsi_base[0])
[    0.000000] IOAPIC[0]: apic_id 2, version 32, address 0xfec00000, GSI 0-23
[    0.000000] ACPI: INT_SRC_OVR (bus 0 bus_irq 0 global_irq 2 dfl dfl)
[    0.000000] ACPI: INT_SRC_OVR (bus 0 bus_irq 9 global_irq 9 high level)
[    0.000000] ACPI: IRQ0 used by override.
[    0.000000] ACPI: IRQ2 used by override.
[    0.000000] ACPI: IRQ9 used by override.
[    0.000000] Using ACPI (MADT) for SMP configuration information
[    0.000000] ACPI: HPET id: 0x8086a201 base: 0xfed00000
[    0.000000] SMP: Allowing 4 CPUs, 0 hotplug CPUs
[    0.000000] nr_irqs_gsi: 40
[    0.000000] Allocating PCI resources starting at afa00000 (gap: afa00000:40600000)
[    0.000000] setup_percpu: NR_CPUS:4 nr_cpumask_bits:4 nr_cpu_ids:4 nr_node_ids:1
[    0.000000] PERCPU: Embedded 26 pages/cpu @ffff88014e200000 s77184 r8192 d21120 u524288
[    0.000000] pcpu-alloc: s77184 r8192 d21120 u524288 alloc=1*2097152
[    0.000000] pcpu-alloc: [0] 0 1 2 3 
[    0.000000] Built 1 zonelists in Zone order, mobility grouping on.  Total pages: 1010543
[    0.000000] Kernel command line: console=tty2 init=/sbin/init boot=local rootwait ro noresume noswap loglevel=1 noinitrd root=/dev/sdb3 i915.modeset=1 cros_legacy cros_debug drm.debug=14 log_buf_len=16M bootconfigfile=syslinux/usb.A.cfg disable_vmx BOOT_IMAGE=vmlinuz.A 
[    0.000000] PID hash table entries: 4096 (order: 3, 32768 bytes)
[    0.000000] Dentry cache hash table entries: 524288 (order: 10, 4194304 bytes)
[    0.000000] Inode-cache hash table entries: 262144 (order: 9, 2097152 bytes)
[    0.000000] xsave/xrstor: enabled xstate_bv 0x7, cntxt size 0x340
[    0.000000] Checking aperture...
[    0.000000] No AGP bridge found
[    0.000000] Memory: 3962936k/5494784k available (4528k kernel code, 1366736k absent, 165112k reserved, 4289k data, 628k init)
[    0.000000] SLUB: Genslabs=15, HWalign=64, Order=0-3, MinObjects=0, CPUs=4, Nodes=1
[    0.000000] Hierarchical RCU implementation.
[    0.000000] 	CONFIG_RCU_FANOUT set to non-default value of 32
[    0.000000] NR_IRQS:4352 nr_irqs:712 16
[    0.000000] Console: colour dummy device 80x25
[    0.000000] console [tty2] enabled
[    0.000000] hpet clockevent registered
[    0.000000] Initial TSC value: 28029132378
[    0.000000] Fast TSC calibration using PIT
[    0.001000] Initial usec timer 12218453
[    0.001000] Detected 2294.832 MHz processor.
[    0.000002] Calibrating delay loop (skipped), value calculated using timer frequency.. 4589.66 BogoMIPS (lpj=2294832)
[    0.000007] pid_max: default: 32768 minimum: 301
[    0.000033] Security Framework initialized
[    0.000037] Yama: becoming mindful.
[    0.000057] Mount-cache hash table entries: 256
[    0.000275] CPU: Physical Processor ID: 0
[    0.000277] CPU: Processor Core ID: 0
[    0.000772] mce: CPU supports 7 MCE banks
[    0.000786] CPU0: Thermal monitoring enabled (TM1)
[    0.000795] using mwait in idle threads.
[    0.000863] ACPI: Core revision 20120320
[    0.003308] acpi_enable!
[    0.004025] ACPI mode enable smi_command = 0xb2 val = 0xe1
[    0.004030] ftrace: allocating 20235 entries in 80 pages
[    0.017690] ..TIMER: vector=0x30 apic1=0 pin1=2 apic2=-1 pin2=-1
[    0.027689] CPU0: Intel(R) Core(TM) i5-3427U CPU @ 1.80GHz stepping 09
[    0.128864] Performance Events: PEBS fmt1+, generic architected perfmon, Intel PMU driver.
[    0.128872] ... version:                3
[    0.128874] ... bit width:              48
[    0.128875] ... generic registers:      4
[    0.128877] ... value mask:             0000ffffffffffff
[    0.128879] ... max period:             000000007fffffff
[    0.128881] ... fixed-purpose events:   3
[    0.128882] ... event mask:             000000070000000f
[    0.129006] NMI watchdog: enabled, takes one hw-pmu counter.
[    0.129087] Booting Node   0, Processors  #1
[    0.142836] NMI watchdog: enabled, takes one hw-pmu counter.
[    0.142923]  #2
[    0.156656] NMI watchdog: enabled, takes one hw-pmu counter.
[    0.156734]  #3 Ok.
[    0.170464] NMI watchdog: enabled, takes one hw-pmu counter.
[    0.170492] Brought up 4 CPUs
[    0.170495] Total of 4 processors activated (18358.65 BogoMIPS).
[    0.174091] devtmpfs: initialized
[    0.175466] RTC time:  1:50:20, date: 52/75/33
[    0.175509] NET: Registered protocol family 16
[    0.175983] ACPI: bus type pci registered
[    0.176022] PCI: MMCONFIG for domain 0000 [bus 00-3f] at [mem 0xf0000000-0xf3ffffff] (base 0xf0000000)
[    0.176026] PCI: MMCONFIG at [mem 0xf0000000-0xf3ffffff] reserved in E820
[    0.184877] PCI: Using configuration type 1 for base access
[    0.185160] mtrr: your CPUs had inconsistent variable MTRR settings
[    0.185162] mtrr: probably your BIOS does not setup all CPUs.
[    0.185164] mtrr: corrected configuration.
[    0.186085] bio: create slab <bio-0> at 0
[    0.186144] ACPI: Added _OSI(Module Device)
[    0.186146] ACPI: Added _OSI(Processor Device)
[    0.186148] ACPI: Added _OSI(3.0 _SCP Extensions)
[    0.186150] ACPI: Added _OSI(Processor Aggregator Device)
[    0.187065] ACPI: EC: Look up EC in DSDT
[    0.189555] ACPI: Interpreter enabled
[    0.189559] ACPI: (supports S0 S3 S5)
[    0.189577] ACPI: Using IOAPIC for interrupt routing
[    0.192597] ACPI: EC: GPE = 0x17, I/O: command/status = 0x66, data = 0x62
[    0.192733] ACPI: No dock devices found.
[    0.192736] PCI: Using host bridge windows from ACPI; if necessary, use "pci=nocrs" and report a bug
[    0.192829] ACPI: PCI Root Bridge [PCI0] (domain 0000 [bus 00-ff])
[    0.192924] pci_root PNP0A08:00: host bridge window [io  0x0000-0x0cf7]
[    0.192927] pci_root PNP0A08:00: host bridge window [io  0x0d00-0xffff]
[    0.192930] pci_root PNP0A08:00: host bridge window [mem 0x000a0000-0x000bffff]
[    0.192933] pci_root PNP0A08:00: host bridge window [mem 0x000c0000-0x000c3fff]
[    0.192935] pci_root PNP0A08:00: host bridge window [mem 0x000c4000-0x000c7fff]
[    0.192938] pci_root PNP0A08:00: host bridge window [mem 0x000c8000-0x000cbfff]
[    0.192940] pci_root PNP0A08:00: host bridge window [mem 0x000cc000-0x000cffff]
[    0.192942] pci_root PNP0A08:00: host bridge window [mem 0x000d0000-0x000d3fff]
[    0.192945] pci_root PNP0A08:00: host bridge window [mem 0x000d4000-0x000d7fff]
[    0.192947] pci_root PNP0A08:00: host bridge window [mem 0x000d8000-0x000dbfff]
[    0.192950] pci_root PNP0A08:00: host bridge window [mem 0x000dc000-0x000dffff]
[    0.192952] pci_root PNP0A08:00: host bridge window [mem 0x000e0000-0x000e3fff]
[    0.192955] pci_root PNP0A08:00: host bridge window [mem 0x000e4000-0x000e7fff]
[    0.192957] pci_root PNP0A08:00: host bridge window [mem 0x000e8000-0x000ebfff]
[    0.192960] pci_root PNP0A08:00: host bridge window [mem 0x000ec000-0x000effff]
[    0.192962] pci_root PNP0A08:00: host bridge window [mem 0x000f0000-0x000fffff]
[    0.192965] pci_root PNP0A08:00: host bridge window [mem 0xafa00000-0xfebfffff]
[    0.192967] pci_root PNP0A08:00: host bridge window [mem 0xfed40000-0xfed44fff]
[    0.192998] PCI host bridge to bus 0000:00
[    0.193001] pci_bus 0000:00: root bus resource [io  0x0000-0x0cf7]
[    0.193004] pci_bus 0000:00: root bus resource [io  0x0d00-0xffff]
[    0.193006] pci_bus 0000:00: root bus resource [mem 0x000a0000-0x000bffff]
[    0.193008] pci_bus 0000:00: root bus resource [mem 0x000c0000-0x000c3fff]
[    0.193011] pci_bus 0000:00: root bus resource [mem 0x000c4000-0x000c7fff]
[    0.193013] pci_bus 0000:00: root bus resource [mem 0x000c8000-0x000cbfff]
[    0.193016] pci_bus 0000:00: root bus resource [mem 0x000cc000-0x000cffff]
[    0.193018] pci_bus 0000:00: root bus resource [mem 0x000d0000-0x000d3fff]
[    0.193021] pci_bus 0000:00: root bus resource [mem 0x000d4000-0x000d7fff]
[    0.193023] pci_bus 0000:00: root bus resource [mem 0x000d8000-0x000dbfff]
[    0.193025] pci_bus 0000:00: root bus resource [mem 0x000dc000-0x000dffff]
[    0.193028] pci_bus 0000:00: root bus resource [mem 0x000e0000-0x000e3fff]
[    0.193030] pci_bus 0000:00: root bus resource [mem 0x000e4000-0x000e7fff]
[    0.193033] pci_bus 0000:00: root bus resource [mem 0x000e8000-0x000ebfff]
[    0.193035] pci_bus 0000:00: root bus resource [mem 0x000ec000-0x000effff]
[    0.193037] pci_bus 0000:00: root bus resource [mem 0x000f0000-0x000fffff]
[    0.193040] pci_bus 0000:00: root bus resource [mem 0xafa00000-0xfebfffff]
[    0.193042] pci_bus 0000:00: root bus resource [mem 0xfed40000-0xfed44fff]
[    0.193053] pci 0000:00:00.0: [8086:0154] type 00 class 0x060000
[    0.193098] pci 0000:00:02.0: [8086:0166] type 00 class 0x030000
[    0.193112] pci 0000:00:02.0: reg 10: [mem 0xe0000000-0xe03fffff 64bit]
[    0.193121] pci 0000:00:02.0: reg 18: [mem 0xd0000000-0xdfffffff 64bit pref]
[    0.193128] pci 0000:00:02.0: reg 20: [io  0x1000-0x103f]
[    0.193227] pci 0000:00:16.0: [8086:1e3a] type 00 class 0x078000
[    0.193315] pci 0000:00:16.0: reg 10: [mem 0xe0506100-0xe050610f 64bit]
[    0.193656] pci 0000:00:16.0: PME# supported from D0 D3hot D3cold
[    0.193727] pci 0000:00:1a.0: [8086:1e2d] type 00 class 0x0c0320
[    0.193752] pci 0000:00:1a.0: reg 10: [mem 0xe0505800-0xe0505bff]
[    0.193860] pci 0000:00:1a.0: PME# supported from D0 D3hot D3cold
[    0.193893] pci 0000:00:1b.0: [8086:1e20] type 00 class 0x040300
[    0.193911] pci 0000:00:1b.0: reg 10: [mem 0xe0500000-0xe0503fff 64bit]
[    0.193991] pci 0000:00:1b.0: PME# supported from D0 D3hot D3cold
[    0.194018] pci 0000:00:1c.0: [8086:1e14] type 01 class 0x060400
[    0.194113] pci 0000:00:1c.0: PME# supported from D0 D3hot D3cold
[    0.194155] pci 0000:00:1d.0: [8086:1e26] type 00 class 0x0c0320
[    0.194179] pci 0000:00:1d.0: reg 10: [mem 0xe0505c00-0xe0505fff]
[    0.194281] pci 0000:00:1d.0: PME# supported from D0 D3hot D3cold
[    0.194310] pci 0000:00:1f.0: [8086:1e5d] type 00 class 0x060100
[    0.194447] pci 0000:00:1f.2: [8086:1e03] type 00 class 0x010601
[    0.194472] pci 0000:00:1f.2: reg 10: [io  0x1060-0x1067]
[    0.194482] pci 0000:00:1f.2: reg 14: [io  0x1070-0x1073]
[    0.194492] pci 0000:00:1f.2: reg 18: [io  0x1068-0x106f]
[    0.194502] pci 0000:00:1f.2: reg 1c: [io  0x1074-0x1077]
[    0.194512] pci 0000:00:1f.2: reg 20: [io  0x1040-0x105f]
[    0.194523] pci 0000:00:1f.2: reg 24: [mem 0xe0505000-0xe05057ff]
[    0.194580] pci 0000:00:1f.2: PME# supported from D3hot
[    0.194603] pci 0000:00:1f.3: [8086:1e22] type 00 class 0x0c0500
[    0.194621] pci 0000:00:1f.3: reg 10: [mem 0xe0506000-0xe05060ff 64bit]
[    0.194646] pci 0000:00:1f.3: reg 20: [io  0x0400-0x041f]
[    0.194688] pci 0000:00:1f.6: [8086:1e24] type 00 class 0x118000
[    0.194712] pci 0000:00:1f.6: reg 10: [mem 0xe0504000-0xe0504fff 64bit]
[    0.194888] pci 0000:01:00.0: [168c:0034] type 00 class 0x028000
[    0.194930] pci 0000:01:00.0: reg 10: [mem 0xe0400000-0xe047ffff 64bit]
[    0.195025] pci 0000:01:00.0: reg 30: [mem 0xe0480000-0xe048ffff pref]
[    0.195131] pci 0000:01:00.0: supports D1
[    0.195133] pci 0000:01:00.0: PME# supported from D0 D1 D3hot
[    0.196871] pci 0000:00:1c.0: PCI bridge to [bus 01-01]
[    0.196879] pci 0000:00:1c.0:   bridge window [mem 0xe0400000-0xe04fffff]
[    0.196896] pci_bus 0000:00: on NUMA node 0
[    0.196900] ACPI: PCI Interrupt Routing Table [\_SB_.PCI0._PRT]
[    0.196993] ACPI: PCI Interrupt Routing Table [\_SB_.PCI0.RP01._PRT]
[    0.197262]  pci0000:00: Requesting ACPI _OSC control (0x1d)
[    0.197287]  pci0000:00: ACPI _OSC control (0x1d) granted
[    0.199155] ACPI: PCI Interrupt Link [LNKA] (IRQs 1 3 4 5 6 7 10 12 14 15) *11, disabled.
[    0.199199] ACPI: PCI Interrupt Link [LNKB] (IRQs 1 3 4 5 6 7 11 12 14 15) *10, disabled.
[    0.199241] ACPI: PCI Interrupt Link [LNKC] (IRQs 1 3 4 5 6 7 10 12 14 15) *11, disabled.
[    0.199283] ACPI: PCI Interrupt Link [LNKD] (IRQs 1 3 4 5 6 7 *11 12 14 15), disabled.
[    0.199323] ACPI: PCI Interrupt Link [LNKE] (IRQs 1 3 4 5 6 7 10 12 14 15) *0, disabled.
[    0.199364] ACPI: PCI Interrupt Link [LNKF] (IRQs 1 3 4 5 6 7 11 12 14 15) *0, disabled.
[    0.199406] ACPI: PCI Interrupt Link [LNKG] (IRQs 1 3 4 5 6 7 10 12 14 15) *0, disabled.
[    0.199448] ACPI: PCI Interrupt Link [LNKH] (IRQs 1 3 4 5 6 7 11 12 14 15) *0, disabled.
[    0.199553] SCSI subsystem initialized
[    0.199585] libata version 3.00 loaded.
[    0.199623] usbcore: registered new interface driver usbfs
[    0.199639] usbcore: registered new interface driver hub
[    0.199660] usbcore: registered new device driver usb
[    0.199750] chromeos_acpi: registering CHSW 0
[    0.199899] chromeos_acpi: registering VBNV 0
[    0.199902] chromeos_acpi: registering VBNV 1
[    0.200140] chromeos_acpi: truncating buffer from 3072 to 1336
[    0.200350] chromeos_acpi: installed
[    0.200372] Advanced Linux Sound Architecture Driver Version 1.0.25.
[    0.200374] PCI: Using ACPI for IRQ routing
[    0.202152] PCI: pci_cache_line_size set to 64 bytes
[    0.202227] reserve RAM buffer: 000000000009e800 - 000000000009ffff 
[    0.202230] reserve RAM buffer: 00000000acebe000 - 00000000afffffff 
[    0.202232] reserve RAM buffer: 000000014f600000 - 000000014fffffff 
[    0.202542] hpet0: at MMIO 0xfed00000, IRQs 2, 8, 0, 0, 0, 0, 0, 0
[    0.202550] hpet0: 8 comparators, 64-bit 14.318180 MHz counter
[    0.204569] Switching to clocksource hpet
[    0.211732] pnp: PnP ACPI init
[    0.211746] ACPI: bus type pnp registered
[    0.211778] pnp 00:00: [irq 20]
[    0.211813] pnp 00:00: Plug and Play ACPI device, IDs PNP0c0e (active)
[    0.211826] pnp 00:01: [irq 22]
[    0.211850] pnp 00:01: Plug and Play ACPI device, IDs PNP0c0e (active)
[    0.211929] pnp 00:02: [bus 00-ff]
[    0.211932] pnp 00:02: [io  0x0000-0x0cf7 window]
[    0.211934] pnp 00:02: [io  0x0cf8-0x0cff]
[    0.211937] pnp 00:02: [io  0x0d00-0xffff window]
[    0.211939] pnp 00:02: [mem 0x000a0000-0x000bffff window]
[    0.211942] pnp 00:02: [mem 0x000c0000-0x000c3fff window]
[    0.211944] pnp 00:02: [mem 0x000c4000-0x000c7fff window]
[    0.211946] pnp 00:02: [mem 0x000c8000-0x000cbfff window]
[    0.211948] pnp 00:02: [mem 0x000cc000-0x000cffff window]
[    0.211952] pnp 00:02: [mem 0x000d0000-0x000d3fff window]
[    0.211954] pnp 00:02: [mem 0x000d4000-0x000d7fff window]
[    0.211956] pnp 00:02: [mem 0x000d8000-0x000dbfff window]
[    0.211958] pnp 00:02: [mem 0x000dc000-0x000dffff window]
[    0.211961] pnp 00:02: [mem 0x000e0000-0x000e3fff window]
[    0.211963] pnp 00:02: [mem 0x000e4000-0x000e7fff window]
[    0.211965] pnp 00:02: [mem 0x000e8000-0x000ebfff window]
[    0.211967] pnp 00:02: [mem 0x000ec000-0x000effff window]
[    0.211969] pnp 00:02: [mem 0x000f0000-0x000fffff window]
[    0.211972] pnp 00:02: [mem 0xafa00000-0xfebfffff window]
[    0.211974] pnp 00:02: [mem 0xfed40000-0xfed44fff window]
[    0.212022] pnp 00:02: Plug and Play ACPI device, IDs PNP0a08 PNP0a03 (active)
[    0.212040] pnp 00:03: [mem 0xfed1c000-0xfed1ffff]
[    0.212042] pnp 00:03: [mem 0xfed10000-0xfed13fff]
[    0.212044] pnp 00:03: [mem 0xfed18000-0xfed18fff]
[    0.212046] pnp 00:03: [mem 0xfed19000-0xfed19fff]
[    0.212048] pnp 00:03: [mem 0xf0000000-0xf3ffffff]
[    0.212050] pnp 00:03: [mem 0xfed20000-0xfed3ffff]
[    0.212052] pnp 00:03: [mem 0xfed40000-0xfed44fff]
[    0.212054] pnp 00:03: [mem 0xfed45000-0xfed8ffff]
[    0.212056] pnp 00:03: [mem 0x00f00000-0x00ffffff]
[    0.212058] pnp 00:03: [mem 0x20000000-0x201fffff]
[    0.212060] pnp 00:03: [mem 0x40000000-0x401fffff]
[    0.212097] system 00:03: [mem 0xfed1c000-0xfed1ffff] has been reserved
[    0.212100] system 00:03: [mem 0xfed10000-0xfed13fff] has been reserved
[    0.212103] system 00:03: [mem 0xfed18000-0xfed18fff] has been reserved
[    0.212106] system 00:03: [mem 0xfed19000-0xfed19fff] has been reserved
[    0.212109] system 00:03: [mem 0xf0000000-0xf3ffffff] has been reserved
[    0.212112] system 00:03: [mem 0xfed20000-0xfed3ffff] has been reserved
[    0.212114] system 00:03: [mem 0xfed40000-0xfed44fff] has been reserved
[    0.212117] system 00:03: [mem 0xfed45000-0xfed8ffff] has been reserved
[    0.212120] system 00:03: [mem 0x00f00000-0x00ffffff] has been reserved
[    0.212123] system 00:03: [mem 0x20000000-0x201fffff] has been reserved
[    0.212125] system 00:03: [mem 0x40000000-0x401fffff] has been reserved
[    0.212129] system 00:03: Plug and Play ACPI device, IDs PNP0c02 (active)
[    0.212302] pnp 00:04: [io  0x0000-0x001f]
[    0.212304] pnp 00:04: [io  0x0081-0x0091]
[    0.212306] pnp 00:04: [io  0x0093-0x009f]
[    0.212308] pnp 00:04: [io  0x00c0-0x00df]
[    0.212310] pnp 00:04: [dma 4]
[    0.212343] pnp 00:04: Plug and Play ACPI device, IDs PNP0200 (active)
[    0.212351] pnp 00:05: [mem 0xff000000-0xffffffff]
[    0.212381] pnp 00:05: Plug and Play ACPI device, IDs INT0800 (active)
[    0.212449] pnp 00:06: [mem 0xfed00000-0xfed003ff]
[    0.212493] system 00:06: [mem 0xfed00000-0xfed003ff] has been reserved
[    0.212497] system 00:06: Plug and Play ACPI device, IDs PNP0103 PNP0c01 (active)
[    0.212508] pnp 00:07: [io  0x00f0]
[    0.212513] pnp 00:07: [irq 13]
[    0.212546] pnp 00:07: Plug and Play ACPI device, IDs PNP0c04 (active)
[    0.212556] pnp 00:08: [io  0x002e-0x002f]
[    0.212558] pnp 00:08: [io  0x004e-0x004f]
[    0.212560] pnp 00:08: [io  0x0061]
[    0.212562] pnp 00:08: [io  0x0063]
[    0.212563] pnp 00:08: [io  0x0065]
[    0.212565] pnp 00:08: [io  0x0067]
[    0.212567] pnp 00:08: [io  0x0080]
[    0.212569] pnp 00:08: [io  0x0092]
[    0.212570] pnp 00:08: [io  0x00b2-0x00b3]
[    0.212572] pnp 00:08: [io  0x0500-0x057f]
[    0.212574] pnp 00:08: [io  0x0480-0x04bf]
[    0.212633] system 00:08: [io  0x0500-0x057f] has been reserved
[    0.212636] system 00:08: [io  0x0480-0x04bf] has been reserved
[    0.212639] system 00:08: Plug and Play ACPI device, IDs PNP0c02 (active)
[    0.212649] pnp 00:09: [io  0x0070-0x0077]
[    0.212682] pnp 00:09: Plug and Play ACPI device, IDs PNP0b00 (active)
[    0.212699] pnp 00:0a: [io  0x0900-0x09fe]
[    0.212743] system 00:0a: [io  0x0900-0x09fe] has been reserved
[    0.212746] system 00:0a: Plug and Play ACPI device, IDs PNP0c02 (active)
[    0.212760] pnp 00:0b: [io  0x0800-0x087f]
[    0.212801] system 00:0b: [io  0x0800-0x087f] has been reserved
[    0.212804] system 00:0b: Plug and Play ACPI device, IDs PNP0c02 (active)
[    0.212818] pnp 00:0c: [io  0x0200]
[    0.212820] pnp 00:0c: [io  0x0204]
[    0.212821] pnp 00:0c: [io  0x0880-0x08ff]
[    0.212865] system 00:0c: [io  0x0200] has been reserved
[    0.212867] system 00:0c: [io  0x0204] has been reserved
[    0.212870] system 00:0c: [io  0x0880-0x08ff] has been reserved
[    0.212873] system 00:0c: Plug and Play ACPI device, IDs PNP0c02 (active)
[    0.212886] pnp 00:0d: [io  0x03f8-0x03ff]
[    0.212892] pnp 00:0d: [irq 4]
[    0.212927] pnp 00:0d: Plug and Play ACPI device, IDs PNP0501 (active)
[    0.212941] pnp 00:0e: [io  0x0060]
[    0.212943] pnp 00:0e: [io  0x0064]
[    0.212948] pnp 00:0e: [irq 1]
[    0.212983] pnp 00:0e: Plug and Play ACPI device, IDs PNP0303 PNP030b (active)
[    0.213008] pnp: PnP ACPI: found 15 devices
[    0.213010] ACPI: ACPI bus type pnp unregistered
[    0.219619] pci 0000:00:1c.0: PCI bridge to [bus 01-01]
[    0.219627] pci 0000:00:1c.0:   bridge window [mem 0xe0400000-0xe04fffff]
[    0.219652] pci_bus 0000:00: resource 4 [io  0x0000-0x0cf7]
[    0.219655] pci_bus 0000:00: resource 5 [io  0x0d00-0xffff]
[    0.219657] pci_bus 0000:00: resource 6 [mem 0x000a0000-0x000bffff]
[    0.219660] pci_bus 0000:00: resource 7 [mem 0x000c0000-0x000c3fff]
[    0.219662] pci_bus 0000:00: resource 8 [mem 0x000c4000-0x000c7fff]
[    0.219664] pci_bus 0000:00: resource 9 [mem 0x000c8000-0x000cbfff]
[    0.219667] pci_bus 0000:00: resource 10 [mem 0x000cc000-0x000cffff]
[    0.219669] pci_bus 0000:00: resource 11 [mem 0x000d0000-0x000d3fff]
[    0.219671] pci_bus 0000:00: resource 12 [mem 0x000d4000-0x000d7fff]
[    0.219674] pci_bus 0000:00: resource 13 [mem 0x000d8000-0x000dbfff]
[    0.219676] pci_bus 0000:00: resource 14 [mem 0x000dc000-0x000dffff]
[    0.219679] pci_bus 0000:00: resource 15 [mem 0x000e0000-0x000e3fff]
[    0.219681] pci_bus 0000:00: resource 16 [mem 0x000e4000-0x000e7fff]
[    0.219683] pci_bus 0000:00: resource 17 [mem 0x000e8000-0x000ebfff]
[    0.219686] pci_bus 0000:00: resource 18 [mem 0x000ec000-0x000effff]
[    0.219688] pci_bus 0000:00: resource 19 [mem 0x000f0000-0x000fffff]
[    0.219690] pci_bus 0000:00: resource 20 [mem 0xafa00000-0xfebfffff]
[    0.219693] pci_bus 0000:00: resource 21 [mem 0xfed40000-0xfed44fff]
[    0.219695] pci_bus 0000:01: resource 1 [mem 0xe0400000-0xe04fffff]
[    0.219736] NET: Registered protocol family 2
[    0.219783] IP route cache hash table entries: 131072 (order: 8, 1048576 bytes)
[    0.220010] TCP established hash table entries: 262144 (order: 10, 4194304 bytes)
[    0.220881] TCP bind hash table entries: 65536 (order: 9, 2097152 bytes)
[    0.221459] TCP: Hash tables configured (established 262144 bind 65536)
[    0.221462] TCP: reno registered
[    0.221469] UDP hash table entries: 2048 (order: 5, 196608 bytes)
[    0.221527] UDP-Lite hash table entries: 2048 (order: 5, 196608 bytes)
[    0.221659] NET: Registered protocol family 1
[    0.221675] pci 0000:00:02.0: Boot video device
[    0.221891] PCI: CLS 64 bytes, default 64
[    0.221933] PCI-DMA: Using software bounce buffering for IO (SWIOTLB)
[    0.221936] Placing 64MB software IO TLB between ffff8800a8eb7000 - ffff8800aceb7000
[    0.221938] software IO TLB at phys 0xa8eb7000 - 0xaceb7000
[    0.222686] microcode: CPU0 sig=0x306a9, pf=0x10, revision=0x12
[    0.222696] microcode: CPU1 sig=0x306a9, pf=0x10, revision=0x12
[    0.222707] microcode: CPU2 sig=0x306a9, pf=0x10, revision=0x12
[    0.222717] microcode: CPU3 sig=0x306a9, pf=0x10, revision=0x12
[    0.222745] microcode: Microcode Update Driver: v2.00 <tigran@aivazian.fsnet.co.uk>, Peter Oruba
[    0.224876] msgmni has been set to 7740
[    0.225194] Block layer SCSI generic (bsg) driver version 0.4 loaded (major 253)
[    0.225198] io scheduler noop registered
[    0.225200] io scheduler deadline registered
[    0.225244] io scheduler cfq registered (default)
[    0.225351] pcieport 0000:00:1c.0: irq 40 for MSI/MSI-X
[    0.225455] pcieport 0000:00:1c.0: Signaling PME through PCIe PME interrupt
[    0.225458] pci 0000:01:00.0: Signaling PME through PCIe PME interrupt
[    0.225464] pcie_pme 0000:00:1c.0:pcie01: service driver pcie_pme loaded
[    0.225479] pci_hotplug: PCI Hot Plug PCI Core version: 0.5
[    0.225498] pciehp: PCI Express Hot Plug Controller Driver version: 0.4
[    0.225618] ACPI: AC Adapter [AC] (on-line)
[    0.225707] input: Lid Switch as /devices/LNXSYSTM:00/device:00/PNP0C0D:00/input/input0
[    0.225735] ACPI: Lid Switch [LID0]
[    0.225776] input: Power Button as /devices/LNXSYSTM:00/device:00/PNP0C0C:00/input/input1
[    0.225780] ACPI: Power Button [PWRB]
[    0.225816] input: Sleep Button as /devices/LNXSYSTM:00/device:00/PNP0C0E:00/input/input2
[    0.225820] ACPI: Sleep Button [TPAD]
[    0.225856] input: Sleep Button as /devices/LNXSYSTM:00/device:00/PNP0C0E:01/input/input3
[    0.225859] ACPI: Sleep Button [TSCR]
[    0.225903] input: Power Button as /devices/LNXSYSTM:00/LNXPWRBN:00/input/input4
[    0.225907] ACPI: Power Button [PWRF]
[    0.226210] input: Video Bus as /devices/LNXSYSTM:00/device:00/PNP0A08:00/LNXVIDEO:00/input/input5
[    0.226215] ACPI: Video Device [GFX0] (multi-head: yes  rom: no  post: no)
[    0.226245] ACPI: Requesting acpi_cpufreq
[    0.226465] Monitor-Mwait will be used to enter C-1 state
[    0.226508] Monitor-Mwait will be used to enter C-2 state
[    0.226539] Monitor-Mwait will be used to enter C-3 state
[    0.226558] ACPI: acpi_idle registered with cpuidle
[    0.229597] thermal LNXTHERM:00: registered as thermal_zone0
[    0.229600] ACPI: Thermal Zone [THRM] (60 C)
[    0.229648] ACPI: Battery Slot [BAT0] (battery absent)
[    0.229652] Serial: 8250/16550 driver, 4 ports, IRQ sharing disabled
[    0.230272] Non-volatile memory driver v1.3
[    0.230310] Linux agpgart interface v0.103
[    0.230372] agpgart-intel 0000:00:00.0: Intel Ivybridge Chipset
[    0.230473] agpgart-intel 0000:00:00.0: detected gtt size: 2097152K total, 262144K mappable
[    0.231750] agpgart-intel 0000:00:00.0: detected 32768K stolen memory
[    0.231856] agpgart-intel 0000:00:00.0: AGP aperture is 256M @ 0xd0000000
[    0.232489] [drm] Initialized drm 1.1.0 20060810
[    0.232757] i915 0000:00:02.0: setting latency timer to 64
[    0.282335] [drm:intel_opregion_setup], graphic opregion physical addr: 0x0
[    0.282338] [drm:intel_opregion_setup], ACPI OpRegion not supported!
[    0.282364] i915 0000:00:02.0: irq 41 for MSI/MSI-X
[    0.282374] [drm] Supports vblank timestamp caching Rev 1 (10.10.2010).
[    0.282376] [drm] Driver supports precise vblank timestamp query.
[    0.282380] [drm:intel_detect_pch], Found PatherPoint PCH
[    0.282386] i915 0000:00:02.0: Invalid ROM contents
[    0.282387] [drm:intel_parse_bios], VBT signature missing
[    0.282390] [drm] failed to find VBIOS tables
[    0.282395] [drm:intel_dsm_pci_probe], no _DSM method for intel device
[    0.282926] [drm:intel_init_display], Using MT version of forcewake
[    0.282929] [drm:intel_modeset_init], 3 display pipes available.
[    0.283486] [drm:gmbus_xfer], GMBUS [i915 gmbus panel] NAK for addr: 0050 r(1)
[    0.283495] [drm:drm_do_probe_ddc_edid], drm: skipping non-existent adapter i915 gmbus panel
[    0.283513] [drm:intel_lvds_init], No LVDS modes found, disabling.
[    0.283544] [drm:intel_dp_init], cur t1_t3 2000 t8 2000 t9 0 t10 0 t11_t12 6000
[    0.283562] [drm:intel_dp_init], vbt t1_t3 0 t8 0 t9 0 t10 0 t11_t12 0
[    0.283565] [drm:intel_dp_init], panel power up delay 200, power down delay 0, power cycle delay 600
[    0.283569] [drm:intel_dp_init], backlight on delay 200, off delay 0
[    0.283572] [drm:ironlake_edp_panel_vdd_on], Turn eDP VDD on
[    0.283579] [drm:ironlake_edp_panel_vdd_on], PCH_PP_STATUS: 0x80000008 PCH_PP_CONTROL: 0xabcd000f
[    0.283887] [drm:ironlake_edp_panel_vdd_off], Turn eDP VDD off 1
[    0.283891] [drm:intel_dp_i2c_init], i2c_init DPDDC-A
[    0.283893] [drm:ironlake_edp_panel_vdd_on], Turn eDP VDD on
[    0.283897] [drm:ironlake_edp_panel_vdd_on], eDP VDD already on
[    0.284325] [drm:ironlake_edp_panel_vdd_off], Turn eDP VDD off 1
[    0.284328] [drm:intel_panel_get_backlight], get backlight PWM = 4302
[    0.284332] [drm:intel_panel_get_max_backlight], max backlight PWM = 4882
[    0.284349] [drm:intel_panel_get_backlight], get backlight PWM = 4302
[    0.284376] [drm:intel_crt_init], pch crt adpa set to 0xf40000
[    0.284418] [drm:intel_dp_i2c_init], i2c_init DPDDC-D
[    0.286983] [drm:intel_dp_aux_ch], dp_aux_ch timeout status 0x5145003f
[    0.286985] [drm:intel_dp_i2c_aux_ch], aux_ch failed -110
[    0.289541] [drm:intel_dp_aux_ch], dp_aux_ch timeout status 0x5145003f
[    0.289556] [drm:intel_dp_i2c_aux_ch], aux_ch failed -110
[    0.289573] [drm:ironlake_edp_backlight_off], 
[    0.290582] [drm:ironlake_edp_panel_off], Turn eDP power off
[    0.290588] [drm:ironlake_wait_panel_off], Wait for panel power off time
[    0.290593] [drm:ironlake_wait_panel_status], mask b000000f value 00000000 status 80000008 control abcd0000
[    0.882040] [drm:ironlake_edp_panel_vdd_on], Turn eDP VDD on
[    0.882062] [drm:ironlake_wait_panel_power_cycle], Wait for panel power cycle
[    0.882067] [drm:ironlake_wait_panel_status], mask b800000f value 00000000 status 00000000 control abcd0000
[    0.882076] [drm:ironlake_edp_panel_vdd_on], PCH_PP_STATUS: 0x00000000 PCH_PP_CONTROL: 0xabcd0008
[    0.882081] [drm:ironlake_edp_panel_vdd_on], eDP was not running
[    1.082406] [drm:ironlake_edp_panel_vdd_off], Turn eDP VDD off 1
[    1.082618] [drm:ironlake_crtc_dpms], crtc 0/0 dpms off
[    1.082622] [drm:gm45_get_vblank_counter], trying to get vblank count for disabled pipe A
[    1.082625] [drm:i915_get_vblank_timestamp], crtc 0 is disabled
[    1.082629] [drm:gm45_get_vblank_counter], trying to get vblank count for disabled pipe A
[    1.083271] [drm:intel_update_fbc], 
[    1.083276] [drm:ironlake_crtc_dpms], crtc 1/1 dpms off
[    1.083279] [drm:gm45_get_vblank_counter], trying to get vblank count for disabled pipe B
[    1.083282] [drm:i915_get_vblank_timestamp], crtc 1 is disabled
[    1.083286] [drm:gm45_get_vblank_counter], trying to get vblank count for disabled pipe B
[    1.083926] [drm:intel_update_fbc], 
[    1.083930] [drm:ironlake_crtc_dpms], crtc 2/2 dpms off
[    1.083932] [drm:gm45_get_vblank_counter], trying to get vblank count for disabled pipe C
[    1.083935] [drm:i915_get_vblank_timestamp], crtc 2 is disabled
[    1.083939] [drm:gm45_get_vblank_counter], trying to get vblank count for disabled pipe C
[    1.084374] [drm:intel_update_fbc], 
[    1.084379] [drm:ironlake_init_pch_refclk], has_panel 1 has_lvds 0 has_pch_edp 0 has_cpu_edp 1 has_ck505 0
[    1.084384] [drm:ironlake_init_pch_refclk], Using SSC on panel
[    1.084589] [drm:ironlake_init_pch_refclk], Using SSC on eDP
[    1.084813] [drm] Enabling RC6 states: RC6 off, RC6p off, RC6pp off
[    1.126131] [drm:init_status_page], render ring hws offset: 0x00000000
[    1.126230] [drm:init_status_page], gen6 bsd ring hws offset: 0x00022000
[    1.126320] [drm:init_status_page], blt ring hws offset: 0x00043000
[    1.126465] [drm:ironlake_edp_backlight_off], 
[    1.127133] [drm:ironlake_edp_panel_off], Turn eDP power off
[    1.127152] [drm:ironlake_wait_panel_off], Wait for panel power off time
[    1.127158] [drm:ironlake_wait_panel_status], mask b000000f value 00000000 status 00000000 control abcd0000
[    1.127163] [drm:ironlake_edp_panel_vdd_on], Turn eDP VDD on
[    1.127168] [drm:ironlake_wait_panel_power_cycle], Wait for panel power cycle
[    1.127172] [drm:ironlake_wait_panel_status], mask b800000f value 00000000 status 00000000 control abcd0000
[    1.127180] [drm:ironlake_edp_panel_vdd_on], PCH_PP_STATUS: 0x00000000 PCH_PP_CONTROL: 0xabcd0008
[    1.127185] [drm:ironlake_edp_panel_vdd_on], eDP was not running
[    1.222121] Refined TSC clocksource calibration: 2294.787 MHz.
[    1.222124] Switching to clocksource tsc
[    1.328260] [drm:ironlake_edp_panel_vdd_off], Turn eDP VDD off 1
[    1.328475] [drm:drm_helper_probe_single_connector_modes], [CONNECTOR:9:eDP-1]
[    1.328478] [drm:intel_dp_detect], DPCD: 110a8441000001c0
[    1.328482] [drm:ironlake_edp_panel_vdd_on], Turn eDP VDD on
[    1.328485] [drm:ironlake_edp_panel_vdd_on], eDP VDD already on
[    1.329813] [drm:i2c_algo_dp_aux_xfer], dp_aux_xfer return 2
[    1.369863] [drm:i2c_algo_dp_aux_xfer], dp_aux_xfer return 2
[    1.369866] [drm:ironlake_edp_panel_vdd_off], Turn eDP VDD off 1
[    1.369869] [drm:ironlake_edp_panel_vdd_on], Turn eDP VDD on
[    1.369873] [drm:ironlake_edp_panel_vdd_on], eDP VDD already on
[    1.371200] [drm:i2c_algo_dp_aux_xfer], dp_aux_xfer return 2
[    1.411271] [drm:i2c_algo_dp_aux_xfer], dp_aux_xfer return 2
[    1.411279] [drm:drm_edid_to_eld], ELD: no CEA Extension found
[    1.411281] [drm:ironlake_edp_panel_vdd_off], Turn eDP VDD off 1
[    1.411285] [drm:drm_helper_probe_single_connector_modes], [CONNECTOR:9:eDP-1] probed modes :
[    1.411289] [drm:drm_mode_debug_printmodeline], Modeline 21:"2560x1700" 60 285250 2560 2608 2640 2720 1700 1703 1713 1749 0x48 0xa
[    1.411295] [drm:drm_helper_probe_single_connector_modes], [CONNECTOR:14:VGA-1]
[    1.411299] [drm:intel_ironlake_crt_detect_hotplug], trigger hotplug detect cycle: adpa=0xf40000
[    1.419750] [drm:intel_ironlake_crt_detect_hotplug], ironlake hotplug adpa=0xf40000, result 0
[    1.419758] [drm:intel_crt_detect], CRT not detected via hotplug
[    1.419777] [drm:drm_helper_probe_single_connector_modes], [CONNECTOR:14:VGA-1] disconnected
[    1.419780] [drm:drm_helper_probe_single_connector_modes], [CONNECTOR:17:HDMI-A-1]
[    1.420005] [drm:gmbus_xfer], GMBUS [i915 gmbus dpd] NAK for addr: 0050 r(1)
[    1.420013] [drm:drm_do_probe_ddc_edid], drm: skipping non-existent adapter i915 gmbus dpd
[    1.420031] [drm:drm_helper_probe_single_connector_modes], [CONNECTOR:17:HDMI-A-1] disconnected
[    1.420035] [drm:drm_helper_probe_single_connector_modes], [CONNECTOR:18:DP-1]
[    1.422591] [drm:intel_dp_aux_ch], dp_aux_ch timeout status 0x5145003f
[    1.426524] [drm:intel_dp_aux_ch], dp_aux_ch timeout status 0x5145003f
[    1.430522] [drm:intel_dp_aux_ch], dp_aux_ch timeout status 0x5145003f
[    1.431966] [drm:intel_dp_detect], DPCD: 0000000000000000
[    1.431974] [drm:drm_helper_probe_single_connector_modes], [CONNECTOR:18:DP-1] disconnected
[    1.431993] [drm:drm_setup_crtcs], 
[    1.431995] [drm:drm_enable_connectors], connector 9 enabled? yes
[    1.431998] [drm:drm_enable_connectors], connector 14 enabled? no
[    1.432000] [drm:drm_enable_connectors], connector 17 enabled? no
[    1.432003] [drm:drm_enable_connectors], connector 18 enabled? no
[    1.432005] [drm:drm_target_preferred], looking for cmdline mode on connector 9
[    1.432008] [drm:drm_target_preferred], looking for preferred mode on connector 9
[    1.432011] [drm:drm_target_preferred], found mode 2560x1700
[    1.432014] [drm:drm_setup_crtcs], picking CRTCs for 8192x8192 config
[    1.432017] [drm:drm_setup_crtcs], desired mode 2560x1700 set on crtc 3
[    1.446251] [drm:intelfb_create], allocated 2560x1700 fb: 0x00064000, bo ffff880148ddb600
[    1.446315] fbcon: inteldrmfb (fb0) is primary device
[    1.446363] [drm:drm_crtc_helper_set_config], 
[    1.446365] [drm:drm_crtc_helper_set_config], [CRTC:3] [FB:24] #connectors=1 (x y) (0 0)
[    1.446372] [drm:drm_crtc_helper_set_config], crtc has no fb, full mode set
[    1.446374] [drm:drm_crtc_helper_set_config], modes are different, full mode set
[    1.446376] [drm:drm_mode_debug_printmodeline], Modeline 0:"" 0 0 0 0 0 0 0 0 0 0 0x0 0x0
[    1.446380] [drm:drm_mode_debug_printmodeline], Modeline 23:"2560x1700" 60 285250 2560 2608 2640 2720 1700 1703 1713 1749 0x48 0xa
[    1.446384] [drm:drm_crtc_helper_set_config], encoder changed, full mode switch
[    1.446387] [drm:drm_crtc_helper_set_config], crtc changed, full mode switch
[    1.446389] [drm:drm_crtc_helper_set_config], [CONNECTOR:9:eDP-1] to [CRTC:3]
[    1.446392] [drm:drm_crtc_helper_set_config], attempting to set mode from userspace
[    1.446394] [drm:drm_mode_debug_printmodeline], Modeline 23:"2560x1700" 60 285250 2560 2608 2640 2720 1700 1703 1713 1749 0x48 0xa
[    1.446399] [drm:intel_dp_mode_fixup], Display port link bw 0a lane count 4 clock 270000
[    1.446402] [drm:drm_crtc_helper_set_mode], [CRTC:3]
[    1.446404] [drm:ironlake_edp_backlight_off], 
[    1.446963] [drm:ironlake_edp_panel_off], Turn eDP power off
[    1.446984] [drm:ironlake_wait_panel_off], Wait for panel power off time
[    1.446988] [drm:ironlake_wait_panel_status], mask b000000f value 00000000 status 00000000 control abcd0000
[    1.446993] [drm:ironlake_edp_panel_vdd_on], Turn eDP VDD on
[    1.446997] [drm:ironlake_wait_panel_power_cycle], Wait for panel power cycle
[    1.447001] [drm:ironlake_wait_panel_status], mask b800000f value 00000000 status 00000000 control abcd0000
[    1.447009] [drm:ironlake_edp_panel_vdd_on], PCH_PP_STATUS: 0x00000000 PCH_PP_CONTROL: 0xabcd0008
[    1.447013] [drm:ironlake_edp_panel_vdd_on], eDP was not running
[    1.648063] [drm:ironlake_edp_panel_vdd_off], Turn eDP VDD off 1
[    1.648077] [drm:intel_choose_pipe_bpp_dither], clamping display bpc (was -1) to eDP (6)
[    1.648080] [drm:intel_choose_pipe_bpp_dither], setting pipe bpc to 8 (max display bpc 6)
[    1.648082] [drm:ironlake_crtc_mode_set], Mode for pipe 0:
[    1.648084] [drm:drm_mode_debug_printmodeline], Modeline 23:"2560x1700" 60 285250 2560 2608 2640 2720 1700 1703 1713 1749 0x48 0xa
[    1.648094] [drm:ironlake_set_pll_edp], eDP PLL enable for clock 270000
[    1.698869] [drm:intel_wait_for_vblank], vblank wait timed out
[    1.698875] [drm:ironlake_update_plane], Writing base 00064000 00000000 0 0 10240
[    1.698882] [drm:intel_update_fbc], 
[    1.698899] [drm:sandybridge_update_wm], FIFO watermarks For pipe A - plane 24, cursor: 6
[    1.698902] [drm:ironlake_check_srwm], watermark 1: display plane 38, fbc lines 3, cursor 6
[    1.698905] [drm:ironlake_check_srwm], watermark 2: display plane 145, fbc lines 3, cursor 6
[    1.698908] [drm:ironlake_check_srwm], watermark 3: display plane 288, fbc lines 4, cursor 10
[    1.698912] [drm:drm_crtc_helper_set_mode], [ENCODER:10:TMDS-10] set [MODE:23:2560x1700]
[    1.698914] [drm:ironlake_edp_pll_on], 
[    1.699117] [drm:sandybridge_update_wm], FIFO watermarks For pipe A - plane 24, cursor: 6
[    1.699119] [drm:ironlake_check_srwm], watermark 1: display plane 38, fbc lines 3, cursor 6
[    1.699122] [drm:ironlake_check_srwm], watermark 2: display plane 145, fbc lines 3, cursor 6
[    1.699125] [drm:ironlake_check_srwm], watermark 3: display plane 288, fbc lines 4, cursor 10
[    1.749850] [drm:intel_wait_for_vblank], vblank wait timed out
[    1.800871] [drm:intel_wait_for_vblank], vblank wait timed out
[    1.800876] [drm:intel_update_fbc], 
[    1.800879] [drm:ironlake_edp_panel_vdd_on], Turn eDP VDD on
[    1.800885] [drm:ironlake_edp_panel_vdd_on], eDP VDD already on
[    1.812034] [drm:intel_dp_start_link_train], too many full retries, give up
[    1.812036] [drm:ironlake_edp_panel_on], Turn eDP power on
[    1.812040] [drm:ironlake_wait_panel_power_cycle], Wait for panel power cycle
[    1.812044] [drm:ironlake_wait_panel_status], mask b800000f value 00000000 status 00000000 control abcd0008
[    1.812051] [drm:ironlake_wait_panel_on], Wait for panel power on
[    1.812055] [drm:ironlake_wait_panel_status], mask b000000f value 80000008 status 0000000a control abcd000b
[    2.212894] [drm:ironlake_edp_panel_vdd_off], Turn eDP VDD off 1
[    2.212905] [drm:ironlake_panel_vdd_off_sync], PCH_PP_STATUS: 0x80000008 PCH_PP_CONTROL: 0xabcd0003
[    2.220644] [drm:intel_dp_link_down], 
[    2.240466] [drm:intel_dp_start_link_train], clock recovery OK
[    2.241515] [drm:intel_prepare_page_flip], preparing flip with no unpin work?
[    2.241683] [drm:ironlake_edp_backlight_on], 
[    2.442986] [drm:drm_crtc_helper_set_config], Setting connector DPMS state to on
[    2.442989] [drm:drm_crtc_helper_set_config], 	[CONNECTOR:9:eDP-1] set DPMS on
[    2.443001] [drm:drm_crtc_helper_set_config], 
[    2.443002] [drm:drm_crtc_helper_set_config], [CRTC:5] [NOFB]
[    2.443013] [drm:drm_crtc_helper_set_config], 
[    2.443014] [drm:drm_crtc_helper_set_config], [CRTC:7] [NOFB]
[    2.443046] [drm:drm_crtc_helper_set_config], 
[    2.443047] [drm:drm_crtc_helper_set_config], [CRTC:3] [FB:24] #connectors=1 (x y) (0 0)
[    2.443053] [drm:drm_crtc_helper_set_config], [CONNECTOR:9:eDP-1] to [CRTC:3]
[    2.460598] Console: switching to colour frame buffer device 320x106
[    2.460603] [drm:drm_crtc_helper_set_config], 
[    2.460604] [drm:drm_crtc_helper_set_config], [CRTC:3] [FB:24] #connectors=1 (x y) (0 0)
[    2.460609] [drm:drm_crtc_helper_set_config], [CONNECTOR:9:eDP-1] to [CRTC:3]
[    2.478164] fb0: inteldrmfb frame buffer device
[    2.478166] drm: registered panic notifier
[    2.478178] [drm] Initialized i915 1.6.0 20080730 for 0000:00:02.0 on minor 0
[    2.479003] loop: module loaded
[    2.479050] ahci 0000:00:1f.2: version 3.0
[    2.479108] ahci 0000:00:1f.2: irq 42 for MSI/MSI-X
[    2.479143] ahci: SSS flag set, parallel bus scan disabled
[    2.479168] ahci 0000:00:1f.2: AHCI 0001.0300 32 slots 6 ports 6 Gbps 0x1 impl SATA mode
[    2.479172] ahci 0000:00:1f.2: flags: 64bit ncq sntf ilck stag pm led clo pio slum part apst 
[    2.479179] ahci 0000:00:1f.2: setting latency timer to 64
[    2.479602] scsi0 : ahci
[    2.479665] scsi1 : ahci
[    2.479714] scsi2 : ahci
[    2.479764] scsi3 : ahci
[    2.479813] scsi4 : ahci
[    2.479861] scsi5 : ahci
[    2.479949] ata1: SATA max UDMA/133 abar m2048@0xe0505000 port 0xe0505100 irq 42
[    2.479952] ata2: DUMMY
[    2.479953] ata3: DUMMY
[    2.479955] ata4: DUMMY
[    2.479956] ata5: DUMMY
[    2.479957] ata6: DUMMY
[    2.480017] hso: /home/rminnich/trunk/src/third_party/kernel/files/drivers/net/usb/hso.c: Option Wireless
[    2.480033] usbcore: registered new interface driver hso
[    2.480077] ehci_hcd: USB 2.0 'Enhanced' Host Controller (EHCI) Driver
[    2.480106] ehci_hcd 0000:00:1a.0: setting latency timer to 64
[    2.480111] ehci_hcd 0000:00:1a.0: EHCI Host Controller
[    2.480165] ehci_hcd 0000:00:1a.0: new USB bus registered, assigned bus number 1
[    2.480192] ehci_hcd 0000:00:1a.0: debug port 2
[    2.484092] ehci_hcd 0000:00:1a.0: cache line size of 64 is not supported
[    2.484108] ehci_hcd 0000:00:1a.0: irq 21, io mem 0xe0505800
[    2.489433] ehci_hcd 0000:00:1a.0: USB 2.0 started, EHCI 1.00
[    2.489469] usb usb1: New USB device found, idVendor=1d6b, idProduct=0002
[    2.489472] usb usb1: New USB device strings: Mfr=3, Product=2, SerialNumber=1
[    2.489475] usb usb1: Product: EHCI Host Controller
[    2.489477] usb usb1: Manufacturer: Linux 3.4.0 ehci_hcd
[    2.489479] usb usb1: SerialNumber: 0000:00:1a.0
[    2.489572] hub 1-0:1.0: USB hub found
[    2.489576] hub 1-0:1.0: 7 ports detected
[    2.489661] ehci_hcd 0000:00:1d.0: setting latency timer to 64
[    2.489665] ehci_hcd 0000:00:1d.0: EHCI Host Controller
[    2.489712] ehci_hcd 0000:00:1d.0: new USB bus registered, assigned bus number 2
[    2.489738] ehci_hcd 0000:00:1d.0: debug port 2
[    2.493637] ehci_hcd 0000:00:1d.0: cache line size of 64 is not supported
[    2.493653] ehci_hcd 0000:00:1d.0: irq 19, io mem 0xe0505c00
[    2.499449] ehci_hcd 0000:00:1d.0: USB 2.0 started, EHCI 1.00
[    2.499466] usb usb2: New USB device found, idVendor=1d6b, idProduct=0002
[    2.499469] usb usb2: New USB device strings: Mfr=3, Product=2, SerialNumber=1
[    2.499471] usb usb2: Product: EHCI Host Controller
[    2.499473] usb usb2: Manufacturer: Linux 3.4.0 ehci_hcd
[    2.499475] usb usb2: SerialNumber: 0000:00:1d.0
[    2.499559] hub 2-0:1.0: USB hub found
[    2.499562] hub 2-0:1.0: 11 ports detected
[    2.499640] ohci_hcd: USB 1.1 'Open' Host Controller (OHCI) Driver
[    2.499650] uhci_hcd: USB Universal Host Controller Interface driver
[    2.499676] usbcore: registered new interface driver cdc_acm
[    2.499678] cdc_acm: USB Abstract Control Model driver for USB modems and ISDN adapters
[    2.499680] Initializing USB Mass Storage driver...
[    2.499700] usbcore: registered new interface driver usb-storage
[    2.499701] USB Mass Storage support registered.
[    2.499718] usbcore: registered new interface driver libusual
[    2.499728] usbcore: registered new interface driver ums-realtek
[    2.499748] usbcore: registered new interface driver usbserial
[    2.499758] usbcore: registered new interface driver usbserial_generic
[    2.499766] USB Serial support registered for generic
[    2.499768] usbserial: USB Serial Driver core
[    2.499815] i8042: PNP: PS/2 Controller [PNP0303:PS2K] at 0x60,0x64 irq 1
[    2.499817] i8042: PNP: PS/2 appears to have AUX port disabled, if this is incorrect please boot with i8042.nopnp
[    2.500023] i8042: Warning: Keylock active
[    2.500212] serio: i8042 KBD port at 0x60,0x64 irq 1
[    2.500285] mousedev: PS/2 mouse device common for all mice
[    2.500729] device-mapper: ioctl: 4.22.0-ioctl (2011-10-19) initialised: dm-devel@redhat.com
[    2.500746] device-mapper: verity: version 0.1.0 loaded
[    2.500748] device-mapper: verity-chromeos: dm-verity-chromeos registered
[    2.500830] cpuidle: using governor ladder
[    2.500935] cpuidle: using governor menu
[    2.500978] usbcore: registered new interface driver usbhid
[    2.500980] usbhid: USB HID core driver
[    2.501100] [drm:gmbus_xfer], GMBUS [i915 gmbus panel] NAK for addr: 0026 w(0)
[    2.501127] input: AT Translated Set 2 keyboard as /devices/platform/i8042/serio0/input/input6
[    2.506802] atmel_mxt_ts 2-004a: Information Block Checksum = 291434
[    2.506813] atmel_mxt_ts 2-004a: Type 37 Start 148 Size 130 Instances  1 ReportIDs   0 :   0
[    2.506832] atmel_mxt_ts 2-004a: Type 44 Start 278 Size   1 Instances  1 ReportIDs   0 :   0
[    2.506835] atmel_mxt_ts 2-004a: Type  5 Start 279 Size   9 Instances  1 ReportIDs   0 :   0
[    2.506838] atmel_mxt_ts 2-004a: Type  6 Start 288 Size   6 Instances  1 ReportIDs   1 :   1
[    2.506842] atmel_mxt_ts 2-004a: Type 38 Start 294 Size  64 Instances  1 ReportIDs   0 :   0
[    2.506845] atmel_mxt_ts 2-004a: Type  7 Start 358 Size   4 Instances  1 ReportIDs   0 :   0
[    2.506848] atmel_mxt_ts 2-004a: Type  8 Start 362 Size  10 Instances  1 ReportIDs   0 :   0
[    2.506851] atmel_mxt_ts 2-004a: Type  9 Start 372 Size  36 Instances  2 ReportIDs   2 :  33
[    2.506854] atmel_mxt_ts 2-004a: Type 15 Start 444 Size  11 Instances  1 ReportIDs  34 :  34
[    2.506857] atmel_mxt_ts 2-004a: Type 18 Start 455 Size   2 Instances  1 ReportIDs   0 :   0
[    2.506861] atmel_mxt_ts 2-004a: Type 24 Start 457 Size  19 Instances  2 ReportIDs  35 :  42
[    2.506864] atmel_mxt_ts 2-004a: Type 25 Start 495 Size  15 Instances  1 ReportIDs  43 :  43
[    2.506867] atmel_mxt_ts 2-004a: Type 27 Start 510 Size   7 Instances  2 ReportIDs  44 :  45
[    2.506870] atmel_mxt_ts 2-004a: Type 40 Start 524 Size   5 Instances  2 ReportIDs   0 :   0
[    2.506873] atmel_mxt_ts 2-004a: Type 42 Start 534 Size  10 Instances  2 ReportIDs  46 :  47
[    2.506876] atmel_mxt_ts 2-004a: Type 43 Start 554 Size  11 Instances  1 ReportIDs   0 :   0
[    2.506879] atmel_mxt_ts 2-004a: Type 46 Start 565 Size  11 Instances  1 ReportIDs  48 :  48
[    2.506882] atmel_mxt_ts 2-004a: Type 47 Start 576 Size  20 Instances  2 ReportIDs   0 :   0
[    2.506885] atmel_mxt_ts 2-004a: Type 55 Start 616 Size   6 Instances  2 ReportIDs   0 :   0
[    2.506888] atmel_mxt_ts 2-004a: Type 56 Start 628 Size  51 Instances  1 ReportIDs  49 :  49
[    2.506891] atmel_mxt_ts 2-004a: Type 57 Start 679 Size   3 Instances  2 ReportIDs  50 :  51
[    2.506894] atmel_mxt_ts 2-004a: Type 61 Start 685 Size   5 Instances  2 ReportIDs  52 :  53
[    2.506897] atmel_mxt_ts 2-004a: Type 62 Start 695 Size  74 Instances  1 ReportIDs  54 :  54
[    2.506899] atmel_mxt_ts 2-004a: No platform data provided
[    2.589409] ata1: SATA link up 6.0 Gbps (SStatus 133 SControl 300)
[    2.591358] ata1.00: ATA-9: SanDisk SSD i100 32GB, 11.50.00, max UDMA/133
[    2.591387] ata1.00: 62533296 sectors, multi 1: LBA48 NCQ (depth 31/32)
[    2.591919] ata1.00: configured for UDMA/133
[    2.592134] scsi 0:0:0:0: Direct-Access     ATA      SanDisk SSD i100 11.5 PQ: 0 ANSI: 5
[    2.592345] sd 0:0:0:0: [sda] 62533296 512-byte logical blocks: (32.0 GB/29.8 GiB)
[    2.592483] sd 0:0:0:0: [sda] Write Protect is off
[    2.592488] sd 0:0:0:0: [sda] Mode Sense: 00 3a 00 00
[    2.592555] sd 0:0:0:0: [sda] Write cache: enabled, read cache: enabled, doesn't support DPO or FUA
[    2.596320]  sda: sda1
[    2.596749] sd 0:0:0:0: [sda] Attached SCSI disk
[    2.791324] usb 1-1: new high-speed USB device number 2 using ehci_hcd
[    2.905625] usb 1-1: New USB device found, idVendor=8087, idProduct=0024
[    2.905634] usb 1-1: New USB device strings: Mfr=0, Product=0, SerialNumber=0
[    2.906061] hub 1-1:1.0: USB hub found
[    2.906243] hub 1-1:1.0: 6 ports detected
[    3.009195] usb 2-1: new high-speed USB device number 2 using ehci_hcd
[    3.123510] usb 2-1: New USB device found, idVendor=8087, idProduct=0024
[    3.123520] usb 2-1: New USB device strings: Mfr=0, Product=0, SerialNumber=0
[    3.123954] hub 2-1:1.0: USB hub found
[    3.124129] hub 2-1:1.0: 6 ports detected
[    3.130203] atmel_mxt_ts 2-004a: Family ID: 162 Variant ID: 0 Major.Minor.Build: 0.9.170
[    3.130214] atmel_mxt_ts 2-004a: Matrix X Size: 32 Matrix Y Size: 52 Object Num: 23
[    3.131436] input: Atmel maXTouch Touchscreen as /devices/pci0000:00/0000:00:02.0/i2c-2/2-004a/input/input7
[    3.137757] atmel_mxt_ts 2-004a: Status: 80 Config Checksum: 57cecd
[    3.187252] usb 1-1.1: new high-speed USB device number 3 using ehci_hcd
[    3.240916] cyapa 1-0067: Cypress APA Trackpad Information:
[    3.240919]     Product ID:  CYTRA-115001-00
[    3.240922]     Protocol Generation:  3
[    3.240923]     Firmware Version:  3.0
[    3.240925]     Hardware Version:  3.0
[    3.240927]     Max ABS X,Y:   1280,680
[    3.240929]     Physical Size X,Y:   101,62
[    3.241078] input: cyapa as /devices/pci0000:00/0000:00:02.0/i2c-1/1-0067/input/input8
[    3.245409] Netfilter messages via NETLINK v0.30.
[    3.245419] nf_conntrack version 0.5.0 (16384 buckets, 65536 max)
[    3.245515] ctnetlink v0.93: registering with nfnetlink.
[    3.245626] ip_tables: (C) 2000-2006 Netfilter Core Team
[    3.245651] TCP: cubic registered
[    3.245653] Initializing XFRM netlink socket
[    3.245776] NET: Registered protocol family 10
[    3.245982] NET: Registered protocol family 17
[    3.246513] registered taskstats version 1
[    3.246813]   Magic number: 13:818:816
[    3.247231] ALSA device list:
[    3.247233]   No soundcards found.
[    3.247499] Waiting for root device /dev/sdb3...
[    3.341393] usb 1-1.1: New USB device found, idVendor=2232, idProduct=1033
[    3.341403] usb 1-1.1: New USB device strings: Mfr=3, Product=2, SerialNumber=0
[    3.341409] usb 1-1.1: Product: Namuga HD WebCam
[    3.341414] usb 1-1.1: Manufacturer: Namuga
[    3.484200] usb 1-1.2: new full-speed USB device number 4 using ehci_hcd
[    3.571523] usb 1-1.2: string descriptor 0 read error: -22
[    3.571534] usb 1-1.2: New USB device found, idVendor=0489, idProduct=e057
[    3.571541] usb 1-1.2: New USB device strings: Mfr=1, Product=2, SerialNumber=3
[    3.645116] usb 2-1.2: new high-speed USB device number 3 using ehci_hcd
[    3.732069] usb 2-1.2: New USB device found, idVendor=13fe, idProduct=3800
[    3.732079] usb 2-1.2: New USB device strings: Mfr=1, Product=2, SerialNumber=3
[    3.732085] usb 2-1.2: Product: Patriot Memory
[    3.732089] usb 2-1.2: Manufacturer:         
[    3.732094] usb 2-1.2: SerialNumber: 07BC0A015914D1E6
[    3.733012] scsi6 : usb-storage 2-1.2:1.0
[    3.806032] usb 2-1.3: new high-speed USB device number 4 using ehci_hcd
[    3.891235] usb 2-1.3: New USB device found, idVendor=0409, idProduct=005a
[    3.891245] usb 2-1.3: New USB device strings: Mfr=0, Product=0, SerialNumber=0
[    3.891677] hub 2-1.3:1.0: USB hub found
[    3.891856] hub 2-1.3:1.0: 4 ports detected
[    4.164846] usb 2-1.3.1: new low-speed USB device number 5 using ehci_hcd
[    4.272537] usb 2-1.3.1: New USB device found, idVendor=04f2, idProduct=0403
[    4.272547] usb 2-1.3.1: New USB device strings: Mfr=1, Product=2, SerialNumber=0
[    4.272553] usb 2-1.3.1: Product: USB Keyboard
[    4.272558] usb 2-1.3.1: Manufacturer: Chicony
[    4.282252] input: Chicony USB Keyboard as /devices/pci0000:00/0000:00:1d.0/usb2/2-1/2-1.3/2-1.3.1/2-1.3.1:1.0/input/input9
[    4.282634] generic-usb 0003:04F2:0403.0001: input,hidraw0: USB HID v1.11 Keyboard [Chicony USB Keyboard] on usb-0000:00:1d.0-1.3.1/input0
[    4.303565] input: Chicony USB Keyboard as /devices/pci0000:00/0000:00:1d.0/usb2/2-1/2-1.3/2-1.3.1/2-1.3.1:1.1/input/input10
[    4.304127] generic-usb 0003:04F2:0403.0002: input,hiddev0,hidraw1: USB HID v1.11 Device [Chicony USB Keyboard] on usb-0000:00:1d.0-1.3.1/input1
[    4.377741] usb 2-1.3.2: new high-speed USB device number 6 using ehci_hcd
[    4.478178] usb 2-1.3.2: New USB device found, idVendor=0b95, idProduct=1780
[    4.478188] usb 2-1.3.2: New USB device strings: Mfr=1, Product=2, SerialNumber=3
[    4.478194] usb 2-1.3.2: Product: AX88178 
[    4.478199] usb 2-1.3.2: Manufacturer: ASIX Elec. Corp.
[    4.478204] usb 2-1.3.2: SerialNumber: 000002
[    4.553642] usb 2-1.3.3: new low-speed USB device number 7 using ehci_hcd
[    4.645218] usb 2-1.3.3: New USB device found, idVendor=046d, idProduct=c03d
[    4.645228] usb 2-1.3.3: New USB device strings: Mfr=1, Product=2, SerialNumber=0
[    4.645234] usb 2-1.3.3: Product: USB-PS/2 Optical Mouse
[    4.645239] usb 2-1.3.3: Manufacturer: Logitech
[    4.648962] input: Logitech USB-PS/2 Optical Mouse as /devices/pci0000:00/0000:00:1d.0/usb2/2-1/2-1.3/2-1.3.3/2-1.3.3:1.0/input/input11
[    4.649727] generic-usb 0003:046D:C03D.0003: input,hidraw2: USB HID v1.10 Mouse [Logitech USB-PS/2 Optical Mouse] on usb-0000:00:1d.0-1.3.3/input0
[    4.735248] scsi 6:0:0:0: Direct-Access              Patriot Memory   PMAP PQ: 0 ANSI: 0 CCS
[    4.737084] sd 6:0:0:0: [sdb] 15646720 512-byte logical blocks: (8.01 GB/7.46 GiB)
[    4.737698] sd 6:0:0:0: [sdb] Write Protect is off
[    4.737712] sd 6:0:0:0: [sdb] Mode Sense: 23 00 00 00
[    4.738281] sd 6:0:0:0: [sdb] No Caching mode page present
[    4.738289] sd 6:0:0:0: [sdb] Assuming drive cache: write through
[    4.753365] sd 6:0:0:0: [sdb] No Caching mode page present
[    4.753375] sd 6:0:0:0: [sdb] Assuming drive cache: write through
[    4.784441]  sdb: sdb1 sdb2 sdb3 sdb4 sdb5 sdb6 sdb7 sdb8 sdb9 sdb10 sdb11 sdb12
[    4.788726] sd 6:0:0:0: [sdb] No Caching mode page present
[    4.788735] sd 6:0:0:0: [sdb] Assuming drive cache: write through
[    4.788741] sd 6:0:0:0: [sdb] Attached SCSI removable disk
[    5.201185] VFS: Mounted root (ext2 filesystem) readonly on device 8:19.
[    5.202432] devtmpfs: mounted
[    5.339109] Freeing unused kernel memory: 628k freed
[    5.339278] Write protecting the kernel read-only data: 8192k
[    5.401118] Freeing unused kernel memory: 1596k freed
[    5.442191] Freeing unused kernel memory: 272k freed
[    5.897342] udevd[90]: starting version 171
[    6.919445] EXT4-fs (sdb1): recovery complete
[    6.924217] EXT4-fs (sdb1): mounted filesystem with ordered data mode. Opts: commit=600
[    7.426701] EXT4-fs (sdb1): re-mounted. Opts: commit=600,data=ordered
[    8.095252] [drm:i915_driver_open], 
[    8.095304] [drm:drm_crtc_helper_set_config], 
[    8.095310] [drm:drm_crtc_helper_set_config], [CRTC:3] [FB:24] #connectors=1 (x y) (0 0)
[    8.095327] [drm:drm_crtc_helper_set_config], [CONNECTOR:9:eDP-1] to [CRTC:3]
[    8.095386] [drm:i915_driver_open], 
[    8.095867] [drm:drm_mode_getresources], CRTC[3] CONNECTORS[4] ENCODERS[4]
[    8.095879] [drm:drm_mode_getresources], CRTC[3] CONNECTORS[4] ENCODERS[4]
[    8.095982] [drm:drm_mode_getconnector], [CONNECTOR:9:?]
[    8.095989] [drm:drm_helper_probe_single_connector_modes], [CONNECTOR:9:eDP-1]
[    8.095996] [drm:intel_dp_detect], DPCD: 110a8441000001c0
[    8.096004] [drm:ironlake_edp_panel_vdd_on], Turn eDP VDD on
[    8.096016] [drm:ironlake_edp_panel_vdd_on], PCH_PP_STATUS: 0x80000008 PCH_PP_CONTROL: 0xabcd000f
[    8.097349] [drm:i2c_algo_dp_aux_xfer], dp_aux_xfer return 2
[    8.137306] [drm:i2c_algo_dp_aux_xfer], dp_aux_xfer return 2
[    8.137319] [drm:ironlake_edp_panel_vdd_off], Turn eDP VDD off 1
[    8.137330] [drm:ironlake_edp_panel_vdd_on], Turn eDP VDD on
[    8.137337] [drm:ironlake_edp_panel_vdd_on], eDP VDD already on
[    8.138681] [drm:i2c_algo_dp_aux_xfer], dp_aux_xfer return 2
[    8.178670] [drm:i2c_algo_dp_aux_xfer], dp_aux_xfer return 2
[    8.178727] [drm:drm_edid_to_eld], ELD: no CEA Extension found
[    8.178733] [drm:ironlake_edp_panel_vdd_off], Turn eDP VDD off 1
[    8.178743] [drm:drm_helper_probe_single_connector_modes], [CONNECTOR:9:eDP-1] probed modes :
[    8.178751] [drm:drm_mode_debug_printmodeline], Modeline 21:"2560x1700" 60 285250 2560 2608 2640 2720 1700 1703 1713 1749 0x48 0xa
[    8.178773] [drm:drm_mode_getconnector], [CONNECTOR:9:?]
[    8.178892] [drm:drm_mode_getconnector], [CONNECTOR:14:?]
[    8.178901] [drm:drm_helper_probe_single_connector_modes], [CONNECTOR:14:VGA-1]
[    8.178909] [drm:intel_ironlake_crt_detect_hotplug], ironlake hotplug adpa=0xf40000, result 0
[    8.178917] [drm:intel_crt_detect], CRT not detected via hotplug
[    8.178924] [drm:drm_helper_probe_single_connector_modes], [CONNECTOR:14:VGA-1] disconnected
[    8.178932] [drm:drm_mode_getconnector], [CONNECTOR:14:?]
[    8.178938] [drm:drm_helper_probe_single_connector_modes], [CONNECTOR:14:VGA-1]
[    8.178945] [drm:intel_ironlake_crt_detect_hotplug], ironlake hotplug adpa=0xf40000, result 0
[    8.178952] [drm:intel_crt_detect], CRT not detected via hotplug
[    8.178957] [drm:drm_helper_probe_single_connector_modes], [CONNECTOR:14:VGA-1] disconnected
[    8.178996] [drm:drm_mode_getconnector], [CONNECTOR:17:?]
[    8.179001] [drm:drm_helper_probe_single_connector_modes], [CONNECTOR:17:HDMI-A-1]
[    8.179244] [drm:gmbus_xfer], GMBUS [i915 gmbus dpd] NAK for addr: 0050 r(1)
[    8.179257] [drm:drm_do_probe_ddc_edid], drm: skipping non-existent adapter i915 gmbus dpd
[    8.179287] [drm:drm_helper_probe_single_connector_modes], [CONNECTOR:17:HDMI-A-1] disconnected
[    8.179306] [drm:drm_mode_getconnector], [CONNECTOR:17:?]
[    8.179316] [drm:drm_helper_probe_single_connector_modes], [CONNECTOR:17:HDMI-A-1]
[    8.179528] [drm:gmbus_xfer], GMBUS [i915 gmbus dpd] NAK for addr: 0050 r(1)
[    8.179543] [drm:drm_do_probe_ddc_edid], drm: skipping non-existent adapter i915 gmbus dpd
[    8.179559] [drm:drm_helper_probe_single_connector_modes], [CONNECTOR:17:HDMI-A-1] disconnected
[    8.179645] [drm:drm_mode_getconnector], [CONNECTOR:18:?]
[    8.179660] [drm:drm_helper_probe_single_connector_modes], [CONNECTOR:18:DP-1]
[    8.182229] [drm:intel_dp_aux_ch], dp_aux_ch timeout status 0x5145003f
[    8.186071] [drm:intel_dp_aux_ch], dp_aux_ch timeout status 0x5145003f
[    8.190073] [drm:intel_dp_aux_ch], dp_aux_ch timeout status 0x5145003f
[    8.191514] [drm:intel_dp_detect], DPCD: 0000000000000000
[    8.191532] [drm:drm_helper_probe_single_connector_modes], [CONNECTOR:18:DP-1] disconnected
[    8.191546] [drm:drm_mode_getconnector], [CONNECTOR:18:?]
[    8.191554] [drm:drm_helper_probe_single_connector_modes], [CONNECTOR:18:DP-1]
[    8.194116] [drm:intel_dp_aux_ch], dp_aux_ch timeout status 0x5145003f
[    8.198063] [drm:intel_dp_aux_ch], dp_aux_ch timeout status 0x5145003f
[    8.202064] [drm:intel_dp_aux_ch], dp_aux_ch timeout status 0x5145003f
[    8.203504] [drm:intel_dp_detect], DPCD: 0000000000000000
[    8.203514] [drm:drm_helper_probe_single_connector_modes], [CONNECTOR:18:DP-1] disconnected
[    8.203692] [drm:drm_mode_getconnector], [CONNECTOR:9:?]
[    8.203700] [drm:drm_helper_probe_single_connector_modes], [CONNECTOR:9:eDP-1]
[    8.203706] [drm:intel_dp_detect], DPCD: 110a8441000001c0
[    8.203713] [drm:ironlake_edp_panel_vdd_on], Turn eDP VDD on
[    8.203719] [drm:ironlake_edp_panel_vdd_on], eDP VDD already on
[    8.205046] [drm:i2c_algo_dp_aux_xfer], dp_aux_xfer return 2
[    8.209137] init: tcsd main process (480) terminated with status 137
[    8.209194] init: tcsd main process ended, respawning
[    8.245039] [drm:i2c_algo_dp_aux_xfer], dp_aux_xfer return 2
[    8.245052] [drm:ironlake_edp_panel_vdd_off], Turn eDP VDD off 1
[    8.245061] [drm:ironlake_edp_panel_vdd_on], Turn eDP VDD on
[    8.245068] [drm:ironlake_edp_panel_vdd_on], eDP VDD already on
[    8.246413] [drm:i2c_algo_dp_aux_xfer], dp_aux_xfer return 2
[    8.286365] [drm:i2c_algo_dp_aux_xfer], dp_aux_xfer return 2
[    8.286399] [drm:drm_edid_to_eld], ELD: no CEA Extension found
[    8.286405] [drm:ironlake_edp_panel_vdd_off], Turn eDP VDD off 1
[    8.286416] [drm:drm_helper_probe_single_connector_modes], [CONNECTOR:9:eDP-1] probed modes :
[    8.286423] [drm:drm_mode_debug_printmodeline], Modeline 21:"2560x1700" 60 285250 2560 2608 2640 2720 1700 1703 1713 1749 0x48 0xa
[    8.286460] [drm:drm_mode_getconnector], [CONNECTOR:9:?]
[    8.287938] [drm:drm_mode_getconnector], [CONNECTOR:14:?]
[    8.287949] [drm:drm_helper_probe_single_connector_modes], [CONNECTOR:14:VGA-1]
[    8.287957] [drm:intel_ironlake_crt_detect_hotplug], ironlake hotplug adpa=0xf40000, result 0
[    8.287964] [drm:intel_crt_detect], CRT not detected via hotplug
[    8.287970] [drm:drm_helper_probe_single_connector_modes], [CONNECTOR:14:VGA-1] disconnected
[    8.287980] [drm:drm_mode_getconnector], [CONNECTOR:14:?]
[    8.287985] [drm:drm_helper_probe_single_connector_modes], [CONNECTOR:14:VGA-1]
[    8.287993] [drm:intel_ironlake_crt_detect_hotplug], ironlake hotplug adpa=0xf40000, result 0
[    8.288000] [drm:intel_crt_detect], CRT not detected via hotplug
[    8.288005] [drm:drm_helper_probe_single_connector_modes], [CONNECTOR:14:VGA-1] disconnected
[    8.288042] [drm:drm_mode_getconnector], [CONNECTOR:17:?]
[    8.288050] [drm:drm_helper_probe_single_connector_modes], [CONNECTOR:17:HDMI-A-1]
[    8.288285] [drm:gmbus_xfer], GMBUS [i915 gmbus dpd] NAK for addr: 0050 r(1)
[    8.288294] [drm:drm_do_probe_ddc_edid], drm: skipping non-existent adapter i915 gmbus dpd
[    8.288301] [drm:drm_helper_probe_single_connector_modes], [CONNECTOR:17:HDMI-A-1] disconnected
[    8.288311] [drm:drm_mode_getconnector], [CONNECTOR:17:?]
[    8.288317] [drm:drm_helper_probe_single_connector_modes], [CONNECTOR:17:HDMI-A-1]
[    8.288576] [drm:gmbus_xfer], GMBUS [i915 gmbus dpd] NAK for addr: 0050 r(1)
[    8.288605] [drm:drm_do_probe_ddc_edid], drm: skipping non-existent adapter i915 gmbus dpd
[    8.288617] [drm:drm_helper_probe_single_connector_modes], [CONNECTOR:17:HDMI-A-1] disconnected
[    8.288691] [drm:drm_mode_getconnector], [CONNECTOR:18:?]
[    8.288703] [drm:drm_helper_probe_single_connector_modes], [CONNECTOR:18:DP-1]
[    8.291286] [drm:intel_dp_aux_ch], dp_aux_ch timeout status 0x5145003f
[    8.295012] [drm:intel_dp_aux_ch], dp_aux_ch timeout status 0x5145003f
[    8.299008] [drm:intel_dp_aux_ch], dp_aux_ch timeout status 0x5145003f
[    8.300453] [drm:intel_dp_detect], DPCD: 0000000000000000
[    8.300464] [drm:drm_helper_probe_single_connector_modes], [CONNECTOR:18:DP-1] disconnected
[    8.300478] [drm:drm_mode_getconnector], [CONNECTOR:18:?]
[    8.300485] [drm:drm_helper_probe_single_connector_modes], [CONNECTOR:18:DP-1]
[    8.303035] [drm:intel_dp_aux_ch], dp_aux_ch timeout status 0x5145003f
[    8.307011] [drm:intel_dp_aux_ch], dp_aux_ch timeout status 0x5145003f
[    8.310991] [drm:intel_dp_aux_ch], dp_aux_ch timeout status 0x5145003f
[    8.312453] [drm:intel_dp_detect], DPCD: 0000000000000000
[    8.312470] [drm:drm_helper_probe_single_connector_modes], [CONNECTOR:18:DP-1] disconnected
[    8.348828] [drm:drm_mode_addfb], [FB:25]
[    8.970148] [drm:drm_mode_setcrtc], [CRTC:3]
[    8.970170] [drm:drm_mode_setcrtc], [CONNECTOR:9:eDP-1]
[    8.970182] [drm:drm_crtc_helper_set_config], 
[    8.970189] [drm:drm_crtc_helper_set_config], [CRTC:3] [FB:25] #connectors=1 (x y) (0 0)
[    8.970213] [drm:drm_crtc_helper_set_config], [CONNECTOR:9:eDP-1] to [CRTC:3]
[    8.971563] atmel_mxt_ts 2-004a: Status: 10 Config Checksum: 57cecd
[    8.988414] [drm:ironlake_update_plane], Writing base 01102000 00000000 0 0 10240
[    8.988428] [drm:intel_update_fbc], 
[    8.989498] ip6_tables: (C) 2000-2006 Netfilter Core Team
[    8.991550] [drm:intel_prepare_page_flip], preparing flip with no unpin work?
[    8.995809] atmel_mxt_ts 2-004a: Status: 00 Config Checksum: 57cecd
[    9.000483] cfg80211: Calling CRDA to update world regulatory domain
[    9.039100] [drm:intel_wait_for_vblank], vblank wait timed out
[    9.230771] ath: phy0: ASPM enabled: 0x43
[    9.230780] ath: EEPROM regdomain: 0x6c
[    9.230784] ath: EEPROM indicates we should expect a direct regpair map
[    9.230791] ath: Country alpha2 being used: 00
[    9.230795] ath: Regpair used: 0x6c
[    9.232763] ieee80211 phy0: Selected rate control algorithm 'ath9k_rate_control'
[    9.233451] Registered led device: ath9k-phy0
[    9.233466] ieee80211 phy0: Atheros AR9462 Rev:2 mem=0xffffc90015c00000, irq=18
[    9.480039] ieee80211 phy0: device now idle
[    9.484936] ADDRCONF(NETDEV_UP): wlan0: link is not ready
[    9.540676] atmel_mxt_ts 2-004a: Status: 10 Config Checksum: 57cecd
[    9.542283] asix 2-1.3.2:1.0: eth0: register 'asix' at usb-0000:00:1d.0-1.3.2, ASIX AX88178 USB 2.0 Ethernet, 00:0e:c6:89:03:75
[    9.542366] usbcore: registered new interface driver asix
[    9.563593] init: disable_echo main process (83) killed by TERM signal
[    9.564932] atmel_mxt_ts 2-004a: Status: 00 Config Checksum: 57cecd
[    9.593655] ieee80211 phy0: device no longer idle - scanning
[    9.668606] [drm:drm_mode_getconnector], [CONNECTOR:9:?]
[    9.668622] [drm:drm_helper_probe_single_connector_modes], [CONNECTOR:9:eDP-1]
[    9.668632] [drm:intel_dp_detect], DPCD: 110a8441000001c0
[    9.668642] [drm:ironlake_edp_panel_vdd_on], Turn eDP VDD on
[    9.668652] [drm:ironlake_edp_panel_vdd_on], eDP VDD already on
[    9.669989] [drm:i2c_algo_dp_aux_xfer], dp_aux_xfer return 2
[    9.710041] [drm:i2c_algo_dp_aux_xfer], dp_aux_xfer return 2
[    9.710054] [drm:ironlake_edp_panel_vdd_off], Turn eDP VDD off 1
[    9.710063] [drm:ironlake_edp_panel_vdd_on], Turn eDP VDD on
[    9.710071] [drm:ironlake_edp_panel_vdd_on], eDP VDD already on
[    9.711423] [drm:i2c_algo_dp_aux_xfer], dp_aux_xfer return 2
[    9.751424] [drm:i2c_algo_dp_aux_xfer], dp_aux_xfer return 2
[    9.751471] [drm:drm_edid_to_eld], ELD: no CEA Extension found
[    9.751479] [drm:ironlake_edp_panel_vdd_off], Turn eDP VDD off 1
[    9.751491] [drm:drm_helper_probe_single_connector_modes], [CONNECTOR:9:eDP-1] probed modes :
[    9.751499] [drm:drm_mode_debug_printmodeline], Modeline 21:"2560x1700" 60 285250 2560 2608 2640 2720 1700 1703 1713 1749 0x48 0xa
[    9.751536] [drm:drm_mode_getconnector], [CONNECTOR:9:?]
[    9.751781] [drm:drm_mode_getconnector], [CONNECTOR:14:?]
[    9.751790] [drm:drm_helper_probe_single_connector_modes], [CONNECTOR:14:VGA-1]
[    9.751799] [drm:intel_ironlake_crt_detect_hotplug], ironlake hotplug adpa=0xf40000, result 0
[    9.751810] [drm:intel_crt_detect], CRT not detected via hotplug
[    9.751820] [drm:drm_helper_probe_single_connector_modes], [CONNECTOR:14:VGA-1] disconnected
[    9.751832] [drm:drm_mode_getconnector], [CONNECTOR:14:?]
[    9.751842] [drm:drm_helper_probe_single_connector_modes], [CONNECTOR:14:VGA-1]
[    9.751852] [drm:intel_ironlake_crt_detect_hotplug], ironlake hotplug adpa=0xf40000, result 0
[    9.751863] [drm:intel_crt_detect], CRT not detected via hotplug
[    9.752051] [drm:drm_helper_probe_single_connector_modes], [CONNECTOR:14:VGA-1] disconnected
[    9.752072] [drm:drm_mode_getconnector], [CONNECTOR:17:?]
[    9.752080] [drm:drm_helper_probe_single_connector_modes], [CONNECTOR:17:HDMI-A-1]
[    9.752340] [drm:gmbus_xfer], GMBUS [i915 gmbus dpd] NAK for addr: 0050 r(1)
[    9.752351] [drm:drm_do_probe_ddc_edid], drm: skipping non-existent adapter i915 gmbus dpd
[    9.752361] [drm:drm_helper_probe_single_connector_modes], [CONNECTOR:17:HDMI-A-1] disconnected
[    9.752376] [drm:drm_mode_getconnector], [CONNECTOR:17:?]
[    9.752386] [drm:drm_helper_probe_single_connector_modes], [CONNECTOR:17:HDMI-A-1]
[    9.752629] [drm:gmbus_xfer], GMBUS [i915 gmbus dpd] NAK for addr: 0050 r(1)
[    9.752642] [drm:drm_do_probe_ddc_edid], drm: skipping non-existent adapter i915 gmbus dpd
[    9.752653] [drm:drm_helper_probe_single_connector_modes], [CONNECTOR:17:HDMI-A-1] disconnected
[    9.752675] [drm:drm_mode_getconnector], [CONNECTOR:18:?]
[    9.752683] [drm:drm_helper_probe_single_connector_modes], [CONNECTOR:18:DP-1]
[    9.755256] [drm:intel_dp_aux_ch], dp_aux_ch timeout status 0x5145003f
[    9.759251] [drm:intel_dp_aux_ch], dp_aux_ch timeout status 0x5145003f
[    9.763249] [drm:intel_dp_aux_ch], dp_aux_ch timeout status 0x5145003f
[    9.764703] [drm:intel_dp_detect], DPCD: 0000000000000000
[    9.764718] [drm:drm_helper_probe_single_connector_modes], [CONNECTOR:18:DP-1] disconnected
[    9.764736] [drm:drm_mode_getconnector], [CONNECTOR:18:?]
[    9.764746] [drm:drm_helper_probe_single_connector_modes], [CONNECTOR:18:DP-1]
[    9.767302] [drm:intel_dp_aux_ch], dp_aux_ch timeout status 0x5145003f
[    9.771239] [drm:intel_dp_aux_ch], dp_aux_ch timeout status 0x5145003f
[    9.775245] [drm:intel_dp_aux_ch], dp_aux_ch timeout status 0x5145003f
[    9.776693] [drm:intel_dp_detect], DPCD: 0000000000000000
[    9.776702] [drm:drm_helper_probe_single_connector_modes], [CONNECTOR:18:DP-1] disconnected
[    9.778971] [drm:drm_mode_getconnector], [CONNECTOR:9:?]
[    9.778986] [drm:drm_helper_probe_single_connector_modes], [CONNECTOR:9:eDP-1]
[    9.778994] [drm:intel_dp_detect], DPCD: 110a8441000001c0
[    9.779003] [drm:ironlake_edp_panel_vdd_on], Turn eDP VDD on
[    9.779010] [drm:ironlake_edp_panel_vdd_on], eDP VDD already on
[    9.780339] [drm:i2c_algo_dp_aux_xfer], dp_aux_xfer return 2
[    9.820349] [drm:i2c_algo_dp_aux_xfer], dp_aux_xfer return 2
[    9.820360] [drm:ironlake_edp_panel_vdd_off], Turn eDP VDD off 1
[    9.820368] [drm:ironlake_edp_panel_vdd_on], Turn eDP VDD on
[    9.820374] [drm:ironlake_edp_panel_vdd_on], eDP VDD already on
[    9.821721] [drm:i2c_algo_dp_aux_xfer], dp_aux_xfer return 2
[    9.861712] [drm:i2c_algo_dp_aux_xfer], dp_aux_xfer return 2
[    9.861751] [drm:drm_edid_to_eld], ELD: no CEA Extension found
[    9.861757] [drm:ironlake_edp_panel_vdd_off], Turn eDP VDD off 1
[    9.861769] [drm:drm_helper_probe_single_connector_modes], [CONNECTOR:9:eDP-1] probed modes :
[    9.861777] [drm:drm_mode_debug_printmodeline], Modeline 21:"2560x1700" 60 285250 2560 2608 2640 2720 1700 1703 1713 1749 0x48 0xa
[    9.861810] [drm:drm_mode_getconnector], [CONNECTOR:9:?]
[    9.862000] [drm:drm_mode_getconnector], [CONNECTOR:14:?]
[    9.862008] [drm:drm_helper_probe_single_connector_modes], [CONNECTOR:14:VGA-1]
[    9.862016] [drm:intel_ironlake_crt_detect_hotplug], ironlake hotplug adpa=0xf40000, result 0
[    9.862024] [drm:intel_crt_detect], CRT not detected via hotplug
[    9.862030] [drm:drm_helper_probe_single_connector_modes], [CONNECTOR:14:VGA-1] disconnected
[    9.862039] [drm:drm_mode_getconnector], [CONNECTOR:14:?]
[    9.862045] [drm:drm_helper_probe_single_connector_modes], [CONNECTOR:14:VGA-1]
[    9.862052] [drm:intel_ironlake_crt_detect_hotplug], ironlake hotplug adpa=0xf40000, result 0
[    9.862059] [drm:intel_crt_detect], CRT not detected via hotplug
[    9.862064] [drm:drm_helper_probe_single_connector_modes], [CONNECTOR:14:VGA-1] disconnected
[    9.862077] [drm:drm_mode_getconnector], [CONNECTOR:17:?]
[    9.862083] [drm:drm_helper_probe_single_connector_modes], [CONNECTOR:17:HDMI-A-1]
[    9.862908] [drm:gmbus_xfer], GMBUS [i915 gmbus dpd] NAK for addr: 0050 r(1)
[    9.862926] [drm:drm_do_probe_ddc_edid], drm: skipping non-existent adapter i915 gmbus dpd
[    9.862939] [drm:drm_helper_probe_single_connector_modes], [CONNECTOR:17:HDMI-A-1] disconnected
[    9.862960] [drm:drm_mode_getconnector], [CONNECTOR:17:?]
[    9.862971] [drm:drm_helper_probe_single_connector_modes], [CONNECTOR:17:HDMI-A-1]
[    9.863226] [drm:gmbus_xfer], GMBUS [i915 gmbus dpd] NAK for addr: 0050 r(1)
[    9.863239] [drm:drm_do_probe_ddc_edid], drm: skipping non-existent adapter i915 gmbus dpd
[    9.863251] [drm:drm_helper_probe_single_connector_modes], [CONNECTOR:17:HDMI-A-1] disconnected
[    9.863310] [drm:drm_mode_getconnector], [CONNECTOR:18:?]
[    9.863333] [drm:drm_helper_probe_single_connector_modes], [CONNECTOR:18:DP-1]
[    9.865896] [drm:intel_dp_aux_ch], dp_aux_ch timeout status 0x5145003f
[    9.870196] [drm:intel_dp_aux_ch], dp_aux_ch timeout status 0x5145003f
[    9.874196] [drm:intel_dp_aux_ch], dp_aux_ch timeout status 0x5145003f
[    9.875648] [drm:intel_dp_detect], DPCD: 0000000000000000
[    9.875658] [drm:drm_helper_probe_single_connector_modes], [CONNECTOR:18:DP-1] disconnected
[    9.875672] [drm:drm_mode_getconnector], [CONNECTOR:18:?]
[    9.875679] [drm:drm_helper_probe_single_connector_modes], [CONNECTOR:18:DP-1]
[    9.878232] [drm:intel_dp_aux_ch], dp_aux_ch timeout status 0x5145003f
[    9.882189] [drm:intel_dp_aux_ch], dp_aux_ch timeout status 0x5145003f
[    9.886192] [drm:intel_dp_aux_ch], dp_aux_ch timeout status 0x5145003f
[    9.887636] [drm:intel_dp_detect], DPCD: 0000000000000000
[    9.887646] [drm:drm_helper_probe_single_connector_modes], [CONNECTOR:18:DP-1] disconnected
[    9.909603] [drm:intel_panel_actually_set_backlight], set backlight PWM = 4375
[    9.941903] [drm:intel_panel_actually_set_backlight], set backlight PWM = 4453
[    9.972254] [drm:intel_panel_actually_set_backlight], set backlight PWM = 4526
[   10.002637] [drm:intel_panel_actually_set_backlight], set backlight PWM = 4599
[   10.032970] [drm:intel_panel_actually_set_backlight], set backlight PWM = 4673
[   10.063323] [drm:intel_panel_actually_set_backlight], set backlight PWM = 4746
[   10.093665] [drm:intel_panel_actually_set_backlight], set backlight PWM = 4819
[   10.123956] [drm:intel_panel_actually_set_backlight], set backlight PWM = 4882
[   10.323818] ADDRCONF(NETDEV_UP): eth0: link is not ready
[   11.141017] [drm:ironlake_panel_vdd_off_sync], PCH_PP_STATUS: 0x80000008 PCH_PP_CONTROL: 0xabcd0007
[   12.492342] [drm:intel_dp_detect], DPCD: 110a8441000001c0
[   12.492355] [drm:ironlake_edp_panel_vdd_on], Turn eDP VDD on
[   12.492368] [drm:ironlake_edp_panel_vdd_on], PCH_PP_STATUS: 0x80000008 PCH_PP_CONTROL: 0xabcd000f
[   12.493707] [drm:i2c_algo_dp_aux_xfer], dp_aux_xfer return 2
[   12.533648] [drm:i2c_algo_dp_aux_xfer], dp_aux_xfer return 2
[   12.533655] [drm:ironlake_edp_panel_vdd_off], Turn eDP VDD off 1
[   12.533665] [drm:output_poll_execute], [CONNECTOR:9:eDP-1] status updated from 1 to 1
[   12.533674] [drm:intel_ironlake_crt_detect_hotplug], ironlake hotplug adpa=0xf40000, result 0
[   12.533682] [drm:intel_crt_detect], CRT not detected via hotplug
[   12.533688] [drm:output_poll_execute], [CONNECTOR:14:VGA-1] status updated from 2 to 2
[   12.533919] [drm:gmbus_xfer], GMBUS [i915 gmbus dpd] NAK for addr: 0050 r(1)
[   12.533928] [drm:drm_do_probe_ddc_edid], drm: skipping non-existent adapter i915 gmbus dpd
[   12.533935] [drm:output_poll_execute], [CONNECTOR:17:HDMI-A-1] status updated from 2 to 2
[   12.536490] [drm:intel_dp_aux_ch], dp_aux_ch timeout status 0x5145003f
[   12.540820] [drm:intel_dp_aux_ch], dp_aux_ch timeout status 0x5145003f
[   12.544820] [drm:intel_dp_aux_ch], dp_aux_ch timeout status 0x5145003f
[   12.546267] [drm:intel_dp_detect], DPCD: 0000000000000000
[   12.546276] [drm:output_poll_execute], [CONNECTOR:18:DP-1] status updated from 2 to 2
[   13.622865] ieee80211 phy0: device now idle
[   13.788315] [drm:drm_mode_getconnector], [CONNECTOR:9:?]
[   13.788329] [drm:drm_helper_probe_single_connector_modes], [CONNECTOR:9:eDP-1]
[   13.788337] [drm:intel_dp_detect], DPCD: 110a8441000001c0
[   13.788345] [drm:ironlake_edp_panel_vdd_on], Turn eDP VDD on
[   13.788353] [drm:ironlake_edp_panel_vdd_on], eDP VDD already on
[   13.789688] [drm:i2c_algo_dp_aux_xfer], dp_aux_xfer return 2
[   13.829663] [drm:i2c_algo_dp_aux_xfer], dp_aux_xfer return 2
[   13.829675] [drm:ironlake_edp_panel_vdd_off], Turn eDP VDD off 1
[   13.829685] [drm:ironlake_edp_panel_vdd_on], Turn eDP VDD on
[   13.829692] [drm:ironlake_edp_panel_vdd_on], eDP VDD already on
[   13.831035] [drm:i2c_algo_dp_aux_xfer], dp_aux_xfer return 2
[   13.870960] [drm:i2c_algo_dp_aux_xfer], dp_aux_xfer return 2
[   13.870993] [drm:drm_edid_to_eld], ELD: no CEA Extension found
[   13.870999] [drm:ironlake_edp_panel_vdd_off], Turn eDP VDD off 1
[   13.871011] [drm:drm_helper_probe_single_connector_modes], [CONNECTOR:9:eDP-1] probed modes :
[   13.871019] [drm:drm_mode_debug_printmodeline], Modeline 21:"2560x1700" 60 285250 2560 2608 2640 2720 1700 1703 1713 1749 0x48 0xa
[   13.871056] [drm:drm_mode_getconnector], [CONNECTOR:9:?]
[   13.871263] [drm:drm_mode_getconnector], [CONNECTOR:14:?]
[   13.871271] [drm:drm_helper_probe_single_connector_modes], [CONNECTOR:14:VGA-1]
[   13.871279] [drm:intel_ironlake_crt_detect_hotplug], ironlake hotplug adpa=0xf40000, result 0
[   13.871287] [drm:intel_crt_detect], CRT not detected via hotplug
[   13.871294] [drm:drm_helper_probe_single_connector_modes], [CONNECTOR:14:VGA-1] disconnected
[   13.871302] [drm:drm_mode_getconnector], [CONNECTOR:14:?]
[   13.871308] [drm:drm_helper_probe_single_connector_modes], [CONNECTOR:14:VGA-1]
[   13.871315] [drm:intel_ironlake_crt_detect_hotplug], ironlake hotplug adpa=0xf40000, result 0
[   13.871321] [drm:intel_crt_detect], CRT not detected via hotplug
[   13.871327] [drm:drm_helper_probe_single_connector_modes], [CONNECTOR:14:VGA-1] disconnected
[   13.871340] [drm:drm_mode_getconnector], [CONNECTOR:17:?]
[   13.871346] [drm:drm_helper_probe_single_connector_modes], [CONNECTOR:17:HDMI-A-1]
[   13.871600] [drm:gmbus_xfer], GMBUS [i915 gmbus dpd] NAK for addr: 0050 r(1)
[   13.871615] [drm:drm_do_probe_ddc_edid], drm: skipping non-existent adapter i915 gmbus dpd
[   13.871631] [drm:drm_helper_probe_single_connector_modes], [CONNECTOR:17:HDMI-A-1] disconnected
[   13.871687] [drm:drm_mode_getconnector], [CONNECTOR:17:?]
[   13.871784] [drm:drm_helper_probe_single_connector_modes], [CONNECTOR:17:HDMI-A-1]
[   13.872089] [drm:gmbus_xfer], GMBUS [i915 gmbus dpd] NAK for addr: 0050 r(1)
[   13.872102] [drm:drm_do_probe_ddc_edid], drm: skipping non-existent adapter i915 gmbus dpd
[   13.872113] [drm:drm_helper_probe_single_connector_modes], [CONNECTOR:17:HDMI-A-1] disconnected
[   13.872149] [drm:drm_mode_getconnector], [CONNECTOR:18:?]
[   13.872160] [drm:drm_helper_probe_single_connector_modes], [CONNECTOR:18:DP-1]
[   13.874733] [drm:intel_dp_aux_ch], dp_aux_ch timeout status 0x5145003f
[   13.879152] [drm:intel_dp_aux_ch], dp_aux_ch timeout status 0x5145003f
[   13.883127] [drm:intel_dp_aux_ch], dp_aux_ch timeout status 0x5145003f
[   13.884585] [drm:intel_dp_detect], DPCD: 0000000000000000
[   13.884596] [drm:drm_helper_probe_single_connector_modes], [CONNECTOR:18:DP-1] disconnected
[   13.884612] [drm:drm_mode_getconnector], [CONNECTOR:18:?]
[   13.884620] [drm:drm_helper_probe_single_connector_modes], [CONNECTOR:18:DP-1]
[   13.887170] [drm:intel_dp_aux_ch], dp_aux_ch timeout status 0x5145003f
[   13.891122] [drm:intel_dp_aux_ch], dp_aux_ch timeout status 0x5145003f
[   13.895121] [drm:intel_dp_aux_ch], dp_aux_ch timeout status 0x5145003f
[   13.896576] [drm:intel_dp_detect], DPCD: 0000000000000000
[   13.896585] [drm:drm_helper_probe_single_connector_modes], [CONNECTOR:18:DP-1] disconnected
[   13.912375] [drm:i915_driver_open], 
[   14.053963] [drm:drm_mode_getconnector], [CONNECTOR:9:?]
[   14.053978] [drm:drm_helper_probe_single_connector_modes], [CONNECTOR:9:eDP-1]
[   14.053986] [drm:intel_dp_detect], DPCD: 110a8441000001c0
[   14.053995] [drm:ironlake_edp_panel_vdd_on], Turn eDP VDD on
[   14.054002] [drm:ironlake_edp_panel_vdd_on], eDP VDD already on
[   14.055334] [drm:i2c_algo_dp_aux_xfer], dp_aux_xfer return 2
[   14.095307] [drm:i2c_algo_dp_aux_xfer], dp_aux_xfer return 2
[   14.095317] [drm:ironlake_edp_panel_vdd_off], Turn eDP VDD off 1
[   14.095326] [drm:ironlake_edp_panel_vdd_on], Turn eDP VDD on
[   14.095332] [drm:ironlake_edp_panel_vdd_on], eDP VDD already on
[   14.096676] [drm:i2c_algo_dp_aux_xfer], dp_aux_xfer return 2
[   14.136632] [drm:i2c_algo_dp_aux_xfer], dp_aux_xfer return 2
[   14.136706] [drm:drm_edid_to_eld], ELD: no CEA Extension found
[   14.136716] [drm:ironlake_edp_panel_vdd_off], Turn eDP VDD off 1
[   14.136729] [drm:drm_helper_probe_single_connector_modes], [CONNECTOR:9:eDP-1] probed modes :
[   14.136736] [drm:drm_mode_debug_printmodeline], Modeline 21:"2560x1700" 60 285250 2560 2608 2640 2720 1700 1703 1713 1749 0x48 0xa
[   14.136773] [drm:drm_mode_getconnector], [CONNECTOR:9:?]
[   14.136985] [drm:drm_mode_getconnector], [CONNECTOR:14:?]
[   14.136993] [drm:drm_helper_probe_single_connector_modes], [CONNECTOR:14:VGA-1]
[   14.137001] [drm:intel_ironlake_crt_detect_hotplug], ironlake hotplug adpa=0xf40000, result 0
[   14.137009] [drm:intel_crt_detect], CRT not detected via hotplug
[   14.137015] [drm:drm_helper_probe_single_connector_modes], [CONNECTOR:14:VGA-1] disconnected
[   14.137024] [drm:drm_mode_getconnector], [CONNECTOR:14:?]
[   14.137029] [drm:drm_helper_probe_single_connector_modes], [CONNECTOR:14:VGA-1]
[   14.137037] [drm:intel_ironlake_crt_detect_hotplug], ironlake hotplug adpa=0xf40000, result 0
[   14.137043] [drm:intel_crt_detect], CRT not detected via hotplug
[   14.137049] [drm:drm_helper_probe_single_connector_modes], [CONNECTOR:14:VGA-1] disconnected
[   14.137061] [drm:drm_mode_getconnector], [CONNECTOR:17:?]
[   14.137067] [drm:drm_helper_probe_single_connector_modes], [CONNECTOR:17:HDMI-A-1]
[   14.137304] [drm:gmbus_xfer], GMBUS [i915 gmbus dpd] NAK for addr: 0050 r(1)
[   14.137313] [drm:drm_do_probe_ddc_edid], drm: skipping non-existent adapter i915 gmbus dpd
[   14.137321] [drm:drm_helper_probe_single_connector_modes], [CONNECTOR:17:HDMI-A-1] disconnected
[   14.137330] [drm:drm_mode_getconnector], [CONNECTOR:17:?]
[   14.137336] [drm:drm_helper_probe_single_connector_modes], [CONNECTOR:17:HDMI-A-1]
[   14.137633] [drm:gmbus_xfer], GMBUS [i915 gmbus dpd] NAK for addr: 0050 r(1)
[   14.137769] [drm:drm_do_probe_ddc_edid], drm: skipping non-existent adapter i915 gmbus dpd
[   14.137778] [drm:drm_helper_probe_single_connector_modes], [CONNECTOR:17:HDMI-A-1] disconnected
[   14.137805] [drm:drm_mode_getconnector], [CONNECTOR:18:?]
[   14.137813] [drm:drm_helper_probe_single_connector_modes], [CONNECTOR:18:DP-1]
[   14.140370] [drm:intel_dp_aux_ch], dp_aux_ch timeout status 0x5145003f
[   14.144049] [drm:intel_dp_aux_ch], dp_aux_ch timeout status 0x5145003f
[   14.148006] [drm:intel_dp_aux_ch], dp_aux_ch timeout status 0x5145003f
[   14.149456] [drm:intel_dp_detect], DPCD: 0000000000000000
[   14.149467] [drm:drm_helper_probe_single_connector_modes], [CONNECTOR:18:DP-1] disconnected
[   14.149482] [drm:drm_mode_getconnector], [CONNECTOR:18:?]
[   14.149490] [drm:drm_helper_probe_single_connector_modes], [CONNECTOR:18:DP-1]
[   14.152058] [drm:intel_dp_aux_ch], dp_aux_ch timeout status 0x5145003f
[   14.156003] [drm:intel_dp_aux_ch], dp_aux_ch timeout status 0x5145003f
[   14.160000] [drm:intel_dp_aux_ch], dp_aux_ch timeout status 0x5145003f
[   14.161490] [drm:intel_dp_detect], DPCD: 0000000000000000
[   14.161504] [drm:drm_helper_probe_single_connector_modes], [CONNECTOR:18:DP-1] disconnected
[   14.162462] [drm:ironlake_edp_backlight_off], 
[   14.163442] [drm:ironlake_edp_panel_off], Turn eDP power off
[   14.163452] [drm:ironlake_wait_panel_off], Wait for panel power off time
[   14.163459] [drm:ironlake_wait_panel_status], mask b000000f value 00000000 status 80000008 control abcd0000
[   14.675038] [drm:ironlake_edp_panel_vdd_on], Turn eDP VDD on
[   14.675050] [drm:ironlake_wait_panel_power_cycle], Wait for panel power cycle
[   14.675058] [drm:ironlake_wait_panel_status], mask b800000f value 00000000 status 00000000 control abcd0000
[   14.675072] [drm:ironlake_edp_panel_vdd_on], PCH_PP_STATUS: 0x00000000 PCH_PP_CONTROL: 0xabcd0008
[   14.675081] [drm:ironlake_edp_panel_vdd_on], eDP was not running
[   14.782993] ADDRCONF(NETDEV_CHANGE): eth0: link becomes ready
[   14.785016] asix 2-1.3.2:1.0: eth0: link up, 1000Mbps, full-duplex, lpa 0xCDE1
[   14.875352] [drm:intel_dp_link_down], 
[   14.894079] [drm:ironlake_edp_panel_vdd_off], Turn eDP VDD off 1
[   14.894298] [drm:ironlake_crtc_dpms], crtc 0/0 dpms off
[   14.945082] [drm:intel_wait_for_vblank], vblank wait timed out
[   15.046085] [drm:intel_wait_for_pipe_off], pipe_off wait timed out
[   15.046736] [drm:sandybridge_update_wm], FIFO watermarks For pipe A - plane 24, cursor: 6
[   15.046745] [drm:ironlake_check_srwm], watermark 1: display plane 38, fbc lines 3, cursor 6
[   15.046754] [drm:ironlake_check_srwm], watermark 2: display plane 145, fbc lines 3, cursor 6
[   15.046762] [drm:ironlake_check_srwm], watermark 3: display plane 288, fbc lines 4, cursor 10
[   15.046770] [drm:intel_update_fbc], 
[   15.047393] [drm:drm_mode_setcrtc], [CRTC:3]
[   15.047406] [drm:drm_mode_setcrtc], [CONNECTOR:9:eDP-1]
[   15.047414] [drm:drm_crtc_helper_set_config], 
[   15.047419] [drm:drm_crtc_helper_set_config], [CRTC:3] [FB:25] #connectors=1 (x y) (0 0)
[   15.047435] [drm:drm_crtc_helper_set_config], [CONNECTOR:9:eDP-1] to [CRTC:3]
[   15.538830] [drm:ironlake_panel_vdd_off_sync], PCH_PP_STATUS: 0x00000000 PCH_PP_CONTROL: 0xabcd0000
[   15.607936] [drm:ironlake_crtc_dpms], crtc 0/0 dpms on
[   15.607952] [drm:sandybridge_update_wm], FIFO watermarks For pipe A - plane 24, cursor: 6
[   15.607964] [drm:ironlake_check_srwm], watermark 1: display plane 38, fbc lines 3, cursor 6
[   15.607977] [drm:ironlake_check_srwm], watermark 2: display plane 145, fbc lines 3, cursor 6
[   15.607989] [drm:ironlake_check_srwm], watermark 3: display plane 288, fbc lines 4, cursor 10
[   15.658712] [drm:intel_wait_for_vblank], vblank wait timed out
[   15.709672] [drm:intel_wait_for_vblank], vblank wait timed out
[   15.709682] [drm:intel_update_fbc], 
[   15.709690] [drm:ironlake_edp_pll_on], 
[   15.709895] [drm:ironlake_edp_panel_vdd_on], Turn eDP VDD on
[   15.709902] [drm:ironlake_wait_panel_power_cycle], Wait for panel power cycle
[   15.709911] [drm:ironlake_wait_panel_status], mask b800000f value 00000000 status 00000000 control abcd0000
[   15.709926] [drm:ironlake_edp_panel_vdd_on], PCH_PP_STATUS: 0x00000000 PCH_PP_CONTROL: 0xabcd0008
[   15.709935] [drm:ironlake_edp_panel_vdd_on], eDP was not running
[   15.921873] [drm:intel_dp_start_link_train], too many full retries, give up
[   15.921883] [drm:ironlake_edp_panel_on], Turn eDP power on
[   15.921890] [drm:ironlake_wait_panel_power_cycle], Wait for panel power cycle
[   15.921898] [drm:ironlake_wait_panel_status], mask b800000f value 00000000 status 00000000 control abcd0008
[   15.921912] [drm:ironlake_wait_panel_on], Wait for panel power on
[   15.921920] [drm:ironlake_wait_panel_status], mask b000000f value 80000008 status 0000000a control abcd000b
[   16.321920] [drm:ironlake_edp_panel_vdd_off], Turn eDP VDD off 1
[   16.321935] [drm:ironlake_panel_vdd_off_sync], PCH_PP_STATUS: 0x80000008 PCH_PP_CONTROL: 0xabcd0003
[   16.329632] [drm:intel_dp_link_down], 
[   16.349358] [drm:intel_dp_start_link_train], clock recovery OK
[   16.350585] [drm:ironlake_edp_backlight_on], 
[   16.367120] [drm:intel_prepare_page_flip], preparing flip with no unpin work?
[   16.746992] [drm:drm_mode_getconnector], [CONNECTOR:9:?]
[   16.747009] [drm:drm_helper_probe_single_connector_modes], [CONNECTOR:9:eDP-1]
[   16.747020] [drm:intel_dp_detect], DPCD: 110a8441000001c0
[   16.747031] [drm:ironlake_edp_panel_vdd_on], Turn eDP VDD on
[   16.747047] [drm:ironlake_edp_panel_vdd_on], PCH_PP_STATUS: 0x80000008 PCH_PP_CONTROL: 0xabcd000f
[   16.748388] [drm:i2c_algo_dp_aux_xfer], dp_aux_xfer return 2
[   16.788332] [drm:i2c_algo_dp_aux_xfer], dp_aux_xfer return 2
[   16.788343] [drm:ironlake_edp_panel_vdd_off], Turn eDP VDD off 1
[   16.788355] [drm:ironlake_edp_panel_vdd_on], Turn eDP VDD on
[   16.788361] [drm:ironlake_edp_panel_vdd_on], eDP VDD already on
[   16.789702] [drm:i2c_algo_dp_aux_xfer], dp_aux_xfer return 2
[   16.829622] [drm:i2c_algo_dp_aux_xfer], dp_aux_xfer return 2
[   16.829646] [drm:drm_edid_to_eld], ELD: no CEA Extension found
[   16.829651] [drm:ironlake_edp_panel_vdd_off], Turn eDP VDD off 1
[   16.829663] [drm:drm_helper_probe_single_connector_modes], [CONNECTOR:9:eDP-1] probed modes :
[   16.829671] [drm:drm_mode_debug_printmodeline], Modeline 21:"2560x1700" 60 285250 2560 2608 2640 2720 1700 1703 1713 1749 0x48 0xa
[   16.829704] [drm:drm_mode_getconnector], [CONNECTOR:9:?]
[   16.829906] [drm:drm_mode_getconnector], [CONNECTOR:14:?]
[   16.829914] [drm:drm_helper_probe_single_connector_modes], [CONNECTOR:14:VGA-1]
[   16.829923] [drm:intel_ironlake_crt_detect_hotplug], ironlake hotplug adpa=0xf40000, result 0
[   16.829931] [drm:intel_crt_detect], CRT not detected via hotplug
[   16.829937] [drm:drm_helper_probe_single_connector_modes], [CONNECTOR:14:VGA-1] disconnected
[   16.829946] [drm:drm_mode_getconnector], [CONNECTOR:14:?]
[   16.829952] [drm:drm_helper_probe_single_connector_modes], [CONNECTOR:14:VGA-1]
[   16.829958] [drm:intel_ironlake_crt_detect_hotplug], ironlake hotplug adpa=0xf40000, result 0
[   16.829965] [drm:intel_crt_detect], CRT not detected via hotplug
[   16.829971] [drm:drm_helper_probe_single_connector_modes], [CONNECTOR:14:VGA-1] disconnected
[   16.829983] [drm:drm_mode_getconnector], [CONNECTOR:17:?]
[   16.829990] [drm:drm_helper_probe_single_connector_modes], [CONNECTOR:17:HDMI-A-1]
[   16.830217] [drm:gmbus_xfer], GMBUS [i915 gmbus dpd] NAK for addr: 0050 r(1)
[   16.830239] [drm:drm_do_probe_ddc_edid], drm: skipping non-existent adapter i915 gmbus dpd
[   16.830254] [drm:drm_helper_probe_single_connector_modes], [CONNECTOR:17:HDMI-A-1] disconnected
[   16.830274] [drm:drm_mode_getconnector], [CONNECTOR:17:?]
[   16.830286] [drm:drm_helper_probe_single_connector_modes], [CONNECTOR:17:HDMI-A-1]
[   16.830467] [drm:gmbus_xfer], GMBUS [i915 gmbus dpd] NAK for addr: 0050 r(1)
[   16.830480] [drm:drm_do_probe_ddc_edid], drm: skipping non-existent adapter i915 gmbus dpd
[   16.830492] [drm:drm_helper_probe_single_connector_modes], [CONNECTOR:17:HDMI-A-1] disconnected
[   16.830522] [drm:drm_mode_getconnector], [CONNECTOR:18:?]
[   16.830533] [drm:drm_helper_probe_single_connector_modes], [CONNECTOR:18:DP-1]
[   16.833087] [drm:intel_dp_aux_ch], dp_aux_ch timeout status 0x5145003f
[   16.904630] [drm:intel_dp_aux_ch], dp_aux_ch timeout status 0x5145003f
[   16.908592] [drm:intel_dp_aux_ch], dp_aux_ch timeout status 0x5145003f
[   16.911051] [drm:intel_dp_detect], DPCD: 0000000000000000
[   16.911067] [drm:drm_helper_probe_single_connector_modes], [CONNECTOR:18:DP-1] disconnected
[   16.911104] [drm:drm_mode_getconnector], [CONNECTOR:18:?]
[   16.911113] [drm:drm_helper_probe_single_connector_modes], [CONNECTOR:18:DP-1]
[   16.913678] [drm:intel_dp_aux_ch], dp_aux_ch timeout status 0x5145003f
[   16.917587] [drm:intel_dp_aux_ch], dp_aux_ch timeout status 0x5145003f
[   16.921590] [drm:intel_dp_aux_ch], dp_aux_ch timeout status 0x5145003f
[   16.923034] [drm:intel_dp_detect], DPCD: 0000000000000000
[   16.923044] [drm:drm_helper_probe_single_connector_modes], [CONNECTOR:18:DP-1] disconnected
[   16.924159] [drm:drm_mode_getconnector], [CONNECTOR:9:?]
[   16.924173] [drm:drm_helper_probe_single_connector_modes], [CONNECTOR:9:eDP-1]
[   16.924179] [drm:intel_dp_detect], DPCD: 110a8441000001c0
[   16.924186] [drm:ironlake_edp_panel_vdd_on], Turn eDP VDD on
[   16.924193] [drm:ironlake_edp_panel_vdd_on], eDP VDD already on
[   16.925433] [drm:i2c_algo_dp_aux_xfer], dp_aux_xfer return 2
[   16.965367] [drm:i2c_algo_dp_aux_xfer], dp_aux_xfer return 2
[   16.965375] [drm:ironlake_edp_panel_vdd_off], Turn eDP VDD off 1
[   16.965382] [drm:ironlake_edp_panel_vdd_on], Turn eDP VDD on
[   16.965389] [drm:ironlake_edp_panel_vdd_on], eDP VDD already on
[   16.966728] [drm:i2c_algo_dp_aux_xfer], dp_aux_xfer return 2
[   17.006663] [drm:i2c_algo_dp_aux_xfer], dp_aux_xfer return 2
[   17.006694] [drm:drm_edid_to_eld], ELD: no CEA Extension found
[   17.006700] [drm:ironlake_edp_panel_vdd_off], Turn eDP VDD off 1
[   17.006712] [drm:drm_helper_probe_single_connector_modes], [CONNECTOR:9:eDP-1] probed modes :
[   17.006720] [drm:drm_mode_debug_printmodeline], Modeline 21:"2560x1700" 60 285250 2560 2608 2640 2720 1700 1703 1713 1749 0x48 0xa
[   17.006747] [drm:drm_mode_getconnector], [CONNECTOR:9:?]
[   17.006949] [drm:drm_mode_getconnector], [CONNECTOR:14:?]
[   17.006957] [drm:drm_helper_probe_single_connector_modes], [CONNECTOR:14:VGA-1]
[   17.006965] [drm:intel_ironlake_crt_detect_hotplug], ironlake hotplug adpa=0xf40000, result 0
[   17.006989] [drm:intel_crt_detect], CRT not detected via hotplug
[   17.007003] [drm:drm_helper_probe_single_connector_modes], [CONNECTOR:14:VGA-1] disconnected
[   17.007023] [drm:drm_mode_getconnector], [CONNECTOR:14:?]
[   17.007037] [drm:drm_helper_probe_single_connector_modes], [CONNECTOR:14:VGA-1]
[   17.007051] [drm:intel_ironlake_crt_detect_hotplug], ironlake hotplug adpa=0xf40000, result 0
[   17.007066] [drm:intel_crt_detect], CRT not detected via hotplug
[   17.007082] [drm:drm_helper_probe_single_connector_modes], [CONNECTOR:14:VGA-1] disconnected
[   17.007102] [drm:drm_mode_getconnector], [CONNECTOR:17:?]
[   17.007114] [drm:drm_helper_probe_single_connector_modes], [CONNECTOR:17:HDMI-A-1]
[   17.007370] [drm:gmbus_xfer], GMBUS [i915 gmbus dpd] NAK for addr: 0050 r(1)
[   17.007384] [drm:drm_do_probe_ddc_edid], drm: skipping non-existent adapter i915 gmbus dpd
[   17.007397] [drm:drm_helper_probe_single_connector_modes], [CONNECTOR:17:HDMI-A-1] disconnected
[   17.007413] [drm:drm_mode_getconnector], [CONNECTOR:17:?]
[   17.007421] [drm:drm_helper_probe_single_connector_modes], [CONNECTOR:17:HDMI-A-1]
[   17.007663] [drm:gmbus_xfer], GMBUS [i915 gmbus dpd] NAK for addr: 0050 r(1)
[   17.007682] [drm:drm_do_probe_ddc_edid], drm: skipping non-existent adapter i915 gmbus dpd
[   17.007688] [drm:drm_helper_probe_single_connector_modes], [CONNECTOR:17:HDMI-A-1] disconnected
[   17.007704] [drm:drm_mode_getconnector], [CONNECTOR:18:?]
[   17.007711] [drm:drm_helper_probe_single_connector_modes], [CONNECTOR:18:DP-1]
[   17.010267] [drm:intel_dp_aux_ch], dp_aux_ch timeout status 0x5145003f
[   17.014526] [drm:intel_dp_aux_ch], dp_aux_ch timeout status 0x5145003f
[   17.018521] [drm:intel_dp_aux_ch], dp_aux_ch timeout status 0x5145003f
[   17.019987] [drm:intel_dp_detect], DPCD: 0000000000000000
[   17.019999] [drm:drm_helper_probe_single_connector_modes], [CONNECTOR:18:DP-1] disconnected
[   17.020014] [drm:drm_mode_getconnector], [CONNECTOR:18:?]
[   17.020021] [drm:drm_helper_probe_single_connector_modes], [CONNECTOR:18:DP-1]
[   17.022580] [drm:intel_dp_aux_ch], dp_aux_ch timeout status 0x5145003f
[   17.026518] [drm:intel_dp_aux_ch], dp_aux_ch timeout status 0x5145003f
[   17.030515] [drm:intel_dp_aux_ch], dp_aux_ch timeout status 0x5145003f
[   17.031967] [drm:intel_dp_detect], DPCD: 0000000000000000
