[    0.000000] Initializing cgroup subsys cpu
[    0.000000] Linux version 3.4.0 (rminnich@xcpu.mtv.corp.google.com) (gcc version 4.6.x-google 20120301 (prerelease) (gcc-4.6.3_cos_gg_2a32ae6) ) #10 SMP Wed Oct 24 15:48:23 PDT 2012
[    0.000000] Command line: cros_secure  loglevel=7 console= init=/sbin/init cros_secure root=/dev/dm-0 rootwait ro dm_verity.error_behavior=3 dm_verity.max_bios=-1 dm_verity.dev_wait=1 dm="vroot none ro,0 2097152 verity payload=58ff0faf-66f8-6b46-9501-e04fda2294c2+1 hashtree=58ff0faf-66f8-6b46-9501-e04fda2294c2+1 hashstart=2097152 alg=sha1 root_hexdigest=1cee03ba82c798f721ae56c78be5d180bcf5121b salt=a3e0c77a18132ce886d326f112ee1782d75b8fdae8fedb30a82752ef33d375a6" noinitrd cros_debug vt.global_cursor_default=0 kern_guid=58ff0faf-66f8-6b46-9501-e04fda2294c2 add_efi_memmap boot=local noresume noswap i915.modeset=1 tpm_tis.force=1 tpm_tis.interrupts=0 nmi_watchdog=panic,lapic  log_buf_len=16M drm_debug=14    gpt 
[    0.000000] BIOS-provided physical RAM map:
[    0.000000]  BIOS-e820: 0000000000000000 - 0000000000001000 type 16
[    0.000000]  BIOS-e820: 0000000000001000 - 00000000000a0000 (usable)
[    0.000000]  BIOS-e820: 00000000000a0000 - 0000000000100000 (reserved)
[    0.000000]  BIOS-e820: 0000000000100000 - 0000000000f00000 (usable)
[    0.000000]  BIOS-e820: 0000000000f00000 - 0000000001000000 (reserved)
[    0.000000]  BIOS-e820: 0000000001000000 - 0000000020000000 (usable)
[    0.000000]  BIOS-e820: 0000000020000000 - 0000000020200000 (reserved)
[    0.000000]  BIOS-e820: 0000000020200000 - 0000000040000000 (usable)
[    0.000000]  BIOS-e820: 0000000040000000 - 0000000040200000 (reserved)
[    0.000000]  BIOS-e820: 0000000040200000 - 00000000acec0000 (usable)
[    0.000000]  BIOS-e820: 00000000acec0000 - 00000000ad000000 type 16
[    0.000000]  BIOS-e820: 00000000ad000000 - 00000000afa00000 (reserved)
[    0.000000]  BIOS-e820: 00000000f0000000 - 00000000f4000000 (reserved)
[    0.000000]  BIOS-e820: 0000000100000000 - 000000014f600000 (usable)
[    0.000000] NX (Execute Disable) protection: active
[    0.000000] DMI present.
[    0.000000] DMI: GOOGLE Stout, BIOS Google_Stout.2989.0.2012_10_04_1345 10/04/2012
[    0.000000] e820 update range: 0000000000000000 - 0000000000010000 (usable) ==> (reserved)
[    0.000000] e820 remove range: 00000000000a0000 - 0000000000100000 (usable)
[    0.000000] No AGP bridge found
[    0.000000] last_pfn = 0x14f600 max_arch_pfn = 0x400000000
[    0.000000] MTRR default type: uncachable
[    0.000000] MTRR fixed ranges enabled:
[    0.000000]   00000-9FFFF write-back
[    0.000000]   A0000-FFFFF uncachable
[    0.000000] MTRR variable ranges enabled:
[    0.000000]   0 base 000000000 mask F80000000 write-back
[    0.000000]   1 base 080000000 mask FE0000000 write-back
[    0.000000]   2 base 0A0000000 mask FF0000000 write-back
[    0.000000]   3 base 0AD000000 mask FFF000000 uncachable
[    0.000000]   4 base 0AE000000 mask FFE000000 uncachable
[    0.000000]   5 base 100000000 mask FC0000000 write-back
[    0.000000]   6 base 140000000 mask FF0000000 write-back
[    0.000000]   7 base 14F600000 mask FFFE00000 uncachable
[    0.000000]   8 disabled
[    0.000000]   9 disabled
[    0.000000] x86 PAT enabled: cpu 0, old 0x7040600070406, new 0x7010600070106
[    0.000000] e820 update range: 00000000ad000000 - 0000000100000000 (usable) ==> (reserved)
[    0.000000] e820 update range: 000000014f600000 - 000000014f800000 (usable) ==> (reserved)
[    0.000000] last_pfn = 0xacec0 max_arch_pfn = 0x400000000
[    0.000000] initial memory mapped : 0 - 20000000
[    0.000000] Base memory trampoline at [ffff88000009b000] 9b000 size 20480
[    0.000000] init_memory_mapping: 0000000000000000-00000000acec0000
[    0.000000]  0000000000 - 00ace00000 page 2M
[    0.000000]  00ace00000 - 00acec0000 page 4k
[    0.000000] kernel direct mapping tables up to acec0000 @ 1fffb000-20000000
[    0.000000] init_memory_mapping: 0000000100000000-000000014f600000
[    0.000000]  0100000000 - 014f600000 page 2M
[    0.000000] kernel direct mapping tables up to 14f600000 @ aceb9000-acec0000
[    0.000000] log_buf_len: 16777216
[    0.000000] early log buf free: 257879(98%)
[    0.000000] ACPI: RSDP 00000000000f0000 00024 (v02 CORE  )
[    0.000000] ACPI: XSDT 00000000aced12e0 0004C (v01 CORE   COREBOOT 00000000 CORE 00000000)
[    0.000000] ACPI: FACP 00000000aced4840 000F4 (v03 CORE   COREBOOT 00000000 CORE 00000001)
[    0.000000] ACPI: DSDT 00000000aced1450 033F0 (v02 COREv4 COREBOOT 20110725 INTL 20090123)
[    0.000000] ACPI: FACS 00000000aced1410 00040
[    0.000000] ACPI: HPET 00000000aced4940 00038 (v01 CORE   COREBOOT 00000000 CORE 00000000)
[    0.000000] ACPI: APIC 00000000aced4980 0005C (v01 CORE   COREBOOT 00000000 CORE 00000000)
[    0.000000] ACPI: MCFG 00000000aced49e0 0003C (v01 CORE   COREBOOT 00000000 CORE 00000000)
[    0.000000] ACPI: SSDT 00000000aced58e0 008A0 (v02 CORE   COREBOOT 0000002A CORE 0000002A)
[    0.000000] ACPI: Local APIC address 0xfee00000
[    0.000000]  [ffffea0000000000-ffffea00053fffff] PMD -> [ffff880149c00000-ffff88014dbfffff] on node 0
[    0.000000] Zone PFN ranges:
[    0.000000]   DMA      0x00000010 -> 0x00001000
[    0.000000]   DMA32    0x00001000 -> 0x00100000
[    0.000000]   Normal   0x00100000 -> 0x0014f600
[    0.000000] Movable zone start PFN for each node
[    0.000000] Early memory PFN ranges
[    0.000000]     0: 0x00000010 -> 0x000000a0
[    0.000000]     0: 0x00000100 -> 0x00000f00
[    0.000000]     0: 0x00001000 -> 0x00020000
[    0.000000]     0: 0x00020200 -> 0x00040000
[    0.000000]     0: 0x00040200 -> 0x000acec0
[    0.000000]     0: 0x00100000 -> 0x0014f600
[    0.000000] On node 0 totalpages: 1032016
[    0.000000]   DMA zone: 64 pages used for memmap
[    0.000000]   DMA zone: 5 pages reserved
[    0.000000]   DMA zone: 3659 pages, LIFO batch:0
[    0.000000]   DMA32 zone: 16320 pages used for memmap
[    0.000000]   DMA32 zone: 686848 pages, LIFO batch:31
[    0.000000]   Normal zone: 5080 pages used for memmap
[    0.000000]   Normal zone: 320040 pages, LIFO batch:31
[    0.000000] ACPI: PM-Timer IO Port: 0x508
[    0.000000] ACPI: Local APIC address 0xfee00000
[    0.000000] ACPI: LAPIC (acpi_id[0x00] lapic_id[0x00] enabled)
[    0.000000] ACPI: LAPIC (acpi_id[0x01] lapic_id[0x02] enabled)
[    0.000000] ACPI: IOAPIC (id[0x02] address[0xfec00000] gsi_base[0])
[    0.000000] IOAPIC[0]: apic_id 2, version 32, address 0xfec00000, GSI 0-23
[    0.000000] ACPI: INT_SRC_OVR (bus 0 bus_irq 0 global_irq 2 dfl dfl)
[    0.000000] ACPI: INT_SRC_OVR (bus 0 bus_irq 9 global_irq 9 high level)
[    0.000000] ACPI: IRQ0 used by override.
[    0.000000] ACPI: IRQ2 used by override.
[    0.000000] ACPI: IRQ9 used by override.
[    0.000000] Using ACPI (MADT) for SMP configuration information
[    0.000000] ACPI: HPET id: 0x8086a201 base: 0xfed00000
[    0.000000] SMP: Allowing 2 CPUs, 0 hotplug CPUs
[    0.000000] nr_irqs_gsi: 40
[    0.000000] Allocating PCI resources starting at afa00000 (gap: afa00000:40600000)
[    0.000000] setup_percpu: NR_CPUS:4 nr_cpumask_bits:4 nr_cpu_ids:2 nr_node_ids:1
[    0.000000] PERCPU: Embedded 26 pages/cpu @ffff88014e200000 s77312 r8192 d20992 u1048576
[    0.000000] pcpu-alloc: s77312 r8192 d20992 u1048576 alloc=1*2097152
[    0.000000] pcpu-alloc: [0] 0 1 
[    0.000000] Built 1 zonelists in Zone order, mobility grouping on.  Total pages: 1010547
[    0.000000] Kernel command line: cros_secure  loglevel=7 console= init=/sbin/init cros_secure root=/dev/dm-0 rootwait ro dm_verity.error_behavior=3 dm_verity.max_bios=-1 dm_verity.dev_wait=1 dm="vroot none ro,0 2097152 verity payload=58ff0faf-66f8-6b46-9501-e04fda2294c2+1 hashtree=58ff0faf-66f8-6b46-9501-e04fda2294c2+1 hashstart=2097152 alg=sha1 root_hexdigest=1cee03ba82c798f721ae56c78be5d180bcf5121b salt=a3e0c77a18132ce886d326f112ee1782d75b8fdae8fedb30a82752ef33d375a6" noinitrd cros_debug vt.global_cursor_default=0 kern_guid=58ff0faf-66f8-6b46-9501-e04fda2294c2 add_efi_memmap boot=local noresume noswap i915.modeset=1 tpm_tis.force=1 tpm_tis.interrupts=0 nmi_watchdog=panic,lapic  log_buf_len=16M drm_debug=14    gpt 
[    0.000000] device-mapper: init: will configure 1 devices
[    0.000000] PID hash table entries: 4096 (order: 3, 32768 bytes)
[    0.000000] Dentry cache hash table entries: 524288 (order: 10, 4194304 bytes)
[    0.000000] Inode-cache hash table entries: 262144 (order: 9, 2097152 bytes)
[    0.000000] xsave/xrstor: enabled xstate_bv 0x3, cntxt size 0x240
[    0.000000] Disabling VMX on cpu 0
[    0.000000] Checking aperture...
[    0.000000] No AGP bridge found
[    0.000000] Memory: 3963176k/5494784k available (4509k kernel code, 1366720k absent, 164888k reserved, 4296k data, 628k init)
[    0.000000] SLUB: Genslabs=15, HWalign=64, Order=0-3, MinObjects=0, CPUs=2, Nodes=1
[    0.000000] Hierarchical RCU implementation.
[    0.000000] 	CONFIG_RCU_FANOUT set to non-default value of 32
[    0.000000] NR_IRQS:4352 nr_irqs:512 16
[    0.000000] Console: colour dummy device 80x25
[    0.000000] hpet clockevent registered
[    0.000000] Initial TSC value: 17591241256
[    0.000000] Fast TSC calibration using PIT
[    0.001000] Initial usec timer 12601175
[    0.001000] Detected 1396.685 MHz processor.
[    0.000003] Calibrating delay loop (skipped), value calculated using timer frequency.. 2793.37 BogoMIPS (lpj=1396685)
[    0.000009] pid_max: default: 32768 minimum: 301
[    0.000043] Security Framework initialized
[    0.000049] Yama: becoming mindful.
[    0.000076] Mount-cache hash table entries: 256
[    0.000355] CPU: Physical Processor ID: 0
[    0.000358] CPU: Processor Core ID: 0
[    0.000365] mce: CPU supports 7 MCE banks
[    0.000383] CPU0: Thermal monitoring enabled (TM1)
[    0.000393] using mwait in idle threads.
[    0.000476] ACPI: Core revision 20120320
[    0.004620] acpi_enable!
[    0.004646] ACPI mode enable smi_command = 0xb2 val = 0xe1
[    0.004652] ftrace: allocating 20083 entries in 79 pages
[    0.023966] ..TIMER: vector=0x30 apic1=0 pin1=2 apic2=-1 pin2=-1
[    0.033973] CPU0: Intel(R) Celeron(R) CPU 877 @ 1.40GHz stepping 07
[    0.135914] Performance Events: PEBS fmt1+, 16-deep LBR, SandyBridge events, Intel PMU driver.
[    0.135924] PEBS disabled due to CPU errata.
[    0.135928] ... version:                3
[    0.135930] ... bit width:              48
[    0.135932] ... generic registers:      8
[    0.135934] ... value mask:             0000ffffffffffff
[    0.135936] ... max period:             000000007fffffff
[    0.135938] ... fixed-purpose events:   3
[    0.135941] ... event mask:             00000007000000ff
[    0.136106] NMI watchdog: enabled, takes one hw-pmu counter.
[    0.136213] Booting Node   0, Processors  #1 Ok.
[    0.146588] Disabling VMX on cpu 1
[    0.149458] NMI watchdog: enabled, takes one hw-pmu counter.
[    0.149494] Brought up 2 CPUs
[    0.149497] Total of 2 processors activated (5586.74 BogoMIPS).
[    0.151148] devtmpfs: initialized
[    0.153074] RTC time: 17:39:31, date: 10/04/12
[    0.153132] NET: Registered protocol family 16
[    0.153980] ACPI: bus type pci registered
[    0.154035] PCI: MMCONFIG for domain 0000 [bus 00-3f] at [mem 0xf0000000-0xf3ffffff] (base 0xf0000000)
[    0.154040] PCI: MMCONFIG at [mem 0xf0000000-0xf3ffffff] reserved in E820
[    0.164871] PCI: Using configuration type 1 for base access
[    0.166669] bio: create slab <bio-0> at 0
[    0.166754] ACPI: Added _OSI(Module Device)
[    0.166757] ACPI: Added _OSI(Processor Device)
[    0.166760] ACPI: Added _OSI(3.0 _SCP Extensions)
[    0.166763] ACPI: Added _OSI(Processor Aggregator Device)
[    0.168149] ACPI: EC: Look up EC in DSDT
[    0.172319] ACPI: Interpreter enabled
[    0.172324] ACPI: (supports S0 S3 S5)
[    0.172350] ACPI: Using IOAPIC for interrupt routing
[    0.177824] ACPI: EC: GPE = 0x16, I/O: command/status = 0x66, data = 0x62
[    0.178007] ACPI: No dock devices found.
[    0.178012] PCI: Using host bridge windows from ACPI; if necessary, use "pci=nocrs" and report a bug
[    0.178141] ACPI: PCI Root Bridge [PCI0] (domain 0000 [bus 00-ff])
[    0.178288] pci_root PNP0A08:00: host bridge window [io  0x0000-0x0cf7]
[    0.178292] pci_root PNP0A08:00: host bridge window [io  0x0d00-0xffff]
[    0.178296] pci_root PNP0A08:00: host bridge window [mem 0x000a0000-0x000bffff]
[    0.178299] pci_root PNP0A08:00: host bridge window [mem 0x000c0000-0x000c3fff]
[    0.178302] pci_root PNP0A08:00: host bridge window [mem 0x000c4000-0x000c7fff]
[    0.178305] pci_root PNP0A08:00: host bridge window [mem 0x000c8000-0x000cbfff]
[    0.178308] pci_root PNP0A08:00: host bridge window [mem 0x000cc000-0x000cffff]
[    0.178311] pci_root PNP0A08:00: host bridge window [mem 0x000d0000-0x000d3fff]
[    0.178314] pci_root PNP0A08:00: host bridge window [mem 0x000d4000-0x000d7fff]
[    0.178318] pci_root PNP0A08:00: host bridge window [mem 0x000d8000-0x000dbfff]
[    0.178321] pci_root PNP0A08:00: host bridge window [mem 0x000dc000-0x000dffff]
[    0.178324] pci_root PNP0A08:00: host bridge window [mem 0x000e0000-0x000e3fff]
[    0.178327] pci_root PNP0A08:00: host bridge window [mem 0x000e4000-0x000e7fff]
[    0.178330] pci_root PNP0A08:00: host bridge window [mem 0x000e8000-0x000ebfff]
[    0.178333] pci_root PNP0A08:00: host bridge window [mem 0x000ec000-0x000effff]
[    0.178336] pci_root PNP0A08:00: host bridge window [mem 0x000f0000-0x000fffff]
[    0.178339] pci_root PNP0A08:00: host bridge window [mem 0xafa00001-0xfebfffff]
[    0.178343] pci_root PNP0A08:00: host bridge window [mem 0xfed40000-0xfed44fff]
[    0.178352] pci_root PNP0A08:00: ignoring host bridge window [mem 0x000cc000-0x000cffff] (conflicts with Video ROM [mem 0x000c0000-0x000cefff])
[    0.178396] PCI host bridge to bus 0000:00
[    0.178399] pci_bus 0000:00: root bus resource [io  0x0000-0x0cf7]
[    0.178403] pci_bus 0000:00: root bus resource [io  0x0d00-0xffff]
[    0.178406] pci_bus 0000:00: root bus resource [mem 0x000a0000-0x000bffff]
[    0.178409] pci_bus 0000:00: root bus resource [mem 0x000c0000-0x000c3fff]
[    0.178412] pci_bus 0000:00: root bus resource [mem 0x000c4000-0x000c7fff]
[    0.178415] pci_bus 0000:00: root bus resource [mem 0x000c8000-0x000cbfff]
[    0.178418] pci_bus 0000:00: root bus resource [mem 0x000d0000-0x000d3fff]
[    0.178421] pci_bus 0000:00: root bus resource [mem 0x000d4000-0x000d7fff]
[    0.178424] pci_bus 0000:00: root bus resource [mem 0x000d8000-0x000dbfff]
[    0.178427] pci_bus 0000:00: root bus resource [mem 0x000dc000-0x000dffff]
[    0.178432] pci_bus 0000:00: root bus resource [mem 0x000e0000-0x000e3fff]
[    0.178435] pci_bus 0000:00: root bus resource [mem 0x000e4000-0x000e7fff]
[    0.178438] pci_bus 0000:00: root bus resource [mem 0x000e8000-0x000ebfff]
[    0.178441] pci_bus 0000:00: root bus resource [mem 0x000ec000-0x000effff]
[    0.178445] pci_bus 0000:00: root bus resource [mem 0x000f0000-0x000fffff]
[    0.178448] pci_bus 0000:00: root bus resource [mem 0xafa00001-0xfebfffff]
[    0.178451] pci_bus 0000:00: root bus resource [mem 0xfed40000-0xfed44fff]
[    0.178465] pci 0000:00:00.0: [8086:0104] type 00 class 0x060000
[    0.178522] pci 0000:00:02.0: [8086:0106] type 00 class 0x030000
[    0.178539] pci 0000:00:02.0: reg 10: [mem 0xe0000000-0xe03fffff 64bit]
[    0.178550] pci 0000:00:02.0: reg 18: [mem 0xd0000000-0xdfffffff 64bit pref]
[    0.178557] pci 0000:00:02.0: reg 20: [io  0x3000-0x303f]
[    0.178667] pci 0000:00:1a.0: [8086:1e2d] type 00 class 0x0c0320
[    0.178703] pci 0000:00:1a.0: reg 10: [mem 0xe0704800-0xe0704bff]
[    0.178858] pci 0000:00:1a.0: PME# supported from D0 D3hot D3cold
[    0.178911] pci 0000:00:1b.0: [8086:1e20] type 00 class 0x040300
[    0.178941] pci 0000:00:1b.0: reg 10: [mem 0xe0700000-0xe0703fff 64bit]
[    0.179082] pci 0000:00:1b.0: PME# supported from D0 D3hot D3cold
[    0.179123] pci 0000:00:1c.0: [8086:1e10] type 01 class 0x060400
[    0.179265] pci 0000:00:1c.0: PME# supported from D0 D3hot D3cold
[    0.179309] pci 0000:00:1c.1: [8086:1e12] type 01 class 0x060400
[    0.179455] pci 0000:00:1c.1: PME# supported from D0 D3hot D3cold
[    0.179499] pci 0000:00:1c.2: [8086:1e14] type 01 class 0x060400
[    0.179644] pci 0000:00:1c.2: PME# supported from D0 D3hot D3cold
[    0.179686] pci 0000:00:1c.3: [8086:1e1a] type 01 class 0x060400
[    0.179831] pci 0000:00:1c.3: PME# supported from D0 D3hot D3cold
[    0.179886] pci 0000:00:1d.0: [8086:1e26] type 00 class 0x0c0320
[    0.179926] pci 0000:00:1d.0: reg 10: [mem 0xe0704c00-0xe0704fff]
[    0.180083] pci 0000:00:1d.0: PME# supported from D0 D3hot D3cold
[    0.180124] pci 0000:00:1f.0: [8086:1e57] type 00 class 0x060100
[    0.180325] pci 0000:00:1f.2: [8086:1e03] type 00 class 0x010601
[    0.180364] pci 0000:00:1f.2: reg 10: [io  0x3060-0x3067]
[    0.180380] pci 0000:00:1f.2: reg 14: [io  0x3070-0x3073]
[    0.180396] pci 0000:00:1f.2: reg 18: [io  0x3068-0x306f]
[    0.180413] pci 0000:00:1f.2: reg 1c: [io  0x3074-0x3077]
[    0.180428] pci 0000:00:1f.2: reg 20: [io  0x3040-0x305f]
[    0.180445] pci 0000:00:1f.2: reg 24: [mem 0xe0704000-0xe07047ff]
[    0.180545] pci 0000:00:1f.2: PME# supported from D3hot
[    0.180581] pci 0000:00:1f.3: [8086:1e22] type 00 class 0x0c0500
[    0.180611] pci 0000:00:1f.3: reg 10: [mem 0xe0705000-0xe07050ff 64bit]
[    0.180654] pci 0000:00:1f.3: reg 20: [io  0x0400-0x041f]
[    0.180786] pci 0000:00:1c.0: PCI bridge to [bus 01-01]
[    0.180935] pci 0000:02:00.0: [168c:0034] type 00 class 0x028000
[    0.180998] pci 0000:02:00.0: reg 10: [mem 0xe0400000-0xe047ffff 64bit]
[    0.181146] pci 0000:02:00.0: reg 30: [mem 0xe0480000-0xe048ffff pref]
[    0.181303] pci 0000:02:00.0: supports D1 D2
[    0.181305] pci 0000:02:00.0: PME# supported from D0 D1 D2 D3hot D3cold
[    0.182941] pci 0000:00:1c.1: PCI bridge to [bus 02-02]
[    0.182964] pci 0000:00:1c.1:   bridge window [mem 0xe0400000-0xe04fffff]
[    0.183085] pci 0000:03:00.0: [10ec:5209] type 00 class 0xff0000
[    0.183115] pci 0000:03:00.0: reg 10: [mem 0xe0500000-0xe0500fff]
[    0.183323] pci 0000:03:00.0: supports D1 D2
[    0.183326] pci 0000:03:00.0: PME# supported from D1 D2 D3hot
[    0.184932] pci 0000:00:1c.2: PCI bridge to [bus 03-03]
[    0.184947] pci 0000:00:1c.2:   bridge window [mem 0xe0500000-0xe05fffff]
[    0.185079] pci 0000:04:00.0: [10ec:8168] type 00 class 0x020000
[    0.185108] pci 0000:04:00.0: reg 10: [io  0x2000-0x20ff]
[    0.185158] pci 0000:04:00.0: reg 18: [mem 0xe0604000-0xe0604fff 64bit pref]
[    0.185189] pci 0000:04:00.0: reg 20: [mem 0xe0600000-0xe0603fff 64bit pref]
[    0.185323] pci 0000:04:00.0: supports D1 D2
[    0.185325] pci 0000:04:00.0: PME# supported from D0 D1 D2 D3hot D3cold
[    0.186931] pci 0000:00:1c.3: PCI bridge to [bus 04-04]
[    0.186942] pci 0000:00:1c.3:   bridge window [io  0x2000-0x2fff]
[    0.186968] pci 0000:00:1c.3:   bridge window [mem 0xe0600000-0xe06fffff 64bit pref]
[    0.187005] pci_bus 0000:00: on NUMA node 0
[    0.187009] ACPI: PCI Interrupt Routing Table [\_SB_.PCI0._PRT]
[    0.187168] ACPI: PCI Interrupt Routing Table [\_SB_.PCI0.RP01._PRT]
[    0.187518] ACPI: PCI Interrupt Routing Table [\_SB_.PCI0.RP02._PRT]
[    0.187866] ACPI: PCI Interrupt Routing Table [\_SB_.PCI0.RP03._PRT]
[    0.188231] ACPI: PCI Interrupt Routing Table [\_SB_.PCI0.RP04._PRT]
[    0.188622]  pci0000:00: Requesting ACPI _OSC control (0x1d)
[    0.188663]  pci0000:00: ACPI _OSC control (0x1d) granted
[    0.191988] ACPI: PCI Interrupt Link [LNKA] (IRQs 1 3 4 5 6 7 10 12 14 15) *11, disabled.
[    0.192055] ACPI: PCI Interrupt Link [LNKB] (IRQs 1 3 4 5 6 7 11 12 14 15) *10, disabled.
[    0.192117] ACPI: PCI Interrupt Link [LNKC] (IRQs 1 3 4 5 6 7 10 12 14 15) *11, disabled.
[    0.192179] ACPI: PCI Interrupt Link [LNKD] (IRQs 1 3 4 5 6 7 *11 12 14 15), disabled.
[    0.192239] ACPI: PCI Interrupt Link [LNKE] (IRQs 1 3 4 5 6 7 10 12 14 15) *0, disabled.
[    0.192300] ACPI: PCI Interrupt Link [LNKF] (IRQs 1 3 4 5 6 7 11 12 14 15) *0, disabled.
[    0.192360] ACPI: PCI Interrupt Link [LNKG] (IRQs 1 3 4 5 6 7 10 12 14 15) *0, disabled.
[    0.192420] ACPI: PCI Interrupt Link [LNKH] (IRQs 1 3 4 5 6 7 11 12 14 15) *0, disabled.
[    0.192577] SCSI subsystem initialized
[    0.192628] libata version 3.00 loaded.
[    0.192682] usbcore: registered new interface driver usbfs
[    0.192703] usbcore: registered new interface driver hub
[    0.192738] usbcore: registered new device driver usb
[    0.192882] chromeos_acpi: registering CHSW 0
[    0.193111] chromeos_acpi: registering VBNV 0
[    0.193114] chromeos_acpi: registering VBNV 1
[    0.193386] chromeos_acpi: truncating buffer from 3072 to 1336
[    0.193660] chromeos_acpi: installed
[    0.193693] Advanced Linux Sound Architecture Driver Version 1.0.25.
[    0.193696] PCI: Using ACPI for IRQ routing
[    0.197270] PCI: pci_cache_line_size set to 64 bytes
[    0.197369] reserve RAM buffer: 00000000acec0000 - 00000000afffffff 
[    0.197374] reserve RAM buffer: 000000014f600000 - 000000014fffffff 
[    0.197906] hpet0: at MMIO 0xfed00000, IRQs 2, 8, 0, 0, 0, 0, 0, 0
[    0.197916] hpet0: 8 comparators, 64-bit 14.318180 MHz counter
[    0.199940] Switching to clocksource hpet
[    0.209824] pnp: PnP ACPI init
[    0.209844] ACPI: bus type pnp registered
[    0.209992] pnp 00:00: [bus 00-ff]
[    0.209996] pnp 00:00: [io  0x0000-0x0cf7 window]
[    0.209999] pnp 00:00: [io  0x0cf8-0x0cff]
[    0.210002] pnp 00:00: [io  0x0d00-0xffff window]
[    0.210005] pnp 00:00: [mem 0x000a0000-0x000bffff window]
[    0.210008] pnp 00:00: [mem 0x000c0000-0x000c3fff window]
[    0.210011] pnp 00:00: [mem 0x000c4000-0x000c7fff window]
[    0.210016] pnp 00:00: [mem 0x000c8000-0x000cbfff window]
[    0.210019] pnp 00:00: [mem 0x000cc000-0x000cffff window]
[    0.210021] pnp 00:00: [mem 0x000d0000-0x000d3fff window]
[    0.210024] pnp 00:00: [mem 0x000d4000-0x000d7fff window]
[    0.210027] pnp 00:00: [mem 0x000d8000-0x000dbfff window]
[    0.210030] pnp 00:00: [mem 0x000dc000-0x000dffff window]
[    0.210033] pnp 00:00: [mem 0x000e0000-0x000e3fff window]
[    0.210036] pnp 00:00: [mem 0x000e4000-0x000e7fff window]
[    0.210039] pnp 00:00: [mem 0x000e8000-0x000ebfff window]
[    0.210041] pnp 00:00: [mem 0x000ec000-0x000effff window]
[    0.210044] pnp 00:00: [mem 0x000f0000-0x000fffff window]
[    0.210047] pnp 00:00: [mem 0xafa00001-0xfebfffff window]
[    0.210050] pnp 00:00: [mem 0xfed40000-0xfed44fff window]
[    0.210121] pnp 00:00: Plug and Play ACPI device, IDs PNP0a08 PNP0a03 (active)
[    0.210149] pnp 00:01: [mem 0xfed1c000-0xfed1ffff]
[    0.210152] pnp 00:01: [mem 0xfed10000-0xfed13fff]
[    0.210155] pnp 00:01: [mem 0xfed18000-0xfed18fff]
[    0.210157] pnp 00:01: [mem 0xfed19000-0xfed19fff]
[    0.210160] pnp 00:01: [mem 0xf0000000-0xf3ffffff]
[    0.210162] pnp 00:01: [mem 0xfed20000-0xfed3ffff]
[    0.210165] pnp 00:01: [mem 0xfed40000-0xfed44fff]
[    0.210168] pnp 00:01: [mem 0xfed45000-0xfed8ffff]
[    0.210170] pnp 00:01: [mem 0x00f00000-0x00ffffff]
[    0.210173] pnp 00:01: [mem 0x20000000-0x201fffff]
[    0.210175] pnp 00:01: [mem 0x40000000-0x401fffff]
[    0.210235] system 00:01: [mem 0xfed1c000-0xfed1ffff] has been reserved
[    0.210239] system 00:01: [mem 0xfed10000-0xfed13fff] has been reserved
[    0.210243] system 00:01: [mem 0xfed18000-0xfed18fff] has been reserved
[    0.210246] system 00:01: [mem 0xfed19000-0xfed19fff] has been reserved
[    0.210250] system 00:01: [mem 0xf0000000-0xf3ffffff] has been reserved
[    0.210254] system 00:01: [mem 0xfed20000-0xfed3ffff] has been reserved
[    0.210257] system 00:01: [mem 0xfed40000-0xfed44fff] has been reserved
[    0.210261] system 00:01: [mem 0xfed45000-0xfed8ffff] has been reserved
[    0.210264] system 00:01: [mem 0x00f00000-0x00ffffff] has been reserved
[    0.210268] system 00:01: [mem 0x20000000-0x201fffff] has been reserved
[    0.210271] system 00:01: [mem 0x40000000-0x401fffff] has been reserved
[    0.210276] system 00:01: Plug and Play ACPI device, IDs PNP0c02 (active)
[    0.210777] pnp 00:02: [io  0x0000-0x001f]
[    0.210780] pnp 00:02: [io  0x0081-0x0091]
[    0.210782] pnp 00:02: [io  0x0093-0x009f]
[    0.210785] pnp 00:02: [io  0x00c0-0x00df]
[    0.210788] pnp 00:02: [dma 4]
[    0.210837] pnp 00:02: Plug and Play ACPI device, IDs PNP0200 (active)
[    0.210849] pnp 00:03: [mem 0xff000000-0xffffffff]
[    0.210890] pnp 00:03: Plug and Play ACPI device, IDs INT0800 (active)
[    0.210999] pnp 00:04: [mem 0xfed00000-0xfed003ff]
[    0.211062] system 00:04: [mem 0xfed00000-0xfed003ff] has been reserved
[    0.211067] system 00:04: Plug and Play ACPI device, IDs PNP0103 PNP0c01 (active)
[    0.211083] pnp 00:05: [io  0x00f0]
[    0.211094] pnp 00:05: [irq 13]
[    0.211137] pnp 00:05: Plug and Play ACPI device, IDs PNP0c04 (active)
[    0.211151] pnp 00:06: [io  0x002e-0x002f]
[    0.211154] pnp 00:06: [io  0x004e-0x004f]
[    0.211156] pnp 00:06: [io  0x0061]
[    0.211158] pnp 00:06: [io  0x0063]
[    0.211161] pnp 00:06: [io  0x0065]
[    0.211163] pnp 00:06: [io  0x0067]
[    0.211165] pnp 00:06: [io  0x0080]
[    0.211167] pnp 00:06: [io  0x0092]
[    0.211169] pnp 00:06: [io  0x00b2-0x00b3]
[    0.211173] pnp 00:06: [io  0x0500-0x057f]
[    0.211176] pnp 00:06: [io  0x0480-0x04bf]
[    0.211239] system 00:06: [io  0x0500-0x057f] has been reserved
[    0.211243] system 00:06: [io  0x0480-0x04bf] has been reserved
[    0.211247] system 00:06: Plug and Play ACPI device, IDs PNP0c02 (active)
[    0.211258] pnp 00:07: [io  0x0070-0x0077]
[    0.211301] pnp 00:07: Plug and Play ACPI device, IDs PNP0b00 (active)
[    0.211327] pnp 00:08: [io  0x0060]
[    0.211329] pnp 00:08: [io  0x0064]
[    0.211335] pnp 00:08: [irq 1]
[    0.211380] pnp 00:08: Plug and Play ACPI device, IDs PNP0303 PNP030b (active)
[    0.211400] pnp 00:09: [io  0x0060]
[    0.211403] pnp 00:09: [io  0x0064]
[    0.211409] pnp 00:09: [irq 12]
[    0.211455] pnp 00:09: Plug and Play ACPI device, IDs PNP0f13 (active)
[    0.211488] pnp: PnP ACPI: found 10 devices
[    0.211491] ACPI: ACPI bus type pnp unregistered
[    0.218518] pci 0000:00:1c.0: PCI bridge to [bus 01-01]
[    0.218539] pci 0000:00:1c.1: PCI bridge to [bus 02-02]
[    0.218549] pci 0000:00:1c.1:   bridge window [mem 0xe0400000-0xe04fffff]
[    0.218564] pci 0000:00:1c.2: PCI bridge to [bus 03-03]
[    0.218572] pci 0000:00:1c.2:   bridge window [mem 0xe0500000-0xe05fffff]
[    0.218587] pci 0000:00:1c.3: PCI bridge to [bus 04-04]
[    0.218592] pci 0000:00:1c.3:   bridge window [io  0x2000-0x2fff]
[    0.218605] pci 0000:00:1c.3:   bridge window [mem 0xe0600000-0xe06fffff 64bit pref]
[    0.218661] pci_bus 0000:00: resource 4 [io  0x0000-0x0cf7]
[    0.218665] pci_bus 0000:00: resource 5 [io  0x0d00-0xffff]
[    0.218668] pci_bus 0000:00: resource 6 [mem 0x000a0000-0x000bffff]
[    0.218671] pci_bus 0000:00: resource 7 [mem 0x000c0000-0x000c3fff]
[    0.218674] pci_bus 0000:00: resource 8 [mem 0x000c4000-0x000c7fff]
[    0.218676] pci_bus 0000:00: resource 9 [mem 0x000c8000-0x000cbfff]
[    0.218680] pci_bus 0000:00: resource 10 [mem 0x000d0000-0x000d3fff]
[    0.218683] pci_bus 0000:00: resource 11 [mem 0x000d4000-0x000d7fff]
[    0.218685] pci_bus 0000:00: resource 12 [mem 0x000d8000-0x000dbfff]
[    0.218688] pci_bus 0000:00: resource 13 [mem 0x000dc000-0x000dffff]
[    0.218691] pci_bus 0000:00: resource 14 [mem 0x000e0000-0x000e3fff]
[    0.218694] pci_bus 0000:00: resource 15 [mem 0x000e4000-0x000e7fff]
[    0.218697] pci_bus 0000:00: resource 16 [mem 0x000e8000-0x000ebfff]
[    0.218700] pci_bus 0000:00: resource 17 [mem 0x000ec000-0x000effff]
[    0.218703] pci_bus 0000:00: resource 18 [mem 0x000f0000-0x000fffff]
[    0.218706] pci_bus 0000:00: resource 19 [mem 0xafa00001-0xfebfffff]
[    0.218709] pci_bus 0000:00: resource 20 [mem 0xfed40000-0xfed44fff]
[    0.218713] pci_bus 0000:02: resource 1 [mem 0xe0400000-0xe04fffff]
[    0.218716] pci_bus 0000:03: resource 1 [mem 0xe0500000-0xe05fffff]
[    0.218719] pci_bus 0000:04: resource 0 [io  0x2000-0x2fff]
[    0.218722] pci_bus 0000:04: resource 2 [mem 0xe0600000-0xe06fffff 64bit pref]
[    0.218776] NET: Registered protocol family 2
[    0.218846] IP route cache hash table entries: 131072 (order: 8, 1048576 bytes)
[    0.219143] TCP established hash table entries: 262144 (order: 10, 4194304 bytes)
[    0.220143] TCP bind hash table entries: 65536 (order: 9, 2097152 bytes)
[    0.220994] TCP: Hash tables configured (established 262144 bind 65536)
[    0.220998] TCP: reno registered
[    0.221007] UDP hash table entries: 2048 (order: 5, 196608 bytes)
[    0.221080] UDP-Lite hash table entries: 2048 (order: 5, 196608 bytes)
[    0.221235] NET: Registered protocol family 1
[    0.221254] pci 0000:00:02.0: Boot video device
[    0.221598] PCI: CLS 64 bytes, default 64
[    0.221650] PCI-DMA: Using software bounce buffering for IO (SWIOTLB)
[    0.221654] Placing 64MB software IO TLB between ffff8800a8eb9000 - ffff8800aceb9000
[    0.221657] software IO TLB at phys 0xa8eb9000 - 0xaceb9000
[    0.222452] microcode: CPU0 sig=0x206a7, pf=0x10, revision=0x28
[    0.222464] microcode: CPU1 sig=0x206a7, pf=0x10, revision=0x28
[    0.222496] microcode: Microcode Update Driver: v2.00 <tigran@aivazian.fsnet.co.uk>, Peter Oruba
[    0.225570] msgmni has been set to 7740
[    0.225930] Block layer SCSI generic (bsg) driver version 0.4 loaded (major 253)
[    0.225934] io scheduler noop registered
[    0.225936] io scheduler deadline registered
[    0.226016] io scheduler cfq registered (default)
[    0.226170] pcieport 0000:00:1c.0: irq 40 for MSI/MSI-X
[    0.226354] pcieport 0000:00:1c.1: irq 41 for MSI/MSI-X
[    0.226530] pcieport 0000:00:1c.2: irq 42 for MSI/MSI-X
[    0.226707] pcieport 0000:00:1c.3: irq 43 for MSI/MSI-X
[    0.226850] pcieport 0000:00:1c.0: Signaling PME through PCIe PME interrupt
[    0.226857] pcie_pme 0000:00:1c.0:pcie01: service driver pcie_pme loaded
[    0.226889] pcieport 0000:00:1c.1: Signaling PME through PCIe PME interrupt
[    0.226892] pci 0000:02:00.0: Signaling PME through PCIe PME interrupt
[    0.226899] pcie_pme 0000:00:1c.1:pcie01: service driver pcie_pme loaded
[    0.226927] pcieport 0000:00:1c.2: Signaling PME through PCIe PME interrupt
[    0.226931] pci 0000:03:00.0: Signaling PME through PCIe PME interrupt
[    0.226937] pcie_pme 0000:00:1c.2:pcie01: service driver pcie_pme loaded
[    0.226975] pcieport 0000:00:1c.3: Signaling PME through PCIe PME interrupt
[    0.226978] pci 0000:04:00.0: Signaling PME through PCIe PME interrupt
[    0.226984] pcie_pme 0000:00:1c.3:pcie01: service driver pcie_pme loaded
[    0.227005] pci_hotplug: PCI Hot Plug PCI Core version: 0.5
[    0.227035] pciehp: PCI Express Hot Plug Controller Driver version: 0.4
[    0.229331] ACPI: AC Adapter [AC] (on-line)
[    0.229433] input: Lid Switch as /devices/LNXSYSTM:00/device:00/PNP0C0D:00/input/input0
[    0.230025] ACPI: Lid Switch [LID0]
[    0.230086] input: Power Button as /devices/LNXSYSTM:00/device:00/PNP0C0C:00/input/input1
[    0.230092] ACPI: Power Button [PWRB]
[    0.230157] input: Power Button as /devices/LNXSYSTM:00/LNXPWRBN:00/input/input2
[    0.230161] ACPI: Power Button [PWRF]
[    0.230728] input: Video Bus as /devices/LNXSYSTM:00/device:00/PNP0A08:00/LNXVIDEO:00/input/input3
[    0.230735] ACPI: Video Device [GFX0] (multi-head: yes  rom: no  post: no)
[    0.230775] ACPI: Requesting acpi_cpufreq
[    0.231065] Monitor-Mwait will be used to enter C-1 state
[    0.231094] Monitor-Mwait will be used to enter C-2 state
[    0.231120] Monitor-Mwait will be used to enter C-3 state
[    0.231141] ACPI: acpi_idle registered with cpuidle
[    0.240843] thermal LNXTHERM:00: registered as thermal_zone0
[    0.240847] ACPI: Thermal Zone [THRM] (43 C)
[    0.241211] ACPI: Battery Slot [BATX] (battery absent)
[    0.241257] Non-volatile memory driver v1.3
[    0.241318] Linux agpgart interface v0.103
[    0.241401] agpgart-intel 0000:00:00.0: Intel Sandybridge Chipset
[    0.241515] agpgart-intel 0000:00:00.0: detected gtt size: 2097152K total, 262144K mappable
[    0.242418] agpgart-intel 0000:00:00.0: detected 32768K stolen memory
[    0.242536] agpgart-intel 0000:00:00.0: AGP aperture is 256M @ 0xd0000000
[    0.242680] tpm_tis tpm_tis: 1.2 TPM (device-id 0x0, rev-id 78)
[    0.313626] console [pstore-1] enabled
[    0.313658] [drm] Initialized drm 1.1.0 20060810
[    0.314009] i915 0000:00:02.0: setting latency timer to 64
[    0.370313] W 0xc5100: 0x0
[    0.370321] R 0x61208: 0x0
[    0.370325] R 0x6120c: 0x0
[    0.370330] W 0x61208: 0x19007d0
[    0.370335] W 0x6120c: 0x15e07d0
[    0.370340] W 0x100000: 0x0
[    0.370345] W 0x100008: 0x0
[    0.370349] W 0x100010: 0x0
[    0.370354] W 0x100018: 0x0
[    0.370358] W 0x100020: 0x0
[    0.370362] W 0x100028: 0x0
[    0.370367] W 0x100030: 0x0
[    0.370371] W 0x100038: 0x0
[    0.370375] W 0x100040: 0x0
[    0.370380] W 0x100048: 0x0
[    0.370384] W 0x100050: 0x0
[    0.370388] W 0x100058: 0x0
[    0.370393] W 0x100060: 0x0
[    0.370397] W 0x100068: 0x0
[    0.370401] W 0x100070: 0x0
[    0.370406] W 0x100078: 0x0
[    0.370410] R 0x145004: 0x600008
[    0.370415] R 0x145008: 0x600008
[    0.370445] i915 0000:00:02.0: irq 44 for MSI/MSI-X
[    0.370459] [drm] Supports vblank timestamp caching Rev 1 (10.10.2010).
[    0.370467] [drm] Driver supports precise vblank timestamp query.
[    0.370814] R 0x145d10: 0x16040307
[    0.370823] R 0x70008: 0xd8000050
[    0.370828] W 0x70008: 0xc0000050
[    0.370833] R 0x71008: 0x0
[    0.370837] W 0x71008: 0x0
[    0.370846] R 0x70008: 0xc0000050
[    0.370851] W 0x70008: 0xc0000050
[    0.370856] R 0x71008: 0x0
[    0.370860] W 0x71008: 0x0
[    0.371169] W 0x41000: 0x80000000
[    0.371178] R 0xe1180: 0x80300302
[    0.371192] W 0xc5100: 0x3
[    0.371198] W 0xc5104: 0x460100a1
[    0.371205] R 0xc5108: 0x200
[    0.371332] R 0xc5108: 0x8200
[    0.371455] R 0xc5108: 0x8200
[    0.371578] R 0xc5108: 0x8200
[    0.371701] R 0xc5108: 0xca00
[    0.371710] R 0xc510c: 0xe1003200
[    0.371719] R 0xc5108: 0xc200
[    0.371729] W 0xc5104: 0x48000000
[    0.371738] R 0xc5108: 0x8200
[    0.371869] R 0xc5108: 0x8800
[    0.371878] W 0xc5100: 0x0
[    0.371888] W 0xc5100: 0x3
[    0.371897] W 0xc5104: 0x468000a1
[    0.371906] R 0xc5108: 0x8200
[    0.372040] R 0xc5108: 0x8200
[    0.372163] R 0xc5108: 0x8200
[    0.372285] R 0xc5108: 0x8200
[    0.372407] R 0xc5108: 0x8201
[    0.372530] R 0xc5108: 0x8203
[    0.372652] R 0xc5108: 0x8a04
[    0.372661] R 0xc510c: 0xffffff00
[    0.372671] R 0xc5108: 0x8204
[    0.372792] R 0xc5108: 0x8206
[    0.372914] R 0xc5108: 0x8207
[    0.373039] R 0xc5108: 0x8a08
[    0.373048] R 0xc510c: 0xffffff
[    0.373058] R 0xc5108: 0x8209
[    0.373180] R 0xc5108: 0x820a
[    0.373302] R 0xc5108: 0x820b
[    0.373423] R 0xc5108: 0x8a0d
[    0.373432] R 0xc510c: 0x3143a34c
[    0.373441] R 0xc5108: 0x820d
[    0.373564] R 0xc5108: 0x820e
[    0.373686] R 0xc5108: 0x820f
[    0.373808] R 0xc5108: 0x8a11
[    0.373817] R 0xc510c: 0x0
[    0.373826] R 0xc5108: 0x8211
[    0.373951] R 0xc5108: 0x8212
[    0.374072] R 0xc5108: 0x8a14
[    0.374081] R 0xc510c: 0x3011500
[    0.374091] R 0xc5108: 0x8214
[    0.374213] R 0xc5108: 0x8215
[    0.374335] R 0xc5108: 0x8216
[    0.374456] R 0xc5108: 0x8a18
[    0.374466] R 0xc510c: 0x780e1a80
[    0.374475] R 0xc5108: 0x8218
[    0.374597] R 0xc5108: 0x8219
[    0.374719] R 0xc5108: 0x821b
[    0.374841] R 0xc5108: 0x8a1c
[    0.374851] R 0xc510c: 0x91851dea
[    0.374860] R 0xc5108: 0x821c
[    0.374985] R 0xc5108: 0x821d
[    0.375107] R 0xc5108: 0x821f
[    0.375229] R 0xc5108: 0x8a20
[    0.375238] R 0xc510c: 0x268f5956
[    0.375248] R 0xc5108: 0x8220
[    0.375370] R 0xc5108: 0x8222
[    0.375492] R 0xc5108: 0x8223
[    0.375614] R 0xc5108: 0x8a24
[    0.375623] R 0xc510c: 0x545018
[    0.375632] R 0xc5108: 0x8224
[    0.375753] R 0xc5108: 0x8226
[    0.375876] R 0xc5108: 0x8227
[    0.376001] R 0xc5108: 0x8a28
[    0.376010] R 0xc510c: 0x1010000
[    0.376019] R 0xc5108: 0x8229
[    0.376141] R 0xc5108: 0x822a
[    0.376264] R 0xc5108: 0x822b
[    0.376386] R 0xc5108: 0x8a2d
[    0.376395] R 0xc510c: 0x1010101
[    0.376404] R 0xc5108: 0x822d
[    0.376526] R 0xc5108: 0x822e
[    0.376648] R 0xc5108: 0x8a30
[    0.376657] R 0xc510c: 0x1010101
[    0.376667] R 0xc5108: 0x8230
[    0.376788] R 0xc5108: 0x8231
[    0.376910] R 0xc5108: 0x8232
[    0.377035] R 0xc5108: 0x8a34
[    0.377044] R 0xc510c: 0x1010101
[    0.377053] R 0xc5108: 0x8234
[    0.377175] R 0xc5108: 0x8235
[    0.377297] R 0xc5108: 0x8237
[    0.377420] R 0xc5108: 0x8a38
[    0.377429] R 0xc510c: 0x1db90101
[    0.377438] R 0xc5108: 0x8238
[    0.377560] R 0xc5108: 0x8239
[    0.377683] R 0xc5108: 0x823b
[    0.377804] R 0xc5108: 0x8a3c
[    0.377813] R 0xc510c: 0x50f056
[    0.377822] R 0xc5108: 0x823c
[    0.377946] R 0xc5108: 0x823e
[    0.378068] R 0xc5108: 0x823f
[    0.378190] R 0xc5108: 0x8a40
[    0.378200] R 0xc510c: 0x20303016
[    0.378209] R 0xc5108: 0x8240
[    0.378331] R 0xc5108: 0x8242
[    0.378453] R 0xc5108: 0x8243
[    0.378575] R 0xc5108: 0x8a44
[    0.378584] R 0xc510c: 0x90000025
[    0.378593] R 0xc5108: 0x8245
[    0.378714] R 0xc5108: 0x8246
[    0.378836] R 0xc5108: 0x8247
[    0.378962] R 0xc5108: 0x8a49
[    0.378971] R 0xc510c: 0x19000010
[    0.378981] R 0xc5108: 0x8249
[    0.379101] R 0xc5108: 0x824a
[    0.379223] R 0xc5108: 0x824b
[    0.379345] R 0xc5108: 0x8a4d
[    0.379354] R 0xc510c: 0xf000000
[    0.379364] R 0xc5108: 0x824d
[    0.379486] R 0xc5108: 0x824e
[    0.379607] R 0xc5108: 0x8a50
[    0.379616] R 0xc510c: 0x0
[    0.379625] R 0xc5108: 0x8250
[    0.379747] R 0xc5108: 0x8251
[    0.379869] R 0xc5108: 0x8252
[    0.379994] R 0xc5108: 0x8a54
[    0.380003] R 0xc510c: 0x0
[    0.380011] R 0xc5108: 0x8254
[    0.380133] R 0xc5108: 0x8255
[    0.380256] R 0xc5108: 0x8257
[    0.380377] R 0xc5108: 0x8a58
[    0.380386] R 0xc510c: 0x6d92500
[    0.380396] R 0xc5108: 0x8258
[    0.380517] R 0xc5108: 0x825a
[    0.380639] R 0xc5108: 0x825b
[    0.380761] R 0xc5108: 0x8a5c
[    0.380770] R 0xc510c: 0x6a
[    0.380779] R 0xc5108: 0x825c
[    0.380900] R 0xc5108: 0x825e
[    0.381025] R 0xc5108: 0x825f
[    0.381147] R 0xc5108: 0x8a60
[    0.381156] R 0xc510c: 0x5300fe00
[    0.381165] R 0xc5108: 0x8261
[    0.381287] R 0xc5108: 0x8262
[    0.381409] R 0xc5108: 0x8263
[    0.381532] R 0xc5108: 0x8a65
[    0.381541] R 0xc510c: 0x55534d41
[    0.381550] R 0xc5108: 0x8265
[    0.381672] R 0xc5108: 0x8266
[    0.381794] R 0xc5108: 0x8267
[    0.381916] R 0xc5108: 0x8a69
[    0.381925] R 0xc510c: 0x200a474e
[    0.381935] R 0xc5108: 0x8269
[    0.382067] R 0xc5108: 0x826a
[    0.382190] R 0xc5108: 0x8a6c
[    0.382199] R 0xc510c: 0x5441a34c
[    0.382209] R 0xc5108: 0x826c
[    0.382331] R 0xc5108: 0x826d
[    0.382453] R 0xc5108: 0x826f
[    0.382575] R 0xc5108: 0x8a70
[    0.382584] R 0xc510c: 0xfe000000
[    0.382594] R 0xc5108: 0x8270
[    0.382716] R 0xc5108: 0x8271
[    0.382838] R 0xc5108: 0x8273
[    0.382963] R 0xc5108: 0x8a74
[    0.382972] R 0xc510c: 0x4e544c00
[    0.382981] R 0xc5108: 0x8274
[    0.383103] R 0xc5108: 0x8276
[    0.383224] R 0xc5108: 0x8277
[    0.383347] R 0xc5108: 0x8a78
[    0.383356] R 0xc510c: 0x41363131
[    0.383365] R 0xc5108: 0x8278
[    0.383487] R 0xc5108: 0x827a
[    0.383609] R 0xc5108: 0x827b
[    0.383731] R 0xc5108: 0x8a7c
[    0.383740] R 0xc510c: 0x34363054
[    0.383750] R 0xc5108: 0x827d
[    0.383871] R 0xc5108: 0x827e
[    0.383996] R 0xc5108: 0x827f
[    0.384118] R 0xc5108: 0xca00
[    0.384127] R 0xc510c: 0xe1003230
[    0.384137] R 0xc5108: 0xc200
[    0.384146] W 0xc5104: 0x48000000
[    0.384156] R 0xc5108: 0xc200
[    0.384286] R 0xc5108: 0x8800
[    0.384295] W 0xc5100: 0x0
[    0.384316] R 0xe1180: 0x80300302
[    0.384325] R 0x48250: 0x80000000
[    0.384339] W 0x48250: 0x80000000
[    0.384345] R 0xc8250: 0x80000000
[    0.384352] W 0xc8250: 0x80000000
[    0.384358] R 0xc7204: 0x3
[    0.384363] W 0xc7204: 0xabcd0003
[    0.384399] R 0x48254: 0x1312
[    0.384405] R 0xc8254: 0x13121312
[    0.384430] R 0x48254: 0x1312
[    0.384435] R 0x64000: 0x18
[    0.384467] R 0xe1100: 0x40000
[    0.384473] W 0xe1100: 0xf40000
[    0.384480] R 0xe1140: 0x1c
[    0.384505] W 0xc5100: 0x0
[    0.384902] W 0xe0200: 0x0
[    0.384907] W 0xe1200: 0x0
[    0.384948] R 0xe4100: 0x4
[    0.384980] R 0xe4110: 0x144003e
[    0.384986] W 0xe4114: 0x40000000
[    0.384993] W 0xe4110: 0xd235003f
[    0.384999] R 0xe4110: 0x8145003f
[    0.385105] R 0xe4110: 0x8145003f
[    0.385212] R 0xe4110: 0x8145003f
[    0.385318] R 0xe4110: 0x8145003f
[    0.385424] R 0xe4110: 0x8145003f
[    0.385530] R 0xe4110: 0x5145003f
[    0.385536] W 0xe4110: 0x5345003f
[    0.385543] W 0xe4114: 0x40000000
[    0.385549] W 0xe4110: 0xd235003f
[    0.385555] R 0xe4110: 0x8145003f
[    0.385662] R 0xe4110: 0x8145003f
[    0.385768] R 0xe4110: 0x8145003f
[    0.385874] R 0xe4110: 0x8145003f
[    0.385980] R 0xe4110: 0x8145003f
[    0.386086] R 0xe4110: 0x5145003f
[    0.386092] W 0xe4110: 0x5345003f
[    0.386098] W 0xe4114: 0x40000000
[    0.386105] W 0xe4110: 0xd235003f
[    0.386111] R 0xe4110: 0x8145003f
[    0.386217] R 0xe4110: 0x8145003f
[    0.386324] R 0xe4110: 0x8145003f
[    0.386429] R 0xe4110: 0x8145003f
[    0.386536] R 0xe4110: 0x8145003f
[    0.386641] R 0xe4110: 0x5145003f
[    0.386647] W 0xe4110: 0x5345003f
[    0.386653] W 0xe4114: 0x40000000
[    0.386659] W 0xe4110: 0xd235003f
[    0.386666] R 0xe4110: 0x8145003f
[    0.386771] R 0xe4110: 0x8145003f
[    0.386878] R 0xe4110: 0x8145003f
[    0.386984] R 0xe4110: 0x8145003f
[    0.387090] R 0xe4110: 0x8145003f
[    0.387197] R 0xe4110: 0x5145003f
[    0.387203] W 0xe4110: 0x5345003f
[    0.387209] W 0xe4114: 0x40000000
[    0.387215] W 0xe4110: 0xd235003f
[    0.387222] R 0xe4110: 0x8145003f
[    0.387328] R 0xe4110: 0x8145003f
[    0.387434] R 0xe4110: 0x8145003f
[    0.387540] R 0xe4110: 0x8145003f
[    0.387647] R 0xe4110: 0x8145003f
[    0.387753] R 0xe4110: 0x5145003f
[    0.387759] W 0xe4110: 0x5345003f
[    0.387765] R 0xe4110: 0x145003f
[    0.387772] W 0xe4114: 0x0
[    0.387777] W 0xe4110: 0xd235003f
[    0.387784] R 0xe4110: 0x8145003f
[    0.387890] R 0xe4110: 0x8145003f
[    0.387996] R 0xe4110: 0x8145003f
[    0.388102] R 0xe4110: 0x8145003f
[    0.388209] R 0xe4110: 0x8145003f
[    0.388315] R 0xe4110: 0x5145003f
[    0.388321] W 0xe4110: 0x5345003f
[    0.388328] W 0xe4114: 0x0
[    0.388333] W 0xe4110: 0xd235003f
[    0.388339] R 0xe4110: 0x8145003f
[    0.388445] R 0xe4110: 0x8145003f
[    0.388552] R 0xe4110: 0x8145003f
[    0.388658] R 0xe4110: 0x8145003f
[    0.388764] R 0xe4110: 0x8145003f
[    0.388870] R 0xe4110: 0x5145003f
[    0.388877] W 0xe4110: 0x5345003f
[    0.388883] W 0xe4114: 0x0
[    0.388889] W 0xe4110: 0xd235003f
[    0.388895] R 0xe4110: 0x8145003f
[    0.389001] R 0xe4110: 0x8145003f
[    0.389108] R 0xe4110: 0x8145003f
[    0.389214] R 0xe4110: 0x8145003f
[    0.389320] R 0xe4110: 0x8145003f
[    0.389426] R 0xe4110: 0x5145003f
[    0.389433] W 0xe4110: 0x5345003f
[    0.389439] W 0xe4114: 0x0
[    0.389445] W 0xe4110: 0xd235003f
[    0.389451] R 0xe4110: 0x8145003f
[    0.389557] R 0xe4110: 0x8145003f
[    0.389663] R 0xe4110: 0x8145003f
[    0.389769] R 0xe4110: 0x8145003f
[    0.389875] R 0xe4110: 0x8145003f
[    0.389982] R 0xe4110: 0x5145003f
[    0.389988] W 0xe4110: 0x5345003f
[    0.389994] W 0xe4114: 0x0
[    0.390000] W 0xe4110: 0xd235003f
[    0.390006] R 0xe4110: 0x8145003f
[    0.390113] R 0xe4110: 0x8145003f
[    0.390218] R 0xe4110: 0x8145003f
[    0.390325] R 0xe4110: 0x8145003f
[    0.390431] R 0xe4110: 0x8145003f
[    0.390537] R 0xe4110: 0x5145003f
[    0.390544] W 0xe4110: 0x5345003f
[    0.390569] R 0xe1150: 0x18
[    0.390574] R 0xe1160: 0x18
[    0.390580] R 0xe4200: 0x0
[    0.390586] R 0xe4300: 0x0
[    0.390591] R 0x48254: 0x1312
[    0.390596] W 0x48254: 0x0
[    0.390601] R 0xc7204: 0xabcd0003
[    0.390608] W 0xc7204: 0xabcd0002
[    0.390614] R 0xc7200: 0xe0000003
[    0.390736] R 0xc7200: 0xe0000003
[    0.390859] R 0xc7200: 0xe0000003
[    0.390985] R 0xc7200: 0xe0000003
[    0.391108] R 0xc7200: 0xe0000003
[    0.391231] R 0xc7200: 0xe0000003
[    0.391354] R 0xc7200: 0xe0000003
[    0.391477] R 0xc7200: 0xe0000003
[    0.391600] R 0xc7200: 0xe0000003
[    0.391722] R 0xc7200: 0xe0000003
[    0.391845] R 0xc7200: 0xe0000003
[    0.391970] R 0xc7200: 0xe0000003
[    0.392093] R 0xc7200: 0xe0000003
[    0.392216] R 0xc7200: 0xe0000003
[    0.392339] R 0xc7200: 0xe0000003
[    0.392461] R 0xc7200: 0xe0000003
[    0.392584] R 0xc7200: 0xe0000003
[    0.392707] R 0xc7200: 0xe0000003
[    0.392830] R 0xc7200: 0xe0000003
[    0.392956] R 0xc7200: 0xe0000003
[    0.393078] R 0xc7200: 0xe0000003
[    0.393201] R 0xc7200: 0xe0000003
[    0.393324] R 0xc7200: 0xe0000003
[    0.393446] R 0xc7200: 0xe0000003
[    0.393569] R 0xc7200: 0xe0000003
[    0.393692] R 0xc7200: 0xe0000003
[    0.393815] R 0xc7200: 0xe0000003
[    0.393948] R 0xc7200: 0xe0000003
[    0.394072] R 0xc7200: 0xe0000003
[    0.394195] R 0xc7200: 0xe0000003
[    0.394317] R 0xc7200: 0xe0000003
[    0.394440] R 0xc7200: 0xe0000003
[    0.394563] R 0xc7200: 0xe0000003
[    0.394686] R 0xc7200: 0xe0000003
[    0.394808] R 0xc7200: 0xe0000003
[    0.394931] R 0xc7200: 0xe0000003
[    0.395064] R 0xc7200: 0xe0000003
[    0.395186] R 0xc7200: 0xe0000003
[    0.395309] R 0xc7200: 0xe0000003
[    0.395433] R 0xc7200: 0xe0000003
[    0.395556] R 0xc7200: 0xe0000003
[    0.395679] R 0xc7200: 0xe0000003
[    0.395801] R 0xc7200: 0xe0000003
[    0.395924] R 0xc7200: 0xe0000003
[    0.396048] R 0xc7200: 0xe0000003
[    0.396171] R 0xc7200: 0xe0000003
[    0.396294] R 0xc7200: 0xe0000003
[    0.396416] R 0xc7200: 0xe0000003
[    0.396539] R 0xc7200: 0xe0000003
[    0.396661] R 0xc7200: 0xe0000003
[    0.396783] R 0xc7200: 0xe0000003
[    0.396906] R 0xc7200: 0xe0000003
[    0.397032] R 0xc7200: 0xe0000003
[    0.397155] R 0xc7200: 0xe0000003
[    0.397278] R 0xc7200: 0xe0000003
[    0.397401] R 0xc7200: 0xe0000003
[    0.397523] R 0xc7200: 0xe0000003
[    0.397646] R 0xc7200: 0xe0000003
[    0.397769] R 0xc7200: 0xe0000003
[    0.397892] R 0xc7200: 0xe0000003
[    0.398017] R 0xc7200: 0xe0000003
[    0.398140] R 0xc7200: 0xe0000003
[    0.398263] R 0xc7200: 0xe0000003
[    0.398386] R 0xc7200: 0xe0000003
[    0.398509] R 0xc7200: 0xe0000003
[    0.398632] R 0xc7200: 0xe0000003
[    0.398755] R 0xc7200: 0xe0000003
[    0.398878] R 0xc7200: 0xe0000003
[    0.399004] R 0xc7200: 0xe0000003
[    0.399126] R 0xc7200: 0xe0000003
[    0.399249] R 0xc7200: 0xe0000003
[    0.399371] R 0xc7200: 0xe0000003
[    0.399494] R 0xc7200: 0xe0000003
[    0.399617] R 0xc7200: 0xe0000003
[    0.399740] R 0xc7200: 0xe0000003
[    0.399863] R 0xc7200: 0xe0000003
[    0.399988] R 0xc7200: 0xe0000003
[    0.400111] R 0xc7200: 0xe0000003
[    0.400234] R 0xc7200: 0xe0000003
[    0.400356] R 0xc7200: 0xe0000003
[    0.400479] R 0xc7200: 0xe0000003
[    0.400601] R 0xc7200: 0xe0000003
[    0.400724] R 0xc7200: 0xe0000003
[    0.400847] R 0xc7200: 0xe0000003
[    0.400973] R 0xc7200: 0xe0000003
[    0.401095] R 0xc7200: 0xe0000003
[    0.401218] R 0xc7200: 0xe0000003
[    0.401341] R 0xc7200: 0xe0000003
[    0.401463] R 0xc7200: 0xe0000003
[    0.401586] R 0xc7200: 0xe0000003
[    0.401709] R 0xc7200: 0xe0000003
[    0.401832] R 0xc7200: 0xe0000003
[    0.401957] R 0xc7200: 0xe0000003
[    0.402080] R 0xc7200: 0xe0000003
[    0.402203] R 0xc7200: 0xe0000003
[    0.402324] R 0xc7200: 0xe0000003
[    0.402447] R 0xc7200: 0xe0000003
[    0.402569] R 0xc7200: 0xe0000003
[    0.402692] R 0xc7200: 0xe0000003
[    0.402815] R 0xc7200: 0xe0000003
[    0.402945] R 0xc7200: 0xe0000003
[    0.403069] R 0xc7200: 0xe0000003
[    0.403191] R 0xc7200: 0xe0000003
[    0.403314] R 0xc7200: 0xe0000003
[    0.403437] R 0xc7200: 0xe0000003
[    0.403559] R 0xc7200: 0xe0000003
[    0.403681] R 0xc7200: 0xe0000003
[    0.403804] R 0xc7200: 0xe0000003
[    0.403927] R 0xc7200: 0xe0000003
[    0.404059] R 0xc7200: 0xe0000003
[    0.404182] R 0xc7200: 0xe0000003
[    0.404305] R 0xc7200: 0xe0000003
[    0.404428] R 0xc7200: 0xe0000003
[    0.404551] R 0xc7200: 0xe0000003
[    0.404673] R 0xc7200: 0xe0000003
[    0.404795] R 0xc7200: 0xe0000003
[    0.404919] R 0xc7200: 0xe0000003
[    0.405042] R 0xc7200: 0xe0000003
[    0.405165] R 0xc7200: 0xe0000003
[    0.405287] R 0xc7200: 0xe0000003
[    0.405411] R 0xc7200: 0xe0000003
[    0.405532] R 0xc7200: 0xe0000003
[    0.405655] R 0xc7200: 0xe0000003
[    0.405778] R 0xc7200: 0xe0000003
[    0.405900] R 0xc7200: 0xe0000003
[    0.406026] R 0xc7200: 0xe0000003
[    0.406149] R 0xc7200: 0xe0000003
[    0.406272] R 0xc7200: 0xe0000003
[    0.406394] R 0xc7200: 0xe0000003
[    0.406517] R 0xc7200: 0xe0000003
[    0.406640] R 0xc7200: 0xe0000003
[    0.406762] R 0xc7200: 0xe0000003
[    0.406885] R 0xc7200: 0xe0000003
[    0.407010] R 0xc7200: 0xe0000003
[    0.407133] R 0xc7200: 0xe0000003
[    0.407255] R 0xc7200: 0xe0000003
[    0.407378] R 0xc7200: 0xe0000003
[    0.407501] R 0xc7200: 0xe0000003
[    0.407623] R 0xc7200: 0xe0000003
[    0.407746] R 0xc7200: 0xe0000003
[    0.407869] R 0xc7200: 0xe0000003
[    0.407994] R 0xc7200: 0xe0000003
[    0.408117] R 0xc7200: 0xe0000003
[    0.408240] R 0xc7200: 0xe0000003
[    0.408362] R 0xc7200: 0xe0000003
[    0.408485] R 0xc7200: 0xe0000003
[    0.408608] R 0xc7200: 0xe0000003
[    0.408730] R 0xc7200: 0xe0000003
[    0.408852] R 0xc7200: 0xe0000003
[    0.408978] R 0xc7200: 0xe0000003
[    0.409101] R 0xc7200: 0xe0000003
[    0.409223] R 0xc7200: 0xe0000003
[    0.409346] R 0xc7200: 0xe0000003
[    0.409468] R 0xc7200: 0xe0000003
[    0.409591] R 0xc7200: 0xe0000003
[    0.409713] R 0xc7200: 0xe0000003
[    0.409836] R 0xc7200: 0xe0000003
[    0.409962] R 0xc7200: 0xe0000003
[    0.410084] R 0xc7200: 0xe0000003
[    0.410207] R 0xc7200: 0xe0000003
[    0.410330] R 0xc7200: 0xe0000003
[    0.410452] R 0xc7200: 0xe0000003
[    0.410575] R 0xc7200: 0xe0000003
[    0.410698] R 0xc7200: 0xe0000003
[    0.410819] R 0xc7200: 0xe0000003
[    0.410944] R 0xc7200: 0xe0000003
[    0.411068] R 0xc7200: 0xe0000003
[    0.411191] R 0xc7200: 0xe0000003
[    0.411313] R 0xc7200: 0xe0000003
[    0.411436] R 0xc7200: 0xe0000003
[    0.411560] R 0xc7200: 0xe0000003
[    0.411683] R 0xc7200: 0xe0000003
[    0.411805] R 0xc7200: 0xe0000003
[    0.411928] R 0xc7200: 0xe0000003
[    0.412060] R 0xc7200: 0xe0000003
[    0.412183] R 0xc7200: 0xe0000003
[    0.412306] R 0xc7200: 0xe0000003
[    0.412428] R 0xc7200: 0xe0000003
[    0.412550] R 0xc7200: 0xe0000003
[    0.412673] R 0xc7200: 0xe0000003
[    0.412796] R 0xc7200: 0xe0000003
[    0.412918] R 0xc7200: 0xe0000003
[    0.413041] R 0xc7200: 0xe0000003
[    0.413164] R 0xc7200: 0xe0000003
[    0.413287] R 0xc7200: 0xe0000003
[    0.413409] R 0xc7200: 0xe0000003
[    0.413531] R 0xc7200: 0xe0000003
[    0.413654] R 0xc7200: 0xe0000003
[    0.413777] R 0xc7200: 0xe0000003
[    0.413899] R 0xc7200: 0xe0000003
[    0.414024] R 0xc7200: 0xe0000003
[    0.414146] R 0xc7200: 0xe0000003
[    0.414269] R 0xc7200: 0xe0000003
[    0.414392] R 0xc7200: 0xe0000003
[    0.414514] R 0xc7200: 0xe0000003
[    0.414637] R 0xc7200: 0xe0000003
[    0.414760] R 0xc7200: 0xe0000003
[    0.414883] R 0xc7200: 0xe0000003
[    0.415008] R 0xc7200: 0xe0000003
[    0.415132] R 0xc7200: 0xe0000003
[    0.415254] R 0xc7200: 0xe0000003
[    0.415376] R 0xc7200: 0xe0000003
[    0.415499] R 0xc7200: 0xe0000003
[    0.415621] R 0xc7200: 0xe0000003
[    0.415744] R 0xc7200: 0xe0000003
[    0.415867] R 0xc7200: 0xe0000003
[    0.415992] R 0xc7200: 0xe0000003
[    0.416115] R 0xc7200: 0xe0000003
[    0.416237] R 0xc7200: 0xe0000003
[    0.416360] R 0xc7200: 0xe0000003
[    0.416482] R 0xc7200: 0xe0000003
[    0.416604] R 0xc7200: 0xe0000003
[    0.416727] R 0xc7200: 0xe0000003
[    0.416849] R 0xc7200: 0xe0000003
[    0.416975] R 0xc7200: 0xe0000003
[    0.417098] R 0xc7200: 0xe0000003
[    0.417220] R 0xc7200: 0xe0000003
[    0.417343] R 0xc7200: 0xe0000003
[    0.417466] R 0xc7200: 0xe0000003
[    0.417588] R 0xc7200: 0xe0000003
[    0.417710] R 0xc7200: 0xe0000003
[    0.417833] R 0xc7200: 0xe0000003
[    0.417959] R 0xc7200: 0xe0000003
[    0.418082] R 0xc7200: 0xe0000003
[    0.418204] R 0xc7200: 0xe0000003
[    0.418327] R 0xc7200: 0xe0000003
[    0.418450] R 0xc7200: 0xe0000003
[    0.418572] R 0xc7200: 0xe0000003
[    0.418695] R 0xc7200: 0xe0000003
[    0.418818] R 0xc7200: 0xe0000003
[    0.418942] R 0xc7200: 0xe0000003
[    0.419065] R 0xc7200: 0xe0000003
[    0.419187] R 0xc7200: 0xe0000003
[    0.419310] R 0xc7200: 0xe0000003
[    0.419433] R 0xc7200: 0xe0000003
[    0.419556] R 0xc7200: 0xe0000003
[    0.419678] R 0xc7200: 0xe0000003
[    0.419799] R 0xc7200: 0xe0000003
[    0.419921] R 0xc7200: 0xe0000003
[    0.420044] R 0xc7200: 0xe0000003
[    0.420167] R 0xc7200: 0xe0000003
[    0.420290] R 0xc7200: 0xe0000003
[    0.420413] R 0xc7200: 0xe0000003
[    0.420534] R 0xc7200: 0xe0000003
[    0.420657] R 0xc7200: 0xe0000003
[    0.420780] R 0xc7200: 0xe0000003
[    0.420902] R 0xc7200: 0xe0000003
[    0.421028] R 0xc7200: 0xe0000003
[    0.421151] R 0xc7200: 0xe0000003
[    0.421274] R 0xc7200: 0xe0000003
[    0.421396] R 0xc7200: 0xe0000003
[    0.421519] R 0xc7200: 0xe0000003
[    0.421643] R 0xc7200: 0xe0000003
[    0.421766] R 0xc7200: 0xe0000003
[    0.421889] R 0xc7200: 0xe0000003
[    0.422014] R 0xc7200: 0xe0000003
[    0.422137] R 0xc7200: 0xe0000003
[    0.422259] R 0xc7200: 0xe0000003
[    0.422381] R 0xc7200: 0xe0000003
[    0.422504] R 0xc7200: 0xe0000003
[    0.422627] R 0xc7200: 0xe0000003
[    0.422749] R 0xc7200: 0xe0000003
[    0.422871] R 0xc7200: 0xe0000003
[    0.422997] R 0xc7200: 0xe0000003
[    0.423119] R 0xc7200: 0xe0000003
[    0.423242] R 0xc7200: 0xe0000003
[    0.423365] R 0xc7200: 0xe0000003
[    0.423488] R 0xc7200: 0xe0000003
[    0.423610] R 0xc7200: 0xe0000003
[    0.423733] R 0xc7200: 0xe0000003
[    0.423856] R 0xc7200: 0xe0000003
[    0.423980] R 0xc7200: 0xe0000003
[    0.424104] R 0xc7200: 0xe0000003
[    0.424226] R 0xc7200: 0xe0000003
[    0.424349] R 0xc7200: 0xe0000003
[    0.424471] R 0xc7200: 0xe0000003
[    0.424594] R 0xc7200: 0xe0000003
[    0.424717] R 0xc7200: 0xe0000003
[    0.424840] R 0xc7200: 0xe0000003
[    0.424965] R 0xc7200: 0xe0000003
[    0.425087] R 0xc7200: 0xe0000003
[    0.425210] R 0xc7200: 0xe0000003
[    0.425332] R 0xc7200: 0xe0000003
[    0.425455] R 0xc7200: 0xe0000003
[    0.425578] R 0xc7200: 0xe0000003
[    0.425702] R 0xc7200: 0xe0000003
[    0.425824] R 0xc7200: 0xe0000003
[    0.425950] R 0xc7200: 0xe0000003
[    0.426073] R 0xc7200: 0xe0000003
[    0.426195] R 0xc7200: 0xe0000003
[    0.426318] R 0xc7200: 0xe0000003
[    0.426440] R 0xc7200: 0xe0000003
[    0.426563] R 0xc7200: 0xe0000003
[    0.426686] R 0xc7200: 0xe0000003
[    0.426808] R 0xc7200: 0xe0000003
[    0.426939] R 0xc7200: 0xe0000003
[    0.427063] R 0xc7200: 0xe0000003
[    0.427186] R 0xc7200: 0xe0000003
[    0.427309] R 0xc7200: 0xe0000003
[    0.427431] R 0xc7200: 0xe0000003
[    0.427554] R 0xc7200: 0xe0000003
[    0.427677] R 0xc7200: 0xe0000003
[    0.427799] R 0xc7200: 0xe0000003
[    0.427921] R 0xc7200: 0xe0000003
[    0.428045] R 0xc7200: 0xe0000003
[    0.428168] R 0xc7200: 0xe0000003
[    0.428291] R 0xc7200: 0xe0000003
[    0.428413] R 0xc7200: 0xe0000003
[    0.428536] R 0xc7200: 0xe0000003
[    0.428658] R 0xc7200: 0xe0000003
[    0.428781] R 0xc7200: 0xe0000003
[    0.428904] R 0xc7200: 0xe0000003
[    0.429029] R 0xc7200: 0xe0000003
[    0.429152] R 0xc7200: 0xe0000003
[    0.429276] R 0xc7200: 0xe0000003
[    0.429399] R 0xc7200: 0xe0000003
[    0.429522] R 0xc7200: 0xe0000003
[    0.429644] R 0xc7200: 0xe0000003
[    0.429766] R 0xc7200: 0xe0000003
[    0.429889] R 0xc7200: 0xe0000003
[    0.430015] R 0xc7200: 0xe0000003
[    0.430138] R 0xc7200: 0xe0000003
[    0.430261] R 0xc7200: 0xe0000003
[    0.430384] R 0xc7200: 0xe0000003
[    0.430506] R 0xc7200: 0xe0000003
[    0.430629] R 0xc7200: 0xe0000003
[    0.430752] R 0xc7200: 0xe0000003
[    0.430875] R 0xc7200: 0xe0000003
[    0.430999] R 0xc7200: 0xe0000003
[    0.431122] R 0xc7200: 0xe0000003
[    0.431245] R 0xc7200: 0xe0000003
[    0.431368] R 0xc7200: 0xe0000003
[    0.431491] R 0xc7200: 0xe0000003
[    0.431613] R 0xc7200: 0xe0000003
[    0.431736] R 0xc7200: 0xe0000003
[    0.431858] R 0xc7200: 0xe0000003
[    0.431983] R 0xc7200: 0xe0000003
[    0.432106] R 0xc7200: 0xe0000003
[    0.432229] R 0xc7200: 0xe0000003
[    0.432351] R 0xc7200: 0xe0000003
[    0.432474] R 0xc7200: 0xe0000003
[    0.432597] R 0xc7200: 0xe0000003
[    0.432719] R 0xc7200: 0xe0000003
[    0.432842] R 0xc7200: 0xe0000003
[    0.432968] R 0xc7200: 0xe0000003
[    0.433091] R 0xc7200: 0xe0000003
[    0.433214] R 0xc7200: 0xe0000003
[    0.433336] R 0xc7200: 0xe0000003
[    0.433459] R 0xc7200: 0xe0000003
[    0.433582] R 0xc7200: 0xe0000003
[    0.433704] R 0xc7200: 0xe0000003
[    0.433826] R 0xc7200: 0xe0000003
[    0.433952] R 0xc7200: 0xe0000003
[    0.434076] R 0xc7200: 0xe0000003
[    0.434199] R 0xc7200: 0xe0000003
[    0.434321] R 0xc7200: 0xe0000003
[    0.434444] R 0xc7200: 0xe0000003
[    0.434567] R 0xc7200: 0xe0000003
[    0.434689] R 0xc7200: 0xe0000003
[    0.434812] R 0xc7200: 0xe0000003
[    0.434937] R 0xc7200: 0xe0000003
[    0.435060] R 0xc7200: 0xe0000003
[    0.435183] R 0xc7200: 0xe0000003
[    0.435305] R 0xc7200: 0xe0000003
[    0.435428] R 0xc7200: 0xe0000003
[    0.435550] R 0xc7200: 0xe0000003
[    0.435672] R 0xc7200: 0xe0000003
[    0.435795] R 0xc7200: 0xe0000003
[    0.435917] R 0xc7200: 0xe0000003
[    0.436040] R 0xc7200: 0xe0000003
[    0.436163] R 0xc7200: 0xe0000003
[    0.436286] R 0xc7200: 0xe0000003
[    0.436408] R 0xc7200: 0xe0000003
[    0.436531] R 0xc7200: 0xe0000003
[    0.436653] R 0xc7200: 0xe0000003
[    0.436776] R 0xc7200: 0xe0000003
[    0.436899] R 0xc7200: 0xe0000003
[    0.437024] R 0xc7200: 0xe0000003
[    0.437147] R 0xc7200: 0xe0000003
[    0.437270] R 0xc7200: 0xe0000003
[    0.437393] R 0xc7200: 0xe0000003
[    0.437516] R 0xc7200: 0xe0000003
[    0.437638] R 0xc7200: 0xe0000003
[    0.437760] R 0xc7200: 0xe0000003
[    0.437883] R 0xc7200: 0xe0000003
[    0.438009] R 0xc7200: 0xe0000003
[    0.438131] R 0xc7200: 0xe0000003
[    0.438252] R 0xc7200: 0xe0000003
[    0.438375] R 0xc7200: 0xe0000003
[    0.438498] R 0xc7200: 0xe0000003
[    0.438620] R 0xc7200: 0xe0000003
[    0.438743] R 0xc7200: 0xe0000003
[    0.438866] R 0xc7200: 0xe0000003
[    0.438991] R 0xc7200: 0xe0000003
[    0.439113] R 0xc7200: 0xe0000003
[    0.439236] R 0xc7200: 0xe0000003
[    0.439359] R 0xc7200: 0xe0000003
[    0.439481] R 0xc7200: 0xe0000003
[    0.439604] R 0xc7200: 0xe0000003
[    0.439726] R 0xc7200: 0xe0000003
[    0.439849] R 0xc7200: 0xe0000003
[    0.439974] R 0xc7200: 0xe0000003
[    0.440097] R 0xc7200: 0xe0000003
[    0.440220] R 0xc7200: 0xe0000003
[    0.440342] R 0xc7200: 0xe0000003
[    0.440465] R 0xc7200: 0xe0000003
[    0.440587] R 0xc7200: 0xe0000003
[    0.440710] R 0xc7200: 0xe0000003
[    0.440832] R 0xc7200: 0xe0000003
[    0.440957] R 0xc7200: 0xe0000003
[    0.441080] R 0xc7200: 0xe0000003
[    0.441203] R 0xc7200: 0xe0000003
[    0.441325] R 0xc7200: 0xe0000003
[    0.441448] R 0xc7200: 0xe0000003
[    0.441570] R 0xc7200: 0xe0000003
[    0.441693] R 0xc7200: 0xe0000003
[    0.441815] R 0xc7200: 0xe0000003
[    0.441940] R 0xc7200: 0xe0000003
[    0.442062] R 0xc7200: 0xe0000003
[    0.442185] R 0xc7200: 0xe0000003
[    0.442307] R 0xc7200: 0xe0000003
[    0.442430] R 0xc7200: 0xe0000003
[    0.442553] R 0xc7200: 0xe0000003
[    0.442675] R 0xc7200: 0xe0000003
[    0.442798] R 0xc7200: 0xe0000003
[    0.442920] R 0xc7200: 0xe0000003
[    0.443043] R 0xc7200: 0xe0000003
[    0.443166] R 0xc7200: 0xe0000003
[    0.443289] R 0xc7200: 0xe0000003
[    0.443411] R 0xc7200: 0xe0000003
[    0.443534] R 0xc7200: 0xe0000003
[    0.443656] R 0xc7200: 0xe0000003
[    0.443779] R 0xc7200: 0xe0000003
[    0.443902] R 0xc7200: 0xe0000003
[    0.444027] R 0xc7200: 0xe0000003
[    0.444150] R 0xc7200: 0xe0000003
[    0.444275] R 0xc7200: 0xe0000003
[    0.444397] R 0xc7200: 0xe0000003
[    0.444520] R 0xc7200: 0xe0000003
[    0.444643] R 0xc7200: 0xe0000003
[    0.444765] R 0xc7200: 0xe0000003
[    0.444887] R 0xc7200: 0xe0000003
[    0.445012] R 0xc7200: 0xe0000003
[    0.445135] R 0xc7200: 0xe0000003
[    0.445258] R 0xc7200: 0xe0000003
[    0.445380] R 0xc7200: 0xe0000003
[    0.445503] R 0xc7200: 0xe0000003
[    0.445626] R 0xc7200: 0xe0000003
[    0.445748] R 0xc7200: 0xe0000003
[    0.445871] R 0xc7200: 0xe0000003
[    0.445996] R 0xc7200: 0xe0000003
[    0.446119] R 0xc7200: 0xe0000003
[    0.446242] R 0xc7200: 0xe0000003
[    0.446364] R 0xc7200: 0xe0000003
[    0.446487] R 0xc7200: 0xe0000003
[    0.446609] R 0xc7200: 0xe0000003
[    0.446732] R 0xc7200: 0xe0000003
[    0.446854] R 0xc7200: 0xe0000003
[    0.446979] R 0xc7200: 0xe0000003
[    0.447102] R 0xc7200: 0xe0000003
[    0.447224] R 0xc7200: 0xe0000003
[    0.447347] R 0xc7200: 0xe0000003
[    0.447470] R 0xc7200: 0xe0000003
[    0.447592] R 0xc7200: 0xe0000003
[    0.447715] R 0xc7200: 0xe0000003
[    0.447837] R 0xc7200: 0xe0000003
[    0.447962] R 0xc7200: 0xe0000003
[    0.448085] R 0xc7200: 0xe0000003
[    0.448207] R 0xc7200: 0xe0000003
[    0.448330] R 0xc7200: 0xe0000003
[    0.448452] R 0xc7200: 0xe0000003
[    0.448575] R 0xc7200: 0xe0000003
[    0.448698] R 0xc7200: 0xe0000003
[    0.448821] R 0xc7200: 0xe0000003
[    0.448946] R 0xc7200: 0xe0000003
[    0.449069] R 0xc7200: 0xe0000003
[    0.449192] R 0xc7200: 0xe0000003
[    0.449315] R 0xc7200: 0xe0000003
[    0.449437] R 0xc7200: 0xe0000003
[    0.449559] R 0xc7200: 0xe0000003
[    0.449682] R 0xc7200: 0xe0000003
[    0.449804] R 0xc7200: 0xe0000003
[    0.449927] R 0xc7200: 0xe0000003
[    0.450058] R 0xc7200: 0xe0000003
[    0.450181] R 0xc7200: 0xe0000003
[    0.450303] R 0xc7200: 0xe0000003
[    0.450426] R 0xc7200: 0xe0000003
[    0.450549] R 0xc7200: 0xe0000003
[    0.450671] R 0xc7200: 0xe0000003
[    0.450794] R 0xc7200: 0xe0000003
[    0.450917] R 0xc7200: 0xe0000003
[    0.451041] R 0xc7200: 0xe0000003
[    0.451165] R 0xc7200: 0xe0000003
[    0.451287] R 0xc7200: 0xe0000003
[    0.451409] R 0xc7200: 0xe0000003
[    0.451532] R 0xc7200: 0xe0000003
[    0.451655] R 0xc7200: 0xe0000003
[    0.451777] R 0xc7200: 0xe0000003
[    0.451900] R 0xc7200: 0xe0000003
[    0.452025] R 0xc7200: 0xe0000003
[    0.452148] R 0xc7200: 0xe0000003
[    0.452271] R 0xc7200: 0xe0000003
[    0.452393] R 0xc7200: 0xe0000003
[    0.452515] R 0xc7200: 0xe0000003
[    0.452638] R 0xc7200: 0xe0000003
[    0.452761] R 0xc7200: 0xe0000003
[    0.452883] R 0xc7200: 0xe0000003
[    0.453008] R 0xc7200: 0xe0000003
[    0.453131] R 0xc7200: 0xe0000003
[    0.453254] R 0xc7200: 0xe0000003
[    0.453376] R 0xc7200: 0xe0000003
[    0.453498] R 0xc7200: 0xe0000003
[    0.453621] R 0xc7200: 0xe0000003
[    0.453743] R 0xc7200: 0xe0000003
[    0.453866] R 0xc7200: 0xe0000003
[    0.453991] R 0xc7200: 0xe0000003
[    0.454114] R 0xc7200: 0xe0000003
[    0.454236] R 0xc7200: 0xe0000003
[    0.454359] R 0xc7200: 0xe0000003
[    0.454482] R 0xc7200: 0xe0000003
[    0.454604] R 0xc7200: 0xe0000003
[    0.454727] R 0xc7200: 0xe0000003
[    0.454849] R 0xc7200: 0xe0000003
[    0.454974] R 0xc7200: 0xe0000003
[    0.455097] R 0xc7200: 0xe0000003
[    0.455220] R 0xc7200: 0xe0000003
[    0.455342] R 0xc7200: 0xe0000003
[    0.455465] R 0xc7200: 0xe0000003
[    0.455588] R 0xc7200: 0xe0000003
[    0.455710] R 0xc7200: 0xe0000003
[    0.455833] R 0xc7200: 0xe0000003
[    0.455958] R 0xc7200: 0xe0000003
[    0.456081] R 0xc7200: 0xe0000003
[    0.456204] R 0xc7200: 0xe0000003
[    0.456326] R 0xc7200: 0xe0000003
[    0.456449] R 0xc7200: 0xe0000003
[    0.456572] R 0xc7200: 0xe0000003
[    0.456694] R 0xc7200: 0xe0000003
[    0.456817] R 0xc7200: 0xe0000003
[    0.456944] R 0xc7200: 0xe0000003
[    0.457067] R 0xc7200: 0xe0000003
[    0.457190] R 0xc7200: 0xe0000003
[    0.457312] R 0xc7200: 0xe0000003
[    0.457434] R 0xc7200: 0xe0000003
[    0.457557] R 0xc7200: 0xe0000003
[    0.457680] R 0xc7200: 0xe0000003
[    0.457802] R 0xc7200: 0xe0000003
[    0.457925] R 0xc7200: 0xe0000003
[    0.458057] R 0xc7200: 0xe0000003
[    0.458180] R 0xc7200: 0xe0000003
[    0.458303] R 0xc7200: 0xe0000003
[    0.458426] R 0xc7200: 0xe0000003
[    0.458548] R 0xc7200: 0xe0000003
[    0.458671] R 0xc7200: 0xe0000003
[    0.458793] R 0xc7200: 0xe0000003
[    0.458916] R 0xc7200: 0xe0000003
[    0.459039] R 0xc7200: 0xe0000003
[    0.459163] R 0xc7200: 0xe0000003
[    0.459286] R 0xc7200: 0xe0000003
[    0.459408] R 0xc7200: 0xe0000003
[    0.459531] R 0xc7200: 0xe0000003
[    0.459653] R 0xc7200: 0xe0000003
[    0.459776] R 0xc7200: 0xe0000003
[    0.459898] R 0xc7200: 0xe0000003
[    0.460024] R 0xc7200: 0xe0000003
[    0.460147] R 0xc7200: 0xe0000003
[    0.460270] R 0xc7200: 0xe0000003
[    0.460393] R 0xc7200: 0xe0000003
[    0.460517] R 0xc7200: 0xe0000003
[    0.460639] R 0xc7200: 0xe0000003
[    0.460760] R 0xc7200: 0xe0000003
[    0.460883] R 0xc7200: 0xe0000003
[    0.461009] R 0xc7200: 0xe0000003
[    0.461132] R 0xc7200: 0xe0000003
[    0.461254] R 0xc7200: 0xe0000003
[    0.461377] R 0xc7200: 0xe0000003
[    0.461500] R 0xc7200: 0xe0000003
[    0.461622] R 0xc7200: 0xe0000003
[    0.461745] R 0xc7200: 0xe0000003
[    0.461868] R 0xc7200: 0xe0000003
[    0.461993] R 0xc7200: 0xe0000003
[    0.462116] R 0xc7200: 0xe0000003
[    0.462239] R 0xc7200: 0xe0000003
[    0.462362] R 0xc7200: 0xe0000003
[    0.462485] R 0xc7200: 0xe0000003
[    0.462607] R 0xc7200: 0xe0000003
[    0.462730] R 0xc7200: 0xe0000003
[    0.462852] R 0xc7200: 0xe0000003
[    0.462978] R 0xc7200: 0xe0000003
[    0.463100] R 0xc7200: 0xe0000003
[    0.463223] R 0xc7200: 0xe0000003
[    0.463346] R 0xc7200: 0xe0000003
[    0.463468] R 0xc7200: 0xe0000003
[    0.463591] R 0xc7200: 0xe0000003
[    0.463714] R 0xc7200: 0xe0000003
[    0.463836] R 0xc7200: 0xe0000003
[    0.463961] R 0xc7200: 0xe0000003
[    0.464084] R 0xc7200: 0xe0000003
[    0.464207] R 0xc7200: 0xe0000003
[    0.464329] R 0xc7200: 0xe0000003
[    0.464452] R 0xc7200: 0xe0000003
[    0.464575] R 0xc7200: 0xe0000003
[    0.464697] R 0xc7200: 0xe0000003
[    0.464819] R 0xc7200: 0xe0000003
[    0.464945] R 0xc7200: 0xe0000003
[    0.465068] R 0xc7200: 0xe0000003
[    0.465190] R 0xc7200: 0xe0000003
[    0.465311] R 0xc7200: 0xe0000003
[    0.465434] R 0xc7200: 0xe0000003
[    0.465557] R 0xc7200: 0xe0000003
[    0.465679] R 0xc7200: 0xe0000003
[    0.465803] R 0xc7200: 0xe0000003
[    0.465934] R 0xc7200: 0xe0000003
[    0.466057] R 0xc7200: 0xe0000003
[    0.466180] R 0xc7200: 0xe0000003
[    0.466304] R 0xc7200: 0xe0000003
[    0.466426] R 0xc7200: 0xe0000003
[    0.466549] R 0xc7200: 0xe0000003
[    0.466672] R 0xc7200: 0xe0000003
[    0.466794] R 0xc7200: 0xe0000003
[    0.466917] R 0xc7200: 0xe0000003
[    0.467049] R 0xc7200: 0xe0000003
[    0.467172] R 0xc7200: 0xe0000003
[    0.467295] R 0xc7200: 0xe0000003
[    0.467417] R 0xc7200: 0xe0000003
[    0.467540] R 0xc7200: 0xe0000003
[    0.467663] R 0xc7200: 0xe0000003
[    0.467786] R 0xc7200: 0xe0000003
[    0.467909] R 0xc7200: 0xe0000003
[    0.468036] R 0xc7200: 0xe0000003
[    0.468159] R 0xc7200: 0xe0000003
[    0.468282] R 0xc7200: 0xe0000003
[    0.468405] R 0xc7200: 0xe0000003
[    0.468528] R 0xc7200: 0xe0000003
[    0.468650] R 0xc7200: 0xe0000003
[    0.468773] R 0xc7200: 0xe0000003
[    0.468896] R 0xc7200: 0xe0000003
[    0.469022] R 0xc7200: 0xe0000003
[    0.469144] R 0xc7200: 0xe0000003
[    0.469267] R 0xc7200: 0xe0000003
[    0.469389] R 0xc7200: 0xe0000003
[    0.469512] R 0xc7200: 0xe0000003
[    0.469635] R 0xc7200: 0xe0000003
[    0.469757] R 0xc7200: 0xe0000003
[    0.469880] R 0xc7200: 0xe0000003
[    0.470006] R 0xc7200: 0xe0000003
[    0.470129] R 0xc7200: 0xe0000003
[    0.470251] R 0xc7200: 0xe0000003
[    0.470374] R 0xc7200: 0xe0000003
[    0.470496] R 0xc7200: 0xe0000003
[    0.470619] R 0xc7200: 0xe0000003
[    0.470741] R 0xc7200: 0xe0000003
[    0.470864] R 0xc7200: 0xe0000003
[    0.470990] R 0xc7200: 0xe0000003
[    0.471114] R 0xc7200: 0xe0000003
[    0.471236] R 0xc7200: 0xe0000003
[    0.471359] R 0xc7200: 0xe0000003
[    0.471481] R 0xc7200: 0xe0000003
[    0.471603] R 0xc7200: 0xe0000003
[    0.471726] R 0xc7200: 0xe0000003
[    0.471849] R 0xc7200: 0xe0000003
[    0.471974] R 0xc7200: 0xe0000003
[    0.472097] R 0xc7200: 0xe0000003
[    0.472220] R 0xc7200: 0xe0000003
[    0.472343] R 0xc7200: 0xe0000003
[    0.472465] R 0xc7200: 0xe0000003
[    0.472588] R 0xc7200: 0xe0000003
[    0.472710] R 0xc7200: 0xe0000003
[    0.472833] R 0xc7200: 0xe0000003
[    0.472958] R 0xc7200: 0xe0000003
[    0.473081] R 0xc7200: 0xe0000003
[    0.473203] R 0xc7200: 0xe0000003
[    0.473325] R 0xc7200: 0xe0000003
[    0.473448] R 0xc7200: 0xe0000003
[    0.473570] R 0xc7200: 0xe0000003
[    0.473693] R 0xc7200: 0xe0000003
[    0.473815] R 0xc7200: 0xe0000003
[    0.473941] R 0xc7200: 0xe0000003
[    0.474064] R 0xc7200: 0xe0000003
[    0.474187] R 0xc7200: 0xe0000003
[    0.474310] R 0xc7200: 0xe0000003
[    0.474432] R 0xc7200: 0xe0000003
[    0.474555] R 0xc7200: 0xe0000003
[    0.474677] R 0xc7200: 0xe0000003
[    0.474800] R 0xc7200: 0xe0000003
[    0.474923] R 0xc7200: 0xe0000003
[    0.475055] R 0xc7200: 0xe0000003
[    0.475177] R 0xc7200: 0xe0000003
[    0.475300] R 0xc7200: 0xe0000003
[    0.475423] R 0xc7200: 0xe0000003
[    0.475546] R 0xc7200: 0xe0000003
[    0.475668] R 0xc7200: 0xe0000003
[    0.475791] R 0xc7200: 0xe0000003
[    0.475913] R 0xc7200: 0xe0000003
[    0.476037] R 0xc7200: 0xe0000003
[    0.476160] R 0xc7200: 0xe0000003
[    0.476283] R 0xc7200: 0xe0000003
[    0.476405] R 0xc7200: 0xe0000003
[    0.476526] R 0xc7200: 0xe0000003
[    0.476649] R 0xc7200: 0xe0000003
[    0.476772] R 0xc7200: 0xe0000003
[    0.476894] R 0xc7200: 0xe0000003
[    0.477020] R 0xc7200: 0xe0000003
[    0.477143] R 0xc7200: 0xe0000003
[    0.477266] R 0xc7200: 0xe0000003
[    0.477388] R 0xc7200: 0xe0000003
[    0.477511] R 0xc7200: 0xe0000003
[    0.477634] R 0xc7200: 0xe0000003
[    0.477756] R 0xc7200: 0xe0000003
[    0.477878] R 0xc7200: 0xe0000003
[    0.478004] R 0xc7200: 0xe0000003
[    0.478127] R 0xc7200: 0xe0000003
[    0.478249] R 0xc7200: 0xe0000003
[    0.478372] R 0xc7200: 0xe0000003
[    0.478495] R 0xc7200: 0xe0000003
[    0.478618] R 0xc7200: 0xe0000003
[    0.478740] R 0xc7200: 0xe0000003
[    0.478863] R 0xc7200: 0xe0000003
[    0.478988] R 0xc7200: 0xe0000003
[    0.479111] R 0xc7200: 0xe0000003
[    0.479234] R 0xc7200: 0xe0000003
[    0.479356] R 0xc7200: 0xe0000003
[    0.479479] R 0xc7200: 0xe0000003
[    0.479602] R 0xc7200: 0xe0000003
[    0.479725] R 0xc7200: 0xe0000003
[    0.479847] R 0xc7200: 0xe0000003
[    0.479973] R 0xc7200: 0xe0000003
[    0.480096] R 0xc7200: 0xe0000003
[    0.480219] R 0xc7200: 0xe0000003
[    0.480341] R 0xc7200: 0xe0000003
[    0.480464] R 0xc7200: 0xe0000003
[    0.480586] R 0xc7200: 0xe0000003
[    0.480709] R 0xc7200: 0xe0000003
[    0.480832] R 0xc7200: 0xe0000003
[    0.480957] R 0xc7200: 0xe0000003
[    0.481080] R 0xc7200: 0xe0000003
[    0.481203] R 0xc7200: 0xe0000003
[    0.481324] R 0xc7200: 0xe0000003
[    0.481447] R 0xc7200: 0xe0000003
[    0.481570] R 0xc7200: 0xe0000003
[    0.481692] R 0xc7200: 0xe0000003
[    0.481815] R 0xc7200: 0xe0000003
[    0.481940] R 0xc7200: 0xe0000003
[    0.482064] R 0xc7200: 0xe0000003
[    0.482187] R 0xc7200: 0xe0000003
[    0.482309] R 0xc7200: 0xe0000003
[    0.482433] R 0xc7200: 0xe0000003
[    0.482556] R 0xc7200: 0xe0000003
[    0.482679] R 0xc7200: 0xe0000003
[    0.482802] R 0xc7200: 0xe0000003
[    0.482933] R 0xc7200: 0xe0000003
[    0.483055] R 0xc7200: 0xe0000003
[    0.483178] R 0xc7200: 0xe0000003
[    0.483301] R 0xc7200: 0xe0000003
[    0.483424] R 0xc7200: 0xe0000003
[    0.483546] R 0xc7200: 0xe0000003
[    0.483669] R 0xc7200: 0xe0000003
[    0.483791] R 0xc7200: 0xe0000003
[    0.483914] R 0xc7200: 0xe0000003
[    0.484037] R 0xc7200: 0xe0000003
[    0.484160] R 0xc7200: 0xe0000003
[    0.484283] R 0xc7200: 0xe0000003
[    0.484406] R 0xc7200: 0xe0000003
[    0.484528] R 0xc7200: 0xe0000003
[    0.484651] R 0xc7200: 0xe0000003
[    0.484774] R 0xc7200: 0xe0000003
[    0.484897] R 0xc7200: 0xe0000003
[    0.485022] R 0xc7200: 0xe0000003
[    0.485146] R 0xc7200: 0xe0000003
[    0.485269] R 0xc7200: 0xe0000003
[    0.485392] R 0xc7200: 0xe0000003
[    0.485515] R 0xc7200: 0xe0000003
[    0.485637] R 0xc7200: 0xe0000003
[    0.485759] R 0xc7200: 0xe0000003
[    0.485882] R 0xc7200: 0xe0000003
[    0.486008] R 0xc7200: 0xe0000003
[    0.486131] R 0xc7200: 0xe0000003
[    0.486254] R 0xc7200: 0xe0000003
[    0.486375] R 0xc7200: 0xe0000003
[    0.486497] R 0xc7200: 0xe0000003
[    0.486620] R 0xc7200: 0xe0000003
[    0.486743] R 0xc7200: 0xe0000003
[    0.486865] R 0xc7200: 0xe0000003
[    0.486990] R 0xc7200: 0xe0000003
[    0.487113] R 0xc7200: 0xe0000003
[    0.487236] R 0xc7200: 0xe0000003
[    0.487359] R 0xc7200: 0xe0000003
[    0.487481] R 0xc7200: 0xe0000003
[    0.487604] R 0xc7200: 0xe0000003
[    0.487727] R 0xc7200: 0xe0000003
[    0.487849] R 0xc7200: 0xe0000003
[    0.487974] R 0xc7200: 0xe0000003
[    0.488097] R 0xc7200: 0xe0000003
[    0.488220] R 0xc7200: 0xe0000003
[    0.488343] R 0xc7200: 0xe0000003
[    0.488465] R 0xc7200: 0xe0000003
[    0.488587] R 0xc7200: 0xe0000003
[    0.488710] R 0xc7200: 0xe0000003
[    0.488832] R 0xc7200: 0xe0000003
[    0.488958] R 0xc7200: 0xe0000003
[    0.489081] R 0xc7200: 0xe0000003
[    0.489204] R 0xc7200: 0xe0000003
[    0.489327] R 0xc7200: 0xe0000003
[    0.489449] R 0xc7200: 0xe0000003
[    0.489572] R 0xc7200: 0xe0000003
[    0.489694] R 0xc7200: 0xe0000003
[    0.489816] R 0xc7200: 0xe0000003
[    0.489942] R 0xc7200: 0xe0000003
[    0.490065] R 0xc7200: 0xe0000003
[    0.490188] R 0xc7200: 0xe0000003
[    0.490311] R 0xc7200: 0xe0000003
[    0.490433] R 0xc7200: 0xe0000003
[    0.490556] R 0xc7200: 0xe0000003
[    0.490678] R 0xc7200: 0xe0000003
[    0.490801] R 0xc7200: 0xe0000003
[    0.490932] R 0xc7200: 0xe0000003
[    0.491056] R 0xc7200: 0xe0000003
[    0.491178] R 0xc7200: 0xe0000003
[    0.491301] R 0xc7200: 0xe0000003
[    0.491424] R 0xc7200: 0xe0000003
[    0.491546] R 0xc7200: 0xe0000003
[    0.491669] R 0xc7200: 0xe0000003
[    0.491792] R 0xc7200: 0xe0000003
[    0.491914] R 0xc7200: 0xe0000003
[    0.492046] R 0xc7200: 0xe0000003
[    0.492170] R 0xc7200: 0xe0000003
[    0.492293] R 0xc7200: 0xe0000003
[    0.492415] R 0xc7200: 0xe0000003
[    0.492538] R 0xc7200: 0xe0000003
[    0.492661] R 0xc7200: 0xe0000003
[    0.492783] R 0xc7200: 0xe0000003
[    0.492906] R 0xc7200: 0xe0000003
[    0.493031] R 0xc7200: 0xe0000003
[    0.493153] R 0xc7200: 0xe0000003
[    0.493276] R 0xc7200: 0xe0000003
[    0.493399] R 0xc7200: 0xe0000003
[    0.493522] R 0xc7200: 0xe0000003
[    0.493645] R 0xc7200: 0xe0000003
[    0.493768] R 0xc7200: 0xe0000003
[    0.493890] R 0xc7200: 0xe0000003
[    0.494016] R 0xc7200: 0xe0000003
[    0.494139] R 0xc7200: 0xe0000003
[    0.494261] R 0xc7200: 0xe0000003
[    0.494384] R 0xc7200: 0xe0000003
[    0.494506] R 0xc7200: 0xe0000003
[    0.494629] R 0xc7200: 0xe0000003
[    0.494752] R 0xc7200: 0xe0000003
[    0.494875] R 0xc7200: 0xe0000003
[    0.495000] R 0xc7200: 0xe0000003
[    0.495123] R 0xc7200: 0xe0000003
[    0.495246] R 0xc7200: 0xe0000003
[    0.495369] R 0xc7200: 0xe0000003
[    0.495492] R 0xc7200: 0xe0000003
[    0.495614] R 0xc7200: 0xe0000003
[    0.495737] R 0xc7200: 0xe0000003
[    0.495859] R 0xc7200: 0xe0000003
[    0.495984] R 0xc7200: 0xe0000003
[    0.496107] R 0xc7200: 0xe0000003
[    0.496230] R 0xc7200: 0xe0000003
[    0.496353] R 0xc7200: 0xe0000003
[    0.496475] R 0xc7200: 0xe0000003
[    0.496595] R 0xc7200: 0xe0000003
[    0.496717] R 0xc7200: 0xe0000003
[    0.496840] R 0xc7200: 0xe0000003
[    0.496965] R 0xc7200: 0xe0000003
[    0.497088] R 0xc7200: 0xe0000003
[    0.497211] R 0xc7200: 0xe0000003
[    0.497334] R 0xc7200: 0xe0000003
[    0.497456] R 0xc7200: 0xe0000003
[    0.497579] R 0xc7200: 0xe0000003
[    0.497702] R 0xc7200: 0xe0000003
[    0.497824] R 0xc7200: 0xe0000003
[    0.497949] R 0xc7200: 0xe0000003
[    0.498072] R 0xc7200: 0xe0000003
[    0.498194] R 0xc7200: 0xe0000003
[    0.498318] R 0xc7200: 0xe0000003
[    0.498440] R 0xc7200: 0xe0000003
[    0.498563] R 0xc7200: 0xe0000003
[    0.498685] R 0xc7200: 0xe0000003
[    0.498808] R 0xc7200: 0xe0000003
[    0.498932] R 0xc7200: 0xe0000003
[    0.499055] R 0xc7200: 0xe0000003
[    0.499177] R 0xc7200: 0xe0000003
[    0.499300] R 0xc7200: 0xe0000003
[    0.499423] R 0xc7200: 0xe0000003
[    0.499545] R 0xc7200: 0xe0000003
[    0.499668] R 0xc7200: 0xe0000003
[    0.499790] R 0xc7200: 0xe0000003
[    0.499913] R 0xc7200: 0xe0000003
[    0.500047] R 0xc7200: 0xe0000003
[    0.500169] R 0xc7200: 0xe0000003
[    0.500292] R 0xc7200: 0xe0000003
[    0.500415] R 0xc7200: 0xe0000003
[    0.500537] R 0xc7200: 0xe0000003
[    0.500660] R 0xc7200: 0xe0000003
[    0.500783] R 0xc7200: 0xe0000003
[    0.500905] R 0xc7200: 0xe0000003
[    0.501030] R 0xc7200: 0xe0000003
[    0.501153] R 0xc7200: 0xe0000003
[    0.501276] R 0xc7200: 0xe0000003
[    0.501399] R 0xc7200: 0xe0000003
[    0.501522] R 0xc7200: 0xe0000003
[    0.501645] R 0xc7200: 0xe0000003
[    0.501767] R 0xc7200: 0xe0000003
[    0.501889] R 0xc7200: 0xe0000003
[    0.502015] R 0xc7200: 0xe0000003
[    0.502138] R 0xc7200: 0xe0000003
[    0.502261] R 0xc7200: 0xe0000003
[    0.502383] R 0xc7200: 0xe0000003
[    0.502505] R 0xc7200: 0xe0000003
[    0.502628] R 0xc7200: 0xe0000003
[    0.502750] R 0xc7200: 0xe0000003
[    0.502873] R 0xc7200: 0xe0000003
[    0.502999] R 0xc7200: 0xe0000003
[    0.503121] R 0xc7200: 0xe0000003
[    0.503244] R 0xc7200: 0xe0000003
[    0.503367] R 0xc7200: 0xe0000003
[    0.503489] R 0xc7200: 0xe0000003
[    0.503612] R 0xc7200: 0xe0000003
[    0.503734] R 0xc7200: 0xe0000003
[    0.503856] R 0xc7200: 0xe0000003
[    0.503982] R 0xc7200: 0xe0000003
[    0.504105] R 0xc7200: 0xe0000003
[    0.504227] R 0xc7200: 0xe0000003
[    0.504350] R 0xc7200: 0xe0000003
[    0.504473] R 0xc7200: 0xe0000003
[    0.504595] R 0xc7200: 0xe0000003
[    0.504717] R 0xc7200: 0xe0000003
[    0.504840] R 0xc7200: 0xe0000003
[    0.504966] R 0xc7200: 0xe0000003
[    0.505089] R 0xc7200: 0xe0000003
[    0.505212] R 0xc7200: 0xe0000003
[    0.505334] R 0xc7200: 0xe0000003
[    0.505456] R 0xc7200: 0xe0000003
[    0.505579] R 0xc7200: 0xe0000003
[    0.505701] R 0xc7200: 0xe0000003
[    0.505824] R 0xc7200: 0xe0000003
[    0.505949] R 0xc7200: 0xe0000003
[    0.506072] R 0xc7200: 0xe0000003
[    0.506194] R 0xc7200: 0xe0000003
[    0.506316] R 0xc7200: 0xe0000003
[    0.506439] R 0xc7200: 0xe0000003
[    0.506562] R 0xc7200: 0xe0000003
[    0.506684] R 0xc7200: 0xe0000003
[    0.506807] R 0xc7200: 0xe0000003
[    0.506931] R 0xc7200: 0xe0000003
[    0.507054] R 0xc7200: 0xe0000003
[    0.507176] R 0xc7200: 0xe0000003
[    0.507299] R 0xc7200: 0xe0000003
[    0.507422] R 0xc7200: 0xe0000003
[    0.507544] R 0xc7200: 0xe0000003
[    0.507667] R 0xc7200: 0xe0000003
[    0.507790] R 0xc7200: 0xe0000003
[    0.507912] R 0xc7200: 0xe0000003
[    0.508045] R 0xc7200: 0xe0000003
[    0.508168] R 0xc7200: 0xe0000003
[    0.508291] R 0xc7200: 0xe0000003
[    0.508413] R 0xc7200: 0xe0000003
[    0.508536] R 0xc7200: 0xe0000003
[    0.508658] R 0xc7200: 0xe0000003
[    0.508781] R 0xc7200: 0xe0000003
[    0.508903] R 0xc7200: 0xe0000003
[    0.509028] R 0xc7200: 0xe0000003
[    0.509152] R 0xc7200: 0xe0000003
[    0.509275] R 0xc7200: 0xe0000003
[    0.509398] R 0xc7200: 0xe0000003
[    0.509520] R 0xc7200: 0xe0000003
[    0.509642] R 0xc7200: 0xe0000003
[    0.509764] R 0xc7200: 0xe0000003
[    0.509887] R 0xc7200: 0xe0000003
[    0.510013] R 0xc7200: 0xe0000003
[    0.510136] R 0xc7200: 0xe0000003
[    0.510258] R 0xc7200: 0xe0000003
[    0.510380] R 0xc7200: 0xe0000003
[    0.510503] R 0xc7200: 0xe0000003
[    0.510625] R 0xc7200: 0xe0000003
[    0.510747] R 0xc7200: 0xe0000003
[    0.510870] R 0xc7200: 0xe0000003
[    0.510995] R 0xc7200: 0xe0000003
[    0.511118] R 0xc7200: 0xe0000003
[    0.511241] R 0xc7200: 0xe0000003
[    0.511364] R 0xc7200: 0xe0000003
[    0.511486] R 0xc7200: 0xe0000003
[    0.511609] R 0xc7200: 0xe0000003
[    0.511731] R 0xc7200: 0xe0000003
[    0.511854] R 0xc7200: 0xe0000003
[    0.511979] R 0xc7200: 0xe0000003
[    0.512102] R 0xc7200: 0xe0000003
[    0.512225] R 0xc7200: 0xe0000003
[    0.512348] R 0xc7200: 0xe0000003
[    0.512471] R 0xc7200: 0xe0000003
[    0.512593] R 0xc7200: 0xe0000003
[    0.512716] R 0xc7200: 0xe0000003
[    0.512839] R 0xc7200: 0xe0000003
[    0.512964] R 0xc7200: 0xe0000003
[    0.513086] R 0xc7200: 0xe0000003
[    0.513209] R 0xc7200: 0xe0000003
[    0.513331] R 0xc7200: 0xe0000003
[    0.513454] R 0xc7200: 0xe0000003
[    0.513577] R 0xc7200: 0xe0000003
[    0.513699] R 0xc7200: 0xe0000003
[    0.513821] R 0xc7200: 0xe0000003
[    0.513946] R 0xc7200: 0xe0000003
[    0.514069] R 0xc7200: 0xe0000003
[    0.514192] R 0xc7200: 0xe0000003
[    0.514314] R 0xc7200: 0xe0000003
[    0.514437] R 0xc7200: 0xe0000003
[    0.514559] R 0xc7200: 0xe0000003
[    0.514682] R 0xc7200: 0xe0000003
[    0.514805] R 0xc7200: 0xe0000003
[    0.514929] R 0xc7200: 0xe0000003
[    0.515052] R 0xc7200: 0xe0000003
[    0.515175] R 0xc7200: 0xe0000003
[    0.515297] R 0xc7200: 0xe0000003
[    0.515420] R 0xc7200: 0xe0000003
[    0.515543] R 0xc7200: 0xe0000003
[    0.515665] R 0xc7200: 0xe0000003
[    0.515788] R 0xc7200: 0xe0000003
[    0.515910] R 0xc7200: 0xe0000003
[    0.516035] R 0xc7200: 0xe0000003
[    0.516158] R 0xc7200: 0xe0000003
[    0.516280] R 0xc7200: 0xe0000003
[    0.516403] R 0xc7200: 0xe0000003
[    0.516526] R 0xc7200: 0xe0000003
[    0.516648] R 0xc7200: 0xe0000003
[    0.516770] R 0xc7200: 0xe0000003
[    0.516893] R 0xc7200: 0xe0000003
[    0.517019] R 0xc7200: 0xe0000003
[    0.517142] R 0xc7200: 0xe0000003
[    0.517265] R 0xc7200: 0xe0000003
[    0.517387] R 0xc7200: 0xe0000003
[    0.517510] R 0xc7200: 0xe0000003
[    0.517633] R 0xc7200: 0xe0000003
[    0.517755] R 0xc7200: 0xe0000003
[    0.517878] R 0xc7200: 0xe0000003
[    0.518003] R 0xc7200: 0xe0000003
[    0.518125] R 0xc7200: 0xe0000003
[    0.518248] R 0xc7200: 0xe0000003
[    0.518370] R 0xc7200: 0xe0000003
[    0.518492] R 0xc7200: 0xe0000003
[    0.518615] R 0xc7200: 0xe0000003
[    0.518738] R 0xc7200: 0xe0000003
[    0.518861] R 0xc7200: 0xe0000003
[    0.518986] R 0xc7200: 0xe0000003
[    0.519109] R 0xc7200: 0xe0000003
[    0.519232] R 0xc7200: 0xe0000003
[    0.519355] R 0xc7200: 0xe0000003
[    0.519476] R 0xc7200: 0xe0000003
[    0.519599] R 0xc7200: 0xe0000003
[    0.519721] R 0xc7200: 0xe0000003
[    0.519844] R 0xc7200: 0xe0000003
[    0.519970] R 0xc7200: 0xe0000003
[    0.520093] R 0xc7200: 0xe0000003
[    0.520217] R 0xc7200: 0xe0000003
[    0.520339] R 0xc7200: 0xe0000003
[    0.520462] R 0xc7200: 0xe0000003
[    0.520584] R 0xc7200: 0xe0000003
[    0.520707] R 0xc7200: 0xe0000003
[    0.520829] R 0xc7200: 0xe0000003
[    0.520954] R 0xc7200: 0xe0000003
[    0.521077] R 0xc7200: 0xe0000003
[    0.521199] R 0xc7200: 0xe0000003
[    0.521321] R 0xc7200: 0xe0000003
[    0.521444] R 0xc7200: 0xe0000003
[    0.521566] R 0xc7200: 0xe0000003
[    0.521689] R 0xc7200: 0xe0000003
[    0.521812] R 0xc7200: 0xe0000003
[    0.521937] R 0xc7200: 0xe0000003
[    0.522060] R 0xc7200: 0xe0000003
[    0.522182] R 0xc7200: 0xe0000003
[    0.522304] R 0xc7200: 0xe0000003
[    0.522427] R 0xc7200: 0xe0000003
[    0.522550] R 0xc7200: 0xe0000003
[    0.522672] R 0xc7200: 0xe0000003
[    0.522795] R 0xc7200: 0xe0000003
[    0.522917] R 0xc7200: 0xe0000003
[    0.523049] R 0xc7200: 0xe0000003
[    0.523172] R 0xc7200: 0xe0000003
[    0.523295] R 0xc7200: 0xe0000003
[    0.523417] R 0xc7200: 0xe0000003
[    0.523540] R 0xc7200: 0xe0000003
[    0.523663] R 0xc7200: 0xe0000003
[    0.523786] R 0xc7200: 0xe0000003
[    0.523908] R 0xc7200: 0xe0000003
[    0.524031] R 0xc7200: 0xe0000003
[    0.524154] R 0xc7200: 0xe0000003
[    0.524277] R 0xc7200: 0xe0000003
[    0.524399] R 0xc7200: 0xe0000003
[    0.524522] R 0xc7200: 0xe0000003
[    0.524645] R 0xc7200: 0xe0000003
[    0.524767] R 0xc7200: 0xe0000003
[    0.524890] R 0xc7200: 0xe0000003
[    0.525016] R 0xc7200: 0xe0000003
[    0.525139] R 0xc7200: 0xe0000003
[    0.525262] R 0xc7200: 0xe0000003
[    0.525384] R 0xc7200: 0xe0000003
[    0.525507] R 0xc7200: 0xe0000003
[    0.525630] R 0xc7200: 0xe0000003
[    0.525752] R 0xc7200: 0xe0000003
[    0.525875] R 0xc7200: 0xe0000003
[    0.526001] R 0xc7200: 0xe0000003
[    0.526124] R 0xc7200: 0xe0000003
[    0.526247] R 0xc7200: 0xe0000003
[    0.526371] R 0xc7200: 0xe0000003
[    0.526493] R 0xc7200: 0xe0000003
[    0.526615] R 0xc7200: 0xe0000003
[    0.526737] R 0xc7200: 0xe0000003
[    0.526860] R 0xc7200: 0xe0000003
[    0.526985] R 0xc7200: 0xe0000003
[    0.527108] R 0xc7200: 0xe0000003
[    0.527231] R 0xc7200: 0xe0000003
[    0.527353] R 0xc7200: 0xe0000003
[    0.527475] R 0xc7200: 0xe0000003
[    0.527597] R 0xc7200: 0xe0000003
[    0.527720] R 0xc7200: 0xe0000003
[    0.527843] R 0xc7200: 0xe0000003
[    0.527968] R 0xc7200: 0xe0000003
[    0.528091] R 0xc7200: 0xe0000003
[    0.528214] R 0xc7200: 0xe0000003
[    0.528336] R 0xc7200: 0xe0000003
[    0.528459] R 0xc7200: 0xe0000003
[    0.528582] R 0xc7200: 0xe0000003
[    0.528704] R 0xc7200: 0xe0000003
[    0.528826] R 0xc7200: 0xe0000003
[    0.528951] R 0xc7200: 0xe0000003
[    0.529074] R 0xc7200: 0xe0000003
[    0.529197] R 0xc7200: 0xe0000003
[    0.529320] R 0xc7200: 0xe0000003
[    0.529443] R 0xc7200: 0xe0000003
[    0.529565] R 0xc7200: 0xe0000003
[    0.529688] R 0xc7200: 0xe0000003
[    0.529810] R 0xc7200: 0xe0000003
[    0.529936] R 0xc7200: 0xe0000003
[    0.530058] R 0xc7200: 0xe0000003
[    0.530181] R 0xc7200: 0xe0000003
[    0.530304] R 0xc7200: 0xe0000003
[    0.530426] R 0xc7200: 0xe0000003
[    0.530549] R 0xc7200: 0xe0000003
[    0.530671] R 0xc7200: 0xe0000003
[    0.530794] R 0xc7200: 0xe0000003
[    0.530916] R 0xc7200: 0xe0000003
[    0.531048] R 0xc7200: 0xe0000003
[    0.531170] R 0xc7200: 0xe0000003
[    0.531293] R 0xc7200: 0xe0000003
[    0.531416] R 0xc7200: 0xe0000003
[    0.531539] R 0xc7200: 0xe0000003
[    0.531662] R 0xc7200: 0xe0000003
[    0.531784] R 0xc7200: 0xe0000003
[    0.531906] R 0xc7200: 0xe0000003
[    0.532029] R 0xc7200: 0xe0000003
[    0.532152] R 0xc7200: 0xe0000003
[    0.532275] R 0xc7200: 0xe0000003
[    0.532398] R 0xc7200: 0xe0000003
[    0.532520] R 0xc7200: 0xe0000003
[    0.532643] R 0xc7200: 0xe0000003
[    0.532765] R 0xc7200: 0xe0000003
[    0.532888] R 0xc7200: 0xe0000003
[    0.533013] R 0xc7200: 0xe0000003
[    0.533136] R 0xc7200: 0xe0000003
[    0.533259] R 0xc7200: 0xe0000003
[    0.533382] R 0xc7200: 0xe0000003
[    0.533504] R 0xc7200: 0xe0000003
[    0.533627] R 0xc7200: 0xe0000003
[    0.533750] R 0xc7200: 0xe0000003
[    0.533872] R 0xc7200: 0xe0000003
[    0.533998] R 0xc7200: 0xe0000003
[    0.534121] R 0xc7200: 0xe0000003
[    0.534244] R 0xc7200: 0xe0000003
[    0.534366] R 0xc7200: 0xe0000003
[    0.534489] R 0xc7200: 0xe0000003
[    0.534612] R 0xc7200: 0xe0000003
[    0.534734] R 0xc7200: 0xe0000003
[    0.534857] R 0xc7200: 0xe0000003
[    0.534982] R 0xc7200: 0xe0000003
[    0.535105] R 0xc7200: 0xe0000003
[    0.535228] R 0xc7200: 0xe0000003
[    0.535350] R 0xc7200: 0xe0000003
[    0.535473] R 0xc7200: 0xe0000003
[    0.535595] R 0xc7200: 0xe0000003
[    0.535718] R 0xc7200: 0xe0000003
[    0.535841] R 0xc7200: 0xe0000003
[    0.535966] R 0xc7200: 0xe0000003
[    0.536088] R 0xc7200: 0xe0000003
[    0.536211] R 0xc7200: 0xe0000003
[    0.536333] R 0xc7200: 0xe0000003
[    0.536456] R 0xc7200: 0xe0000003
[    0.536579] R 0xc7200: 0xe0000003
[    0.536702] R 0xc7200: 0xe0000003
[    0.536823] R 0xc7200: 0xe0000003
[    0.536949] R 0xc7200: 0xe0000003
[    0.537072] R 0xc7200: 0xe0000003
[    0.537195] R 0xc7200: 0xe0000003
[    0.537318] R 0xc7200: 0xe0000003
[    0.537440] R 0xc7200: 0xe0000003
[    0.537563] R 0xc7200: 0xe0000003
[    0.537686] R 0xc7200: 0xe0000003
[    0.537809] R 0xc7200: 0xe0000003
[    0.537933] R 0xc7200: 0xe0000003
[    0.538056] R 0xc7200: 0xe0000003
[    0.538179] R 0xc7200: 0xe0000003
[    0.538301] R 0xc7200: 0xe0000003
[    0.538424] R 0xc7200: 0xe0000003
[    0.538547] R 0xc7200: 0xe0000003
[    0.538669] R 0xc7200: 0xe0000003
[    0.538791] R 0xc7200: 0xe0000003
[    0.538913] R 0xc7200: 0xe0000003
[    0.539046] R 0xc7200: 0xe0000003
[    0.539168] R 0xc7200: 0xe0000003
[    0.539291] R 0xc7200: 0xe0000003
[    0.539414] R 0xc7200: 0xe0000003
[    0.539537] R 0xc7200: 0xe0000003
[    0.539659] R 0xc7200: 0xe0000003
[    0.539781] R 0xc7200: 0xe0000003
[    0.539904] R 0xc7200: 0xe0000003
[    0.540027] R 0xc7200: 0xe0000003
[    0.540150] R 0xc7200: 0xe0000003
[    0.540272] R 0xc7200: 0xe0000003
[    0.540394] R 0xc7200: 0xe0000003
[    0.540517] R 0xc7200: 0xe0000003
[    0.540640] R 0xc7200: 0xe0000003
[    0.540762] R 0xc7200: 0xe0000003
[    0.540885] R 0xc7200: 0xe0000003
[    0.541010] R 0xc7200: 0xe0000003
[    0.541134] R 0xc7200: 0xe0000003
[    0.541256] R 0xc7200: 0xe0000003
[    0.541379] R 0xc7200: 0xe0000003
[    0.541501] R 0xc7200: 0xe0000003
[    0.541624] R 0xc7200: 0xe0000003
[    0.541747] R 0xc7200: 0xe0000003
[    0.541870] R 0xc7200: 0xe0000003
[    0.541995] R 0xc7200: 0xe0000003
[    0.542118] R 0xc7200: 0xe0000003
[    0.542241] R 0xc7200: 0xe0000003
[    0.542363] R 0xc7200: 0xe0000003
[    0.542486] R 0xc7200: 0xe0000003
[    0.542608] R 0xc7200: 0xe0000003
[    0.542731] R 0xc7200: 0xe0000003
[    0.542854] R 0xc7200: 0xe0000003
[    0.542980] R 0xc7200: 0xe0000003
[    0.543103] R 0xc7200: 0xe0000003
[    0.543225] R 0xc7200: 0xe0000003
[    0.543347] R 0xc7200: 0xe0000003
[    0.543470] R 0xc7200: 0xe0000003
[    0.543593] R 0xc7200: 0xe0000003
[    0.543716] R 0xc7200: 0xe0000003
[    0.543838] R 0xc7200: 0xe0000003
[    0.543964] R 0xc7200: 0xe0000003
[    0.544087] R 0xc7200: 0xe0000003
[    0.544210] R 0xc7200: 0xe0000003
[    0.544333] R 0xc7200: 0xe0000003
[    0.544455] R 0xc7200: 0xe0000003
[    0.544579] R 0xc7200: 0xe0000003
[    0.544701] R 0xc7200: 0xe0000003
[    0.544823] R 0xc7200: 0xe0000003
[    0.544949] R 0xc7200: 0xe0000003
[    0.545072] R 0xc7200: 0xe0000003
[    0.545194] R 0xc7200: 0xe0000003
[    0.545317] R 0xc7200: 0xe0000003
[    0.545439] R 0xc7200: 0xe0000003
[    0.545562] R 0xc7200: 0xe0000003
[    0.545684] R 0xc7200: 0xe0000003
[    0.545807] R 0xc7200: 0xe0000003
[    0.545932] R 0xc7200: 0xe0000003
[    0.546055] R 0xc7200: 0xe0000003
[    0.546178] R 0xc7200: 0xe0000003
[    0.546301] R 0xc7200: 0xe0000003
[    0.546423] R 0xc7200: 0xe0000003
[    0.546545] R 0xc7200: 0xe0000003
[    0.546668] R 0xc7200: 0xe0000003
[    0.546790] R 0xc7200: 0xe0000003
[    0.546913] R 0xc7200: 0xe0000003
[    0.547045] R 0xc7200: 0xe0000003
[    0.547168] R 0xc7200: 0xe0000003
[    0.547290] R 0xc7200: 0xe0000003
[    0.547413] R 0xc7200: 0xe0000003
[    0.547536] R 0xc7200: 0xe0000003
[    0.547658] R 0xc7200: 0xe0000003
[    0.547780] R 0xc7200: 0xe0000003
[    0.547903] R 0xc7200: 0xe0000003
[    0.548026] R 0xc7200: 0xe0000003
[    0.548149] R 0xc7200: 0xe0000003
[    0.548271] R 0xc7200: 0xe0000003
[    0.548394] R 0xc7200: 0xe0000003
[    0.548517] R 0xc7200: 0xe0000003
[    0.548639] R 0xc7200: 0xe0000003
[    0.548762] R 0xc7200: 0xe0000003
[    0.548884] R 0xc7200: 0xe0000003
[    0.549009] R 0xc7200: 0xe0000003
[    0.549132] R 0xc7200: 0xe0000003
[    0.549255] R 0xc7200: 0xe0000003
[    0.549378] R 0xc7200: 0xe0000003
[    0.549500] R 0xc7200: 0xe0000003
[    0.549623] R 0xc7200: 0xe0000003
[    0.549746] R 0xc7200: 0xe0000003
[    0.549869] R 0xc7200: 0xe0000003
[    0.549994] R 0xc7200: 0xe0000003
[    0.550117] R 0xc7200: 0xe0000003
[    0.550240] R 0xc7200: 0xe0000003
[    0.550362] R 0xc7200: 0xe0000003
[    0.550485] R 0xc7200: 0xe0000003
[    0.550608] R 0xc7200: 0xe0000003
[    0.550730] R 0xc7200: 0xe0000003
[    0.550853] R 0xc7200: 0xe0000003
[    0.550978] R 0xc7200: 0xe0000003
[    0.551101] R 0xc7200: 0xe0000003
[    0.551224] R 0xc7200: 0xe0000003
[    0.551346] R 0xc7200: 0xe0000003
[    0.551469] R 0xc7200: 0xe0000003
[    0.551592] R 0xc7200: 0xe0000003
[    0.551714] R 0xc7200: 0xe0000003
[    0.551837] R 0xc7200: 0xe0000003
[    0.551962] R 0xc7200: 0xe0000003
[    0.552085] R 0xc7200: 0xe0000003
[    0.552208] R 0xc7200: 0xe0000003
[    0.552331] R 0xc7200: 0xe0000003
[    0.552454] R 0xc7200: 0xe0000003
[    0.552576] R 0xc7200: 0xe0000003
[    0.552698] R 0xc7200: 0xe0000003
[    0.552821] R 0xc7200: 0xe0000003
[    0.552946] R 0xc7200: 0xe0000003
[    0.553069] R 0xc7200: 0xe0000003
[    0.553192] R 0xc7200: 0xe0000003
[    0.553315] R 0xc7200: 0xe0000003
[    0.553437] R 0xc7200: 0xe0000003
[    0.553560] R 0xc7200: 0xe0000003
[    0.553683] R 0xc7200: 0xe0000003
[    0.553805] R 0xc7200: 0xe0000003
[    0.553931] R 0xc7200: 0xe0000003
[    0.554054] R 0xc7200: 0xe0000003
[    0.554176] R 0xc7200: 0xe0000003
[    0.554299] R 0xc7200: 0xe0000003
[    0.554422] R 0xc7200: 0xe0000003
[    0.554545] R 0xc7200: 0xe0000003
[    0.554668] R 0xc7200: 0xe0000003
[    0.554790] R 0xc7200: 0xe0000003
[    0.554913] R 0xc7200: 0xe0000003
[    0.555045] R 0xc7200: 0xe0000003
[    0.555169] R 0xc7200: 0xe0000003
[    0.555292] R 0xc7200: 0xe0000003
[    0.555414] R 0xc7200: 0xe0000003
[    0.555537] R 0xc7200: 0xe0000003
[    0.555660] R 0xc7200: 0xe0000003
[    0.555782] R 0xc7200: 0xe0000003
[    0.555905] R 0xc7200: 0xe0000003
[    0.556028] R 0xc7200: 0xe0000003
[    0.556151] R 0xc7200: 0xe0000003
[    0.556273] R 0xc7200: 0xe0000003
[    0.556395] R 0xc7200: 0xe0000003
[    0.556518] R 0xc7200: 0xe0000003
[    0.556643] R 0xc7200: 0xe0000003
[    0.556766] R 0xc7200: 0xe0000003
[    0.556888] R 0xc7200: 0xe0000003
[    0.557013] R 0xc7200: 0xe0000003
[    0.557136] R 0xc7200: 0xe0000003
[    0.557259] R 0xc7200: 0xe0000003
[    0.557382] R 0xc7200: 0xe0000003
[    0.557505] R 0xc7200: 0xe0000003
[    0.557627] R 0xc7200: 0xe0000003
[    0.557749] R 0xc7200: 0xe0000003
[    0.557871] R 0xc7200: 0xe0000003
[    0.557997] R 0xc7200: 0xe0000003
[    0.558120] R 0xc7200: 0xe0000003
[    0.558243] R 0xc7200: 0xe0000003
[    0.558365] R 0xc7200: 0xe0000003
[    0.558488] R 0xc7200: 0xe0000003
[    0.558611] R 0xc7200: 0xe0000003
[    0.558733] R 0xc7200: 0xe0000003
[    0.558856] R 0xc7200: 0xe0000003
[    0.558982] R 0xc7200: 0xe0000003
[    0.559104] R 0xc7200: 0xe0000003
[    0.559228] R 0xc7200: 0xe0000003
[    0.559350] R 0xc7200: 0xe0000003
[    0.559473] R 0xc7200: 0xe0000003
[    0.559595] R 0xc7200: 0xe0000003
[    0.559718] R 0xc7200: 0xe0000003
[    0.559841] R 0xc7200: 0xe0000003
[    0.559966] R 0xc7200: 0xe0000003
[    0.560089] R 0xc7200: 0xe0000003
[    0.560212] R 0xc7200: 0xe0000003
[    0.560334] R 0xc7200: 0xe0000003
[    0.560456] R 0xc7200: 0xe0000003
[    0.560579] R 0xc7200: 0xe0000003
[    0.560702] R 0xc7200: 0xe0000003
[    0.560824] R 0xc7200: 0xe0000003
[    0.560949] R 0xc7200: 0xe0000003
[    0.561072] R 0xc7200: 0xe0000003
[    0.561195] R 0xc7200: 0xe0000003
[    0.561317] R 0xc7200: 0xe0000003
[    0.561440] R 0xc7200: 0xe0000003
[    0.561563] R 0xc7200: 0xe0000003
[    0.561685] R 0xc7200: 0xe0000003
[    0.561807] R 0xc7200: 0xe0000003
[    0.561932] R 0xc7200: 0xe0000003
[    0.562055] R 0xc7200: 0xe0000003
[    0.562178] R 0xc7200: 0xe0000003
[    0.562300] R 0xc7200: 0xe0000003
[    0.562423] R 0xc7200: 0xe0000003
[    0.562546] R 0xc7200: 0xe0000003
[    0.562669] R 0xc7200: 0xe0000003
[    0.562791] R 0xc7200: 0xe0000003
[    0.562926] R 0xc7200: 0xe0000003
[    0.563049] R 0xc7200: 0xe0000003
[    0.563172] R 0xc7200: 0xe0000003
[    0.563295] R 0xc7200: 0xe0000003
[    0.563417] R 0xc7200: 0xe0000003
[    0.563540] R 0xc7200: 0xe0000003
[    0.563663] R 0xc7200: 0xe0000003
[    0.563786] R 0xc7200: 0xe0000003
[    0.563908] R 0xc7200: 0xe0000003
[    0.564041] R 0xc7200: 0xe0000003
[    0.564163] R 0xc7200: 0xe0000003
[    0.564286] R 0xc7200: 0xe0000003
[    0.564408] R 0xc7200: 0xe0000003
[    0.564531] R 0xc7200: 0xe0000003
[    0.564654] R 0xc7200: 0xe0000003
[    0.564776] R 0xc7200: 0xe0000003
[    0.564899] R 0xc7200: 0xe0000003
[    0.565022] R 0xc7200: 0xe0000003
[    0.565145] R 0xc7200: 0xe0000003
[    0.565268] R 0xc7200: 0xe0000003
[    0.565391] R 0xc7200: 0xe0000003
[    0.565514] R 0xc7200: 0xe0000003
[    0.565637] R 0xc7200: 0xe0000003
[    0.565759] R 0xc7200: 0xe0000003
[    0.565881] R 0xc7200: 0xe0000003
[    0.566007] R 0xc7200: 0xe0000003
[    0.566130] R 0xc7200: 0xe0000003
[    0.566252] R 0xc7200: 0xe0000003
[    0.566374] R 0xc7200: 0xe0000003
[    0.566495] R 0xc7200: 0xe0000003
[    0.566617] R 0xc7200: 0xe0000003
[    0.566740] R 0xc7200: 0xe0000003
[    0.566862] R 0xc7200: 0xe0000003
[    0.566987] R 0xc7200: 0xe0000003
[    0.567110] R 0xc7200: 0xe0000003
[    0.567233] R 0xc7200: 0xe0000003
[    0.567355] R 0xc7200: 0xe0000003
[    0.567478] R 0xc7200: 0xe0000003
[    0.567601] R 0xc7200: 0xe0000003
[    0.567723] R 0xc7200: 0xe0000003
[    0.567846] R 0xc7200: 0xe0000003
[    0.567971] R 0xc7200: 0xe0000003
[    0.568094] R 0xc7200: 0xe0000003
[    0.568218] R 0xc7200: 0xe0000003
[    0.568341] R 0xc7200: 0xe0000003
[    0.568463] R 0xc7200: 0xe0000003
[    0.568585] R 0xc7200: 0xe0000003
[    0.568708] R 0xc7200: 0xe0000003
[    0.568831] R 0xc7200: 0xe0000003
[    0.568956] R 0xc7200: 0xe0000003
[    0.569079] R 0xc7200: 0xe0000003
[    0.569202] R 0xc7200: 0xe0000003
[    0.569326] R 0xc7200: 0xe0000003
[    0.569448] R 0xc7200: 0xe0000003
[    0.569571] R 0xc7200: 0xe0000003
[    0.569694] R 0xc7200: 0xe0000003
[    0.569817] R 0xc7200: 0xe0000003
[    0.569943] R 0xc7200: 0xe0000003
[    0.570066] R 0xc7200: 0xe0000003
[    0.570189] R 0xc7200: 0xe0000003
[    0.570312] R 0xc7200: 0xe0000003
[    0.570434] R 0xc7200: 0xe0000003
[    0.570556] R 0xc7200: 0xe0000003
[    0.570679] R 0xc7200: 0xe0000003
[    0.570802] R 0xc7200: 0xe0000003
[    0.570927] R 0xc7200: 0xe0000003
[    0.571050] R 0xc7200: 0xe0000003
[    0.571173] R 0xc7200: 0xe0000003
[    0.571296] R 0xc7200: 0xe0000003
[    0.571418] R 0xc7200: 0xe0000003
[    0.571541] R 0xc7200: 0xe0000003
[    0.571664] R 0xc7200: 0xe0000003
[    0.571787] R 0xc7200: 0xe0000003
[    0.571909] R 0xc7200: 0xe0000003
[    0.572041] R 0xc7200: 0xe0000003
[    0.572164] R 0xc7200: 0xe0000003
[    0.572286] R 0xc7200: 0xe0000003
[    0.572409] R 0xc7200: 0xe0000003
[    0.572532] R 0xc7200: 0xe0000003
[    0.572654] R 0xc7200: 0xe0000003
[    0.572777] R 0xc7200: 0xe0000003
[    0.572900] R 0xc7200: 0xe0000003
[    0.573022] R 0xc7200: 0xe0000003
[    0.573145] R 0xc7200: 0xe0000003
[    0.573267] R 0xc7200: 0xe0000003
[    0.573389] R 0xc7200: 0xe0000003
[    0.573512] R 0xc7200: 0xe0000003
[    0.573634] R 0xc7200: 0xe0000003
[    0.573758] R 0xc7200: 0xe0000003
[    0.573881] R 0xc7200: 0xe0000003
[    0.574006] R 0xc7200: 0xe0000003
[    0.574130] R 0xc7200: 0xe0000003
[    0.574253] R 0xc7200: 0xe0000003
[    0.574376] R 0xc7200: 0xe0000003
[    0.574498] R 0xc7200: 0xe0000003
[    0.574620] R 0xc7200: 0xe0000003
[    0.574743] R 0xc7200: 0xe0000003
[    0.574866] R 0xc7200: 0xe0000003
[    0.574992] R 0xc7200: 0xe0000003
[    0.575115] R 0xc7200: 0xe0000003
[    0.575237] R 0xc7200: 0xe0000003
[    0.575360] R 0xc7200: 0xe0000003
[    0.575483] R 0xc7200: 0xe0000003
[    0.575605] R 0xc7200: 0xe0000003
[    0.575727] R 0xc7200: 0xe0000003
[    0.575850] R 0xc7200: 0xe0000003
[    0.575975] R 0xc7200: 0xe0000003
[    0.576098] R 0xc7200: 0xe0000003
[    0.576221] R 0xc7200: 0xe0000003
[    0.576344] R 0xc7200: 0xe0000003
[    0.576466] R 0xc7200: 0xe0000003
[    0.576589] R 0xc7200: 0xe0000003
