[    0.000000] Initializing cgroup subsys cpu
[    0.000000] Linux version 3.8.0-rc7 (rminnich@xcpu.mtv.corp.google.com) (gcc version 4.7.x-google 20120720 (prerelease) (4.7.1_cos_gg_164c96f) ) #2 SMP Wed Mar 27 15:52:24 PDT 2013
[    0.000000] Command line: cros_secure console= loglevel=7 init=/sbin/init cros_secure root=/dev/dm-0 rootwait ro dm_verity.error_behavior=3 dm_verity.max_bios=-1 dm_verity.dev_wait=1 dm="1 vroot none ro 1,0 2097152 verity payload=d14666bc-c575-1644-990c-9652c2583f3e+1 hashtree=d14666bc-c575-1644-990c-9652c2583f3e+1 hashstart=2097152 alg=sha1 root_hexdigest=43c6ea7b44d80415c0bb0da54fff9a5cbb2e72b0 salt=b7167c1aa28061e11db15d2ea3119a4852b797441a7addb90a23454f03bb5c52" noinitrd cros_debug vt.global_cursor_default=0 kern_guid=d14666bc-c575-1644-990c-9652c2583f3e add_efi_memmap boot=local noresume noswap i915.modeset=1 tpm_tis.force=1 tpm_tis.interrupts=0 nmi_watchdog=panic,lapic oops=panic panic=-1 
[    0.000000] e820: BIOS-provided physical RAM map:
[    0.000000] BIOS-e820: [mem 0x0000000000000000-0x0000000000000fff] type 16
[    0.000000] BIOS-e820: [mem 0x0000000000001000-0x000000000002ffff] usable
[    0.000000] BIOS-e820: [mem 0x0000000000030000-0x000000000003ffff] reserved
[    0.000000] BIOS-e820: [mem 0x0000000000040000-0x000000000009ffff] usable
[    0.000000] BIOS-e820: [mem 0x00000000000a0000-0x00000000000fffff] reserved
[    0.000000] BIOS-e820: [mem 0x0000000000100000-0x0000000000efffff] usable
[    0.000000] BIOS-e820: [mem 0x0000000000f00000-0x0000000000ffffff] reserved
[    0.000000] BIOS-e820: [mem 0x0000000001000000-0x000000007f744fff] usable
[    0.000000] BIOS-e820: [mem 0x000000007f745000-0x000000007f7fffff] type 16
[    0.000000] BIOS-e820: [mem 0x000000007f800000-0x00000000821fffff] reserved
[    0.000000] BIOS-e820: [mem 0x00000000f0000000-0x00000000f3ffffff] reserved
[    0.000000] BIOS-e820: [mem 0x00000000fed10000-0x00000000fed19fff] reserved
[    0.000000] BIOS-e820: [mem 0x00000000fed84000-0x00000000fed84fff] reserved
[    0.000000] BIOS-e820: [mem 0x0000000100000000-0x000000017cdfffff] usable
[    0.000000] NX (Execute Disable) protection: active
[    0.000000] SMBIOS 2.7 present.
[    0.000000] DMI: Intel WHITETIP MOUNTAIN 2, BIOS Intel_Haswell_CRB.3993.0.2013_04_15_0828 04/15/2013
[    0.000000] e820: update [mem 0x00000000-0x0000ffff] usable ==> reserved
[    0.000000] e820: remove [mem 0x000a0000-0x000fffff] usable
[    0.000000] No AGP bridge found
[    0.000000] e820: last_pfn = 0x17ce00 max_arch_pfn = 0x400000000
[    0.000000] MTRR default type: uncachable
[    0.000000] MTRR fixed ranges enabled:
[    0.000000]   00000-9FFFF write-back
[    0.000000]   A0000-BFFFF uncachable
[    0.000000]   C0000-FFFFF write-back
[    0.000000] MTRR variable ranges enabled:
[    0.000000]   0 base 0000000000 mask 7F80000000 write-back
[    0.000000]   1 base 0100000000 mask 7F80000000 write-back
[    0.000000]   2 base 017CE00000 mask 7FFFE00000 uncachable
[    0.000000]   3 base 017D000000 mask 7FFF000000 uncachable
[    0.000000]   4 base 017E000000 mask 7FFE000000 uncachable
[    0.000000]   5 disabled
[    0.000000]   6 disabled
[    0.000000]   7 disabled
[    0.000000]   8 disabled
[    0.000000]   9 disabled
[    0.000000] x86 PAT enabled: cpu 0, old 0x7040600070406, new 0x7010600070106
[    0.000000] e820: update [mem 0x80000000-0xffffffff] usable ==> reserved
[    0.000000] e820: last_pfn = 0x7f745 max_arch_pfn = 0x400000000
[    0.000000] initial memory mapped: [mem 0x00000000-0x1fffffff]
[    0.000000] Base memory trampoline at [ffff88000009a000] 9a000 size 24576
[    0.000000] Using GB pages for direct mapping
[    0.000000] init_memory_mapping: [mem 0x00000000-0x7f744fff]
[    0.000000]  [mem 0x00000000-0x3fffffff] page 1G
[    0.000000]  [mem 0x40000000-0x7f5fffff] page 2M
[    0.000000]  [mem 0x7f600000-0x7f744fff] page 4k
[    0.000000] kernel direct mapping tables up to 0x7f744fff @ [mem 0x1fffd000-0x1fffffff]
[    0.000000] init_memory_mapping: [mem 0x100000000-0x17cdfffff]
[    0.000000]  [mem 0x100000000-0x13fffffff] page 1G
[    0.000000]  [mem 0x140000000-0x17cdfffff] page 2M
[    0.000000] kernel direct mapping tables up to 0x17cdfffff @ [mem 0x7f743000-0x7f744fff]
[    0.000000] ACPI: RSDP 00000000000f0000 00024 (v02 CORE  )
[    0.000000] ACPI: XSDT 000000007f74f0e0 0004C (v01 CORE   COREBOOT 00000000 CORE 00000000)
[    0.000000] ACPI: FACP 000000007f7528b0 000F4 (v03 CORE   COREBOOT 00000000 CORE 00000001)
[    0.000000] ACPI Error: Gpe0Block - 32-bit FADT register is too long (32 bytes, 256 bits) to convert to GAS struct - 255 bits max, truncating (20121018/tbfadt-201)
[    0.000000] ACPI BIOS Bug: Warning: 32/64X length mismatch in FADT/Gpe0Block: 256/255 (20121018/tbfadt-567)
[    0.000000] ACPI: DSDT 000000007f74f250 03654 (v02 COREv4 COREBOOT 20110725 INTL 20090123)
[    0.000000] ACPI: FACS 000000007f74f210 00040
[    0.000000] ACPI: HPET 000000007f7529b0 00038 (v01 CORE   COREBOOT 00000000 CORE 00000000)
[    0.000000] ACPI: APIC 000000007f7529f0 0006C (v01 CORE   COREBOOT 00000000 CORE 00000000)
[    0.000000] ACPI: MCFG 000000007f752a60 0003C (v01 CORE   COREBOOT 00000000 CORE 00000000)
[    0.000000] ACPI: SSDT 000000007f753960 00CB8 (v02 CORE   COREBOOT 0000002A CORE 0000002A)
[    0.000000] ACPI: Local APIC address 0xfee00000
[    0.000000]  [ffffea0000000000-ffffea0005ffffff] PMD -> [ffff880178400000-ffff88017c3fffff] on node 0
[    0.000000] Zone ranges:
[    0.000000]   DMA      [mem 0x00010000-0x00ffffff]
[    0.000000]   DMA32    [mem 0x01000000-0xffffffff]
[    0.000000]   Normal   [mem 0x100000000-0x17cdfffff]
[    0.000000] Movable zone start for each node
[    0.000000] Early memory node ranges
[    0.000000]   node   0: [mem 0x00010000-0x0002ffff]
[    0.000000]   node   0: [mem 0x00040000-0x0009ffff]
[    0.000000]   node   0: [mem 0x00100000-0x00efffff]
[    0.000000]   node   0: [mem 0x01000000-0x7f744fff]
[    0.000000]   node   0: [mem 0x100000000-0x17cdfffff]
[    0.000000] On node 0 totalpages: 1033157
[    0.000000]   DMA zone: 58 pages used for memmap
[    0.000000]   DMA zone: 6 pages reserved
[    0.000000]   DMA zone: 3648 pages, LIFO batch:0
[    0.000000]   DMA32 zone: 8094 pages used for memmap
[    0.000000]   DMA32 zone: 509863 pages, LIFO batch:31
[    0.000000]   Normal zone: 7992 pages used for memmap
[    0.000000]   Normal zone: 503496 pages, LIFO batch:31
[    0.000000] ACPI: PM-Timer IO Port: 0x1008
[    0.000000] ACPI: Local APIC address 0xfee00000
[    0.000000] ACPI: LAPIC (acpi_id[0x00] lapic_id[0x00] enabled)
[    0.000000] ACPI: LAPIC (acpi_id[0x01] lapic_id[0x01] enabled)
[    0.000000] ACPI: LAPIC (acpi_id[0x02] lapic_id[0x02] enabled)
[    0.000000] ACPI: LAPIC (acpi_id[0x03] lapic_id[0x03] enabled)
[    0.000000] ACPI: IOAPIC (id[0x02] address[0xfec00000] gsi_base[0])
[    0.000000] IOAPIC[0]: apic_id 2, version 32, address 0xfec00000, GSI 0-23
[    0.000000] ACPI: INT_SRC_OVR (bus 0 bus_irq 0 global_irq 2 dfl dfl)
[    0.000000] ACPI: INT_SRC_OVR (bus 0 bus_irq 9 global_irq 9 high level)
[    0.000000] ACPI: IRQ0 used by override.
[    0.000000] ACPI: IRQ2 used by override.
[    0.000000] ACPI: IRQ9 used by override.
[    0.000000] Using ACPI (MADT) for SMP configuration information
[    0.000000] ACPI: HPET id: 0x8086a201 base: 0xfed00000
[    0.000000] smpboot: Allowing 4 CPUs, 0 hotplug CPUs
[    0.000000] nr_irqs_gsi: 40
[    0.000000] e820: [mem 0x82200000-0xefffffff] available for PCI devices
[    0.000000] setup_percpu: NR_CPUS:4 nr_cpumask_bits:4 nr_cpu_ids:4 nr_node_ids:1
[    0.000000] PERCPU: Embedded 27 pages/cpu @ffff88017ca00000 s78976 r8192 d23424 u524288
[    0.000000] pcpu-alloc: s78976 r8192 d23424 u524288 alloc=1*2097152
[    0.000000] pcpu-alloc: [0] 0 1 2 3 
[    0.000000] Built 1 zonelists in Zone order, mobility grouping on.  Total pages: 1017007
[    0.000000] Kernel command line: cros_secure console= loglevel=7 init=/sbin/init cros_secure root=/dev/dm-0 rootwait ro dm_verity.error_behavior=3 dm_verity.max_bios=-1 dm_verity.dev_wait=1 dm="1 vroot none ro 1,0 2097152 verity payload=d14666bc-c575-1644-990c-9652c2583f3e+1 hashtree=d14666bc-c575-1644-990c-9652c2583f3e+1 hashstart=2097152 alg=sha1 root_hexdigest=43c6ea7b44d80415c0bb0da54fff9a5cbb2e72b0 salt=b7167c1aa28061e11db15d2ea3119a4852b797441a7addb90a23454f03bb5c52" noinitrd cros_debug vt.global_cursor_default=0 kern_guid=d14666bc-c575-1644-990c-9652c2583f3e add_efi_memmap boot=local noresume noswap i915.modeset=1 tpm_tis.force=1 tpm_tis.interrupts=0 nmi_watchdog=panic,lapic oops=panic panic=-1 
[    0.000000] device-mapper: init: will configure 1 devices
[    0.000000] PID hash table entries: 4096 (order: 3, 32768 bytes)
[    0.000000] Dentry cache hash table entries: 524288 (order: 10, 4194304 bytes)
[    0.000000] Inode-cache hash table entries: 262144 (order: 9, 2097152 bytes)
[    0.000000] __ex_table already sorted, skipping sort
[    0.000000] xsave: enabled xstate_bv 0x7, cntxt size 0x340
[    0.000000] Disabling VMX on cpu 0
[    0.000000] Checking aperture...
[    0.000000] No AGP bridge found
[    0.000000] Memory: 3983820k/6240256k available (4751k kernel code, 2107628k absent, 148808k reserved, 4083k data, 692k init)
[    0.000000] SLUB: Genslabs=15, HWalign=64, Order=0-3, MinObjects=0, CPUs=4, Nodes=1
[    0.000000] Hierarchical RCU implementation.
[    0.000000] 	CONFIG_RCU_FANOUT set to non-default value of 32
[    0.000000] NR_IRQS:4352 nr_irqs:712 16
[    0.000000] Console: colour dummy device 80x25
[    0.000000] hpet clockevent registered
[    0.000000] Initial TSC value: 22201592882
[    0.000000] tsc: Fast TSC calibration using PIT
[    0.001000] Initial usec timer 17117650
[    0.001000] tsc: Detected 1297.028 MHz processor
[    0.000003] Calibrating delay loop (skipped), value calculated using timer frequency.. 2594.05 BogoMIPS (lpj=1297028)
[    0.000008] pid_max: default: 32768 minimum: 301
[    0.000045] Security Framework initialized
[    0.000057] Mount-cache hash table entries: 256
[    0.000305] CPU: Physical Processor ID: 0
[    0.000308] CPU: Processor Core ID: 0
[    0.001746] mce: CPU supports 7 MCE banks
[    0.001765] CPU0: Thermal monitoring enabled (TM1)
[    0.001778] process: using mwait in idle threads
[    0.001783] Last level iTLB entries: 4KB 0, 2MB 0, 4MB 0
[    0.001783] Last level dTLB entries: 4KB 64, 2MB 0, 4MB 0
[    0.001783] tlb_flushall_shift: 6
[    0.001956] Freeing SMP alternatives: 12k freed
[    0.001960] ACPI: Core revision 20121018
[    0.005225] acpi_enable!
[    0.005243] ACPI mode enable smi_command = 0xb2 val = 0xe1
[    0.005248] ftrace: allocating 21452 entries in 84 pages
[    0.019430] ..TIMER: vector=0x30 apic1=0 pin1=2 apic2=-1 pin2=-1
[    0.029433] smpboot: CPU0: Intel(R) Core(TM) i5-4250U CPU @ 1.30GHz (fam: 06, model: 45, stepping: 01)
[    0.029442] TSC deadline timer enabled
[    0.029446] Performance Events: no PEBS fmt2+, generic architected perfmon, Intel PMU driver.
[    0.029454] ... version:                3
[    0.029456] ... bit width:              48
[    0.029458] ... generic registers:      4
[    0.029460] ... value mask:             0000ffffffffffff
[    0.029462] ... max period:             000000007fffffff
[    0.029464] ... fixed-purpose events:   3
[    0.029466] ... event mask:             000000070000000f
[    0.041430] Disabling VMX on cpu 1
[    0.045511] NMI watchdog: enabled on all CPUs, permanently consumes one hw-PMU counter.
[    0.056184] Disabling VMX on cpu 2
[    0.030795] smpboot: Booting Node   0, Processors  #1 #2 #3 OK
[    0.071005] Disabling VMX on cpu 3
[    0.075062] Brought up 4 CPUs
[    0.075067] smpboot: Total of 4 processors activated (10376.22 BogoMIPS)
[    0.080246] devtmpfs: initialized
[    0.082305] RTC time:  1:00:19, date: 04/15/13
[    0.082364] NET: Registered protocol family 16
[    0.083201] ACPI: bus type pci registered
[    0.083247] PCI: MMCONFIG for domain 0000 [bus 00-3f] at [mem 0xf0000000-0xf3ffffff] (base 0xf0000000)
[    0.083250] PCI: MMCONFIG at [mem 0xf0000000-0xf3ffffff] reserved in E820
[    0.087347] PCI: Using configuration type 1 for base access
[    0.089060] bio: create slab <bio-0> at 0
[    0.089140] ACPI: Added _OSI(Module Device)
[    0.089142] ACPI: Added _OSI(Processor Device)
[    0.089145] ACPI: Added _OSI(3.0 _SCP Extensions)
[    0.089147] ACPI: Added _OSI(Processor Aggregator Device)
[    0.090495] ACPI: EC: Look up EC in DSDT
[    0.093556] ACPI: Interpreter enabled
[    0.093561] ACPI: (supports S0 S3 S5)
[    0.093582] ACPI: Using IOAPIC for interrupt routing
[    0.101817] ACPI: IRQ 7 override to level, high
[    0.101972] ACPI: IRQ 7 override to level, high
[    0.102116] ACPI: IRQ 7 override to level, high
[    0.102260] ACPI: IRQ 7 override to level, high
[    0.102398] ACPI: IRQ 13 override to level, high
[    0.102524] ACPI: IRQ 13 override to level, high
[    0.102644] ACPI: IRQ 5 override to level, high
[    0.102770] ACPI: Power Resource [FNP0] (on)
[    0.102812] ACPI: Power Resource [FNP1] (on)
[    0.102853] ACPI: Power Resource [FNP2] (on)
[    0.102892] ACPI: Power Resource [FNP3] (on)
[    0.102934] ACPI: Power Resource [FNP4] (on)
[    0.103587] ACPI: EC: GPE = 0xa, I/O: command/status = 0x66, data = 0x62
[    0.103718] ACPI: No dock devices found.
[    0.103723] PCI: Using host bridge windows from ACPI; if necessary, use "pci=nocrs" and report a bug
[    0.103811] ACPI: PCI Root Bridge [PCI0] (domain 0000 [bus 00-ff])
[    0.103814] ACPI: PCI Interrupt Routing Table [\_SB_.PCI0._PRT]
[    0.103982] pci_root PNP0A08:00: Requesting ACPI _OSC control (0x1d)
[    0.104013] pci_root PNP0A08:00: ACPI _OSC control (0x1d) granted
[    0.104147] pci_root PNP0A08:00: [Firmware Info]: MMCONFIG for domain 0000 [bus 00-3f] only partially covers this bridge
[    0.104181] PCI host bridge to bus 0000:00
[    0.104184] pci_bus 0000:00: root bus resource [bus 00-ff]
[    0.104188] pci_bus 0000:00: root bus resource [io  0x0000-0x0cf7]
[    0.104191] pci_bus 0000:00: root bus resource [io  0x0d00-0xffff]
[    0.104194] pci_bus 0000:00: root bus resource [mem 0x000a0000-0x000bffff]
[    0.104197] pci_bus 0000:00: root bus resource [mem 0x000c0000-0x000c3fff]
[    0.104200] pci_bus 0000:00: root bus resource [mem 0x000c4000-0x000c7fff]
[    0.104203] pci_bus 0000:00: root bus resource [mem 0x000c8000-0x000cbfff]
[    0.104206] pci_bus 0000:00: root bus resource [mem 0x000cc000-0x000cffff]
[    0.104209] pci_bus 0000:00: root bus resource [mem 0x000d0000-0x000d3fff]
[    0.104212] pci_bus 0000:00: root bus resource [mem 0x000d4000-0x000d7fff]
[    0.104215] pci_bus 0000:00: root bus resource [mem 0x000d8000-0x000dbfff]
[    0.104217] pci_bus 0000:00: root bus resource [mem 0x000dc000-0x000dffff]
[    0.104220] pci_bus 0000:00: root bus resource [mem 0x000e0000-0x000e3fff]
[    0.104223] pci_bus 0000:00: root bus resource [mem 0x000e4000-0x000e7fff]
[    0.104226] pci_bus 0000:00: root bus resource [mem 0x000e8000-0x000ebfff]
[    0.104229] pci_bus 0000:00: root bus resource [mem 0x000ec000-0x000effff]
[    0.104232] pci_bus 0000:00: root bus resource [mem 0x000f0000-0x000fffff]
[    0.104235] pci_bus 0000:00: root bus resource [mem 0x82200001-0xfebfffff]
[    0.104238] pci_bus 0000:00: root bus resource [mem 0xfed40000-0xfed44fff]
[    0.104251] pci 0000:00:00.0: [8086:0a04] type 00 class 0x060000
[    0.104309] pci 0000:00:02.0: [8086:0a26] type 00 class 0x030000
[    0.104328] pci 0000:00:02.0: reg 10: [mem 0xe0000000-0xe03fffff 64bit]
[    0.104339] pci 0000:00:02.0: reg 18: [mem 0xd0000000-0xdfffffff 64bit pref]
[    0.104347] pci 0000:00:02.0: reg 20: [io  0x1800-0x183f]
[    0.104419] pci 0000:00:13.0: [8086:9c36] type 00 class 0x000000
[    0.104443] pci 0000:00:13.0: reg 10: [mem 0xe0400000-0xe04fffff]
[    0.104456] pci 0000:00:13.0: reg 14: [mem 0xe0506000-0xe0506fff]
[    0.104547] pci 0000:00:13.0: PME# supported from D3hot
[    0.104581] pci 0000:00:1b.0: [8086:9c20] type 00 class 0x040300
[    0.104599] pci 0000:00:1b.0: reg 10: [mem 0xe0500000-0xe0503fff 64bit]
[    0.104678] pci 0000:00:1b.0: PME# supported from D0 D3hot D3cold
[    0.104701] pci 0000:00:1c.0: [8086:9c10] type 01 class 0x060400
[    0.104780] pci 0000:00:1c.0: PME# supported from D0 D3hot D3cold
[    0.104805] pci 0000:00:1c.1: [8086:9c12] type 01 class 0x060400
[    0.104882] pci 0000:00:1c.1: PME# supported from D0 D3hot D3cold
[    0.104906] pci 0000:00:1c.2: [8086:9c14] type 01 class 0x060400
[    0.104984] pci 0000:00:1c.2: PME# supported from D0 D3hot D3cold
[    0.105009] pci 0000:00:1c.3: [8086:9c16] type 01 class 0x060400
[    0.105092] pci 0000:00:1c.3: PME# supported from D0 D3hot D3cold
[    0.105118] pci 0000:00:1c.4: [8086:9c18] type 01 class 0x060400
[    0.105196] pci 0000:00:1c.4: PME# supported from D0 D3hot D3cold
[    0.105220] pci 0000:00:1c.5: [8086:9c1a] type 01 class 0x060400
[    0.105297] pci 0000:00:1c.5: PME# supported from D0 D3hot D3cold
[    0.105329] pci 0000:00:1d.0: [8086:9c26] type 00 class 0x0c0320
[    0.105355] pci 0000:00:1d.0: reg 10: [mem 0xe0517800-0xe0517bff]
[    0.105463] pci 0000:00:1d.0: PME# supported from D0 D3hot D3cold
[    0.105493] pci 0000:00:1f.0: [8086:9c43] type 00 class 0x060100
[    0.105642] pci 0000:00:1f.2: [8086:9c03] type 00 class 0x010601
[    0.105662] pci 0000:00:1f.2: reg 10: [io  0x1880-0x1887]
[    0.105672] pci 0000:00:1f.2: reg 14: [io  0x1890-0x1893]
[    0.105682] pci 0000:00:1f.2: reg 18: [io  0x1888-0x188f]
[    0.105692] pci 0000:00:1f.2: reg 1c: [io  0x1894-0x1897]
[    0.105702] pci 0000:00:1f.2: reg 20: [io  0x1840-0x185f]
[    0.105712] pci 0000:00:1f.2: reg 24: [mem 0xe0517000-0xe05177ff]
[    0.105757] pci 0000:00:1f.2: PME# supported from D3hot
[    0.105776] pci 0000:00:1f.3: [8086:9c22] type 00 class 0x0c0500
[    0.105794] pci 0000:00:1f.3: reg 10: [mem 0xe0517c00-0xe0517cff 64bit]
[    0.105820] pci 0000:00:1f.3: reg 20: [io  0x1860-0x187f]
[    0.105867] pci 0000:00:1f.6: [8086:9c24] type 00 class 0x118000
[    0.105903] pci 0000:00:1f.6: reg 10: [mem 0xe0516000-0xe0516fff 64bit]
[    0.106076] pci 0000:00:1c.0: PCI bridge to [bus 01]
[    0.106135] pci 0000:00:1c.1: PCI bridge to [bus 02]
[    0.106186] pci 0000:00:1c.2: PCI bridge to [bus 03]
[    0.106238] pci 0000:00:1c.3: PCI bridge to [bus 04]
[    0.106289] pci 0000:00:1c.4: PCI bridge to [bus 05]
[    0.106341] pci 0000:00:1c.5: PCI bridge to [bus 06]
[    0.106379] pci_bus 0000:00: on NUMA node 0
[    0.106404] ACPI: PCI Interrupt Routing Table [\_SB_.PCI0.RP01._PRT]
[    0.106664] ACPI: PCI Interrupt Routing Table [\_SB_.PCI0.RP02._PRT]
[    0.106915] ACPI: PCI Interrupt Routing Table [\_SB_.PCI0.RP03._PRT]
[    0.107182] ACPI: PCI Interrupt Routing Table [\_SB_.PCI0.RP04._PRT]
[    0.107450] ACPI: PCI Interrupt Routing Table [\_SB_.PCI0.RP05._PRT]
[    0.107680] ACPI: PCI Interrupt Routing Table [\_SB_.PCI0.RP06._PRT]
[    0.114805] ACPI: PCI Interrupt Link [LNKA] (IRQs 1 3 4 5 6 7 10 12 14 15) *11, disabled.
[    0.114860] ACPI: PCI Interrupt Link [LNKB] (IRQs 1 3 4 5 6 7 11 12 14 15) *10, disabled.
[    0.114909] ACPI: PCI Interrupt Link [LNKC] (IRQs 1 3 4 5 6 7 10 12 14 15) *11, disabled.
[    0.114959] ACPI: PCI Interrupt Link [LNKD] (IRQs 1 3 4 5 6 7 *11 12 14 15), disabled.
[    0.115007] ACPI: PCI Interrupt Link [LNKE] (IRQs 1 3 4 5 6 7 10 12 14 15) *0, disabled.
[    0.115055] ACPI: PCI Interrupt Link [LNKF] (IRQs 1 3 4 5 6 7 11 12 14 15) *0, disabled.
[    0.115110] ACPI: PCI Interrupt Link [LNKG] (IRQs 1 3 4 5 6 7 10 12 14 15) *0, disabled.
[    0.115160] ACPI: PCI Interrupt Link [LNKH] (IRQs 1 3 4 5 6 7 11 12 14 15) *0, disabled.
[    0.115296] SCSI subsystem initialized
[    0.115299] ACPI: bus type scsi registered
[    0.115342] libata version 3.00 loaded.
[    0.115369] ACPI: bus type usb registered
[    0.115392] usbcore: registered new interface driver usbfs
[    0.115404] usbcore: registered new interface driver hub
[    0.115433] usbcore: registered new device driver usb
[    0.115554] chromeos_acpi: registering CHSW 0
[    0.115718] chromeos_acpi: registering VBNV 0
[    0.115721] chromeos_acpi: registering VBNV 1
[    0.116024] chromeos_acpi: truncating buffer from 3072 to 1336
[    0.116289] chromeos_acpi: installed
[    0.116305] Advanced Linux Sound Architecture Driver Initialized.
[    0.116307] PCI: Using ACPI for IRQ routing
[    0.117913] PCI: pci_cache_line_size set to 64 bytes
[    0.117971] e820: reserve RAM buffer [mem 0x7f745000-0x7fffffff]
[    0.117975] e820: reserve RAM buffer [mem 0x17ce00000-0x17fffffff]
[    0.118070] RTM_NEWLINK: idx=1, flags=0x8, deliver=0, fail=0, congest=0
[    0.118087] RTM_NEWLINK: idx=131083, flags=0x74636C6E, deliver=0, fail=0, congest=0
[    0.118483] hpet0: at MMIO 0xfed00000, IRQs 2, 8, 0, 0, 0, 0, 0, 0
[    0.118493] hpet0: 8 comparators, 64-bit 14.318180 MHz counter
[    0.120509] Switching to clocksource hpet
[    0.128745] RTM_NEWLINK: idx=131087, flags=0x69706361, deliver=0, fail=0, congest=0
[    0.128754] RTM_NEWLINK: idx=131087, flags=0x69706361, deliver=0, fail=0, congest=0
[    0.128772] pnp: PnP ACPI init
[    0.128788] ACPI: bus type pnp registered
[    0.128885] system 00:00: [mem 0xfed1c000-0xfed1ffff] has been reserved
[    0.128889] system 00:00: [mem 0xfed10000-0xfed13fff] has been reserved
[    0.128892] system 00:00: [mem 0xfed18000-0xfed18fff] has been reserved
[    0.128896] system 00:00: [mem 0xfed19000-0xfed19fff] has been reserved
[    0.128899] system 00:00: [mem 0xf0000000-0xf3ffffff] has been reserved
[    0.128903] system 00:00: [mem 0xfed20000-0xfed3ffff] has been reserved
[    0.128906] system 00:00: [mem 0xfed40000-0xfed44fff] has been reserved
[    0.128910] system 00:00: [mem 0xfed45000-0xfed8ffff] could not be reserved
[    0.128913] system 00:00: [mem 0x00f00000-0x00ffffff] has been reserved
[    0.128918] system 00:00: Plug and Play ACPI device, IDs PNP0c02 (active)
[    0.129115] pnp 00:01: [dma 4]
[    0.129144] pnp 00:01: Plug and Play ACPI device, IDs PNP0200 (active)
[    0.129183] pnp 00:02: Plug and Play ACPI device, IDs INT0800 (active)
[    0.129302] system 00:03: [mem 0xfed00000-0xfed003ff] has been reserved
[    0.129307] system 00:03: Plug and Play ACPI device, IDs PNP0103 PNP0c01 (active)
[    0.129347] pnp 00:04: Plug and Play ACPI device, IDs PNP0c04 (active)
[    0.129532] system 00:05: [io  0x1000-0x10fe] has been reserved
[    0.129536] system 00:05: [io  0x1400-0x14fe] has been reserved
[    0.129539] system 00:05: [io  0x1500-0x15fe] has been reserved
[    0.129542] system 00:05: [io  0x1600-0x16fe] has been reserved
[    0.129545] system 00:05: [io  0x1700-0x17fe] has been reserved
[    0.129549] system 00:05: Plug and Play ACPI device, IDs PNP0c02 (active)
[    0.129585] pnp 00:06: Plug and Play ACPI device, IDs PNP0b00 (active)
[    0.129646] pnp 00:07: Plug and Play ACPI device, IDs IFX0102 PNP0c31 (active)
[    0.129898] system 00:08: [mem 0xe0508000-0xe0508fff] has been reserved
[    0.129901] system 00:08: [mem 0xe050a000-0xe050afff] has been reserved
[    0.129904] system 00:08: [mem 0xe050c000-0xe050cfff] has been reserved
[    0.129908] system 00:08: [mem 0xe050e000-0xe050efff] has been reserved
[    0.129911] system 00:08: [mem 0xe0510000-0xe0510fff] has been reserved
[    0.129914] system 00:08: [mem 0xe0512000-0xe0512fff] has been reserved
[    0.129918] system 00:08: [mem 0xe0514000-0xe0514fff] has been reserved
[    0.129921] system 00:08: [mem 0xe0515000-0xe0515fff] has been reserved
[    0.129925] system 00:08: Plug and Play ACPI device, IDs PNP0c02 (active)
[    0.130057] pnp: PnP ACPI: found 9 devices
[    0.130059] ACPI: ACPI bus type pnp unregistered
[    0.132403] RTM_NEWLINK: idx=131090, flags=0x72656874, deliver=0, fail=0, congest=0
[    0.132410] RTM_NEWLINK: idx=131090, flags=0x72656874, deliver=0, fail=0, congest=0
[    0.136949] pci 0000:00:1c.0: bridge window [io  0x1000-0x0fff] to [bus 01] add_size 1000
[    0.136954] pci 0000:00:1c.0: bridge window [mem 0x00100000-0x000fffff 64bit pref] to [bus 01] add_size 200000
[    0.136958] pci 0000:00:1c.0: bridge window [mem 0x00100000-0x000fffff] to [bus 01] add_size 200000
[    0.136968] pci 0000:00:1c.1: bridge window [io  0x1000-0x0fff] to [bus 02] add_size 1000
[    0.136972] pci 0000:00:1c.1: bridge window [mem 0x00100000-0x000fffff 64bit pref] to [bus 02] add_size 200000
[    0.136975] pci 0000:00:1c.1: bridge window [mem 0x00100000-0x000fffff] to [bus 02] add_size 200000
[    0.136985] pci 0000:00:1c.2: bridge window [io  0x1000-0x0fff] to [bus 03] add_size 1000
[    0.136989] pci 0000:00:1c.2: bridge window [mem 0x00100000-0x000fffff 64bit pref] to [bus 03] add_size 200000
[    0.136992] pci 0000:00:1c.2: bridge window [mem 0x00100000-0x000fffff] to [bus 03] add_size 200000
[    0.137002] pci 0000:00:1c.3: bridge window [io  0x1000-0x0fff] to [bus 04] add_size 1000
[    0.137006] pci 0000:00:1c.3: bridge window [mem 0x00100000-0x000fffff 64bit pref] to [bus 04] add_size 200000
[    0.137009] pci 0000:00:1c.3: bridge window [mem 0x00100000-0x000fffff] to [bus 04] add_size 200000
[    0.137019] pci 0000:00:1c.4: bridge window [io  0x1000-0x0fff] to [bus 05] add_size 1000
[    0.137023] pci 0000:00:1c.4: bridge window [mem 0x00100000-0x000fffff 64bit pref] to [bus 05] add_size 200000
[    0.137026] pci 0000:00:1c.4: bridge window [mem 0x00100000-0x000fffff] to [bus 05] add_size 200000
[    0.137036] pci 0000:00:1c.5: bridge window [io  0x1000-0x0fff] to [bus 06] add_size 1000
[    0.137040] pci 0000:00:1c.5: bridge window [mem 0x00100000-0x000fffff 64bit pref] to [bus 06] add_size 200000
[    0.137043] pci 0000:00:1c.5: bridge window [mem 0x00100000-0x000fffff] to [bus 06] add_size 200000
[    0.137055] pci 0000:00:1c.0: res[8]=[mem 0x00100000-0x000fffff] get_res_add_size add_size 200000
[    0.137059] pci 0000:00:1c.0: res[9]=[mem 0x00100000-0x000fffff 64bit pref] get_res_add_size add_size 200000
[    0.137062] pci 0000:00:1c.1: res[8]=[mem 0x00100000-0x000fffff] get_res_add_size add_size 200000
[    0.137066] pci 0000:00:1c.1: res[9]=[mem 0x00100000-0x000fffff 64bit pref] get_res_add_size add_size 200000
[    0.137069] pci 0000:00:1c.2: res[8]=[mem 0x00100000-0x000fffff] get_res_add_size add_size 200000
[    0.137072] pci 0000:00:1c.2: res[9]=[mem 0x00100000-0x000fffff 64bit pref] get_res_add_size add_size 200000
[    0.137075] pci 0000:00:1c.3: res[8]=[mem 0x00100000-0x000fffff] get_res_add_size add_size 200000
[    0.137079] pci 0000:00:1c.3: res[9]=[mem 0x00100000-0x000fffff 64bit pref] get_res_add_size add_size 200000
[    0.137082] pci 0000:00:1c.4: res[8]=[mem 0x00100000-0x000fffff] get_res_add_size add_size 200000
[    0.137085] pci 0000:00:1c.4: res[9]=[mem 0x00100000-0x000fffff 64bit pref] get_res_add_size add_size 200000
[    0.137088] pci 0000:00:1c.5: res[8]=[mem 0x00100000-0x000fffff] get_res_add_size add_size 200000
[    0.137091] pci 0000:00:1c.5: res[9]=[mem 0x00100000-0x000fffff 64bit pref] get_res_add_size add_size 200000
[    0.137095] pci 0000:00:1c.0: res[7]=[io  0x1000-0x0fff] get_res_add_size add_size 1000
[    0.137098] pci 0000:00:1c.1: res[7]=[io  0x1000-0x0fff] get_res_add_size add_size 1000
[    0.137101] pci 0000:00:1c.2: res[7]=[io  0x1000-0x0fff] get_res_add_size add_size 1000
[    0.137104] pci 0000:00:1c.3: res[7]=[io  0x1000-0x0fff] get_res_add_size add_size 1000
[    0.137107] pci 0000:00:1c.4: res[7]=[io  0x1000-0x0fff] get_res_add_size add_size 1000
[    0.137110] pci 0000:00:1c.5: res[7]=[io  0x1000-0x0fff] get_res_add_size add_size 1000
[    0.137119] pci 0000:00:1c.0: BAR 8: assigned [mem 0x82300000-0x824fffff]
[    0.137128] pci 0000:00:1c.0: BAR 9: assigned [mem 0x82500000-0x826fffff 64bit pref]
[    0.137134] pci 0000:00:1c.1: BAR 8: assigned [mem 0x82700000-0x828fffff]
[    0.137141] pci 0000:00:1c.1: BAR 9: assigned [mem 0x82900000-0x82afffff 64bit pref]
[    0.137147] pci 0000:00:1c.2: BAR 8: assigned [mem 0x82b00000-0x82cfffff]
[    0.137154] pci 0000:00:1c.2: BAR 9: assigned [mem 0x82d00000-0x82efffff 64bit pref]
[    0.137160] pci 0000:00:1c.3: BAR 8: assigned [mem 0x82f00000-0x830fffff]
[    0.137168] pci 0000:00:1c.3: BAR 9: assigned [mem 0x83100000-0x832fffff 64bit pref]
[    0.137174] pci 0000:00:1c.4: BAR 8: assigned [mem 0x83300000-0x834fffff]
[    0.137181] pci 0000:00:1c.4: BAR 9: assigned [mem 0x83500000-0x836fffff 64bit pref]
[    0.137187] pci 0000:00:1c.5: BAR 8: assigned [mem 0x83700000-0x838fffff]
[    0.137194] pci 0000:00:1c.5: BAR 9: assigned [mem 0x83900000-0x83afffff 64bit pref]
[    0.137199] pci 0000:00:1c.0: BAR 7: assigned [io  0x2000-0x2fff]
[    0.137203] pci 0000:00:1c.1: BAR 7: assigned [io  0x3000-0x3fff]
[    0.137207] pci 0000:00:1c.2: BAR 7: assigned [io  0x4000-0x4fff]
[    0.137212] pci 0000:00:1c.3: BAR 7: assigned [io  0x5000-0x5fff]
[    0.137216] pci 0000:00:1c.4: BAR 7: assigned [io  0x6000-0x6fff]
[    0.137220] pci 0000:00:1c.5: BAR 7: assigned [io  0x7000-0x7fff]
[    0.137227] pci 0000:00:1c.0: PCI bridge to [bus 01]
[    0.137231] pci 0000:00:1c.0:   bridge window [io  0x2000-0x2fff]
[    0.137238] pci 0000:00:1c.0:   bridge window [mem 0x82300000-0x824fffff]
[    0.137243] pci 0000:00:1c.0:   bridge window [mem 0x82500000-0x826fffff 64bit pref]
[    0.137251] pci 0000:00:1c.1: PCI bridge to [bus 02]
[    0.137254] pci 0000:00:1c.1:   bridge window [io  0x3000-0x3fff]
[    0.137261] pci 0000:00:1c.1:   bridge window [mem 0x82700000-0x828fffff]
[    0.137266] pci 0000:00:1c.1:   bridge window [mem 0x82900000-0x82afffff 64bit pref]
[    0.137273] pci 0000:00:1c.2: PCI bridge to [bus 03]
[    0.137277] pci 0000:00:1c.2:   bridge window [io  0x4000-0x4fff]
[    0.137283] pci 0000:00:1c.2:   bridge window [mem 0x82b00000-0x82cfffff]
[    0.137289] pci 0000:00:1c.2:   bridge window [mem 0x82d00000-0x82efffff 64bit pref]
[    0.137296] pci 0000:00:1c.3: PCI bridge to [bus 04]
[    0.137299] pci 0000:00:1c.3:   bridge window [io  0x5000-0x5fff]
[    0.137306] pci 0000:00:1c.3:   bridge window [mem 0x82f00000-0x830fffff]
[    0.137311] pci 0000:00:1c.3:   bridge window [mem 0x83100000-0x832fffff 64bit pref]
[    0.137318] pci 0000:00:1c.4: PCI bridge to [bus 05]
[    0.137322] pci 0000:00:1c.4:   bridge window [io  0x6000-0x6fff]
[    0.137328] pci 0000:00:1c.4:   bridge window [mem 0x83300000-0x834fffff]
[    0.137333] pci 0000:00:1c.4:   bridge window [mem 0x83500000-0x836fffff 64bit pref]
[    0.137341] pci 0000:00:1c.5: PCI bridge to [bus 06]
[    0.137344] pci 0000:00:1c.5:   bridge window [io  0x7000-0x7fff]
[    0.137351] pci 0000:00:1c.5:   bridge window [mem 0x83700000-0x838fffff]
[    0.137356] pci 0000:00:1c.5:   bridge window [mem 0x83900000-0x83afffff 64bit pref]
[    0.137367] pci 0000:00:1c.0: enabling device (0104 -> 0107)
[    0.137384] pci 0000:00:1c.1: enabling device (0104 -> 0107)
[    0.137391] pci 0000:00:1c.2: enabling device (0104 -> 0107)
[    0.137401] pci 0000:00:1c.3: enabling device (0104 -> 0107)
[    0.137412] pci 0000:00:1c.4: enabling device (0104 -> 0107)
[    0.137418] pci 0000:00:1c.5: enabling device (0104 -> 0107)
[    0.137425] pci_bus 0000:00: resource 4 [io  0x0000-0x0cf7]
[    0.137428] pci_bus 0000:00: resource 5 [io  0x0d00-0xffff]
[    0.137431] pci_bus 0000:00: resource 6 [mem 0x000a0000-0x000bffff]
[    0.137434] pci_bus 0000:00: resource 7 [mem 0x000c0000-0x000c3fff]
[    0.137437] pci_bus 0000:00: resource 8 [mem 0x000c4000-0x000c7fff]
[    0.137440] pci_bus 0000:00: resource 9 [mem 0x000c8000-0x000cbfff]
[    0.137443] pci_bus 0000:00: resource 10 [mem 0x000cc000-0x000cffff]
[    0.137446] pci_bus 0000:00: resource 11 [mem 0x000d0000-0x000d3fff]
[    0.137449] pci_bus 0000:00: resource 12 [mem 0x000d4000-0x000d7fff]
[    0.137452] pci_bus 0000:00: resource 13 [mem 0x000d8000-0x000dbfff]
[    0.137455] pci_bus 0000:00: resource 14 [mem 0x000dc000-0x000dffff]
[    0.137458] pci_bus 0000:00: resource 15 [mem 0x000e0000-0x000e3fff]
[    0.137460] pci_bus 0000:00: resource 16 [mem 0x000e4000-0x000e7fff]
[    0.137463] pci_bus 0000:00: resource 17 [mem 0x000e8000-0x000ebfff]
[    0.137466] pci_bus 0000:00: resource 18 [mem 0x000ec000-0x000effff]
[    0.137469] pci_bus 0000:00: resource 19 [mem 0x000f0000-0x000fffff]
[    0.137472] pci_bus 0000:00: resource 20 [mem 0x82200001-0xfebfffff]
[    0.137475] pci_bus 0000:00: resource 21 [mem 0xfed40000-0xfed44fff]
[    0.137478] pci_bus 0000:01: resource 0 [io  0x2000-0x2fff]
[    0.137481] pci_bus 0000:01: resource 1 [mem 0x82300000-0x824fffff]
[    0.137484] pci_bus 0000:01: resource 2 [mem 0x82500000-0x826fffff 64bit pref]
[    0.137487] pci_bus 0000:02: resource 0 [io  0x3000-0x3fff]
[    0.137490] pci_bus 0000:02: resource 1 [mem 0x82700000-0x828fffff]
[    0.137493] pci_bus 0000:02: resource 2 [mem 0x82900000-0x82afffff 64bit pref]
[    0.137496] pci_bus 0000:03: resource 0 [io  0x4000-0x4fff]
[    0.137499] pci_bus 0000:03: resource 1 [mem 0x82b00000-0x82cfffff]
[    0.137502] pci_bus 0000:03: resource 2 [mem 0x82d00000-0x82efffff 64bit pref]
[    0.137505] pci_bus 0000:04: resource 0 [io  0x5000-0x5fff]
[    0.137508] pci_bus 0000:04: resource 1 [mem 0x82f00000-0x830fffff]
[    0.137516] pci_bus 0000:04: resource 2 [mem 0x83100000-0x832fffff 64bit pref]
[    0.137520] pci_bus 0000:05: resource 0 [io  0x6000-0x6fff]
[    0.137522] pci_bus 0000:05: resource 1 [mem 0x83300000-0x834fffff]
[    0.137526] pci_bus 0000:05: resource 2 [mem 0x83500000-0x836fffff 64bit pref]
[    0.137529] pci_bus 0000:06: resource 0 [io  0x7000-0x7fff]
[    0.137531] pci_bus 0000:06: resource 1 [mem 0x83700000-0x838fffff]
[    0.137534] pci_bus 0000:06: resource 2 [mem 0x83900000-0x83afffff 64bit pref]
[    0.137577] NET: Registered protocol family 2
[    0.137753] TCP established hash table entries: 32768 (order: 7, 524288 bytes)
[    0.137848] TCP bind hash table entries: 32768 (order: 8, 1048576 bytes)
[    0.138267] TCP: Hash tables configured (established 32768 bind 32768)
[    0.138291] RTM_NEWLINK: idx=131088, flags=0x5F706374, deliver=0, fail=0, congest=0
[    0.138294] TCP: reno registered
[    0.138302] UDP hash table entries: 2048 (order: 5, 196608 bytes)
[    0.138385] UDP-Lite hash table entries: 2048 (order: 5, 196608 bytes)
[    0.138538] NET: Registered protocol family 1
[    0.138555] pci 0000:00:02.0: Boot video device
[    0.138718] PCI: CLS 64 bytes, default 64
[    0.138768] PCI-DMA: Using software bounce buffering for IO (SWIOTLB)
[    0.138772] software IO TLB [mem 0x7b743000-0x7f743000] (64MB) mapped at [ffff88007b743000-ffff88007f742fff]
[    0.139630] microcode: CPU0 sig=0x40651, pf=0x40, revision=0x6
[    0.139640] microcode: CPU1 sig=0x40651, pf=0x40, revision=0x6
[    0.139652] microcode: CPU2 sig=0x40651, pf=0x40, revision=0x6
[    0.139663] microcode: CPU3 sig=0x40651, pf=0x40, revision=0x6
[    0.139699] microcode: Microcode Update Driver: v2.00 <tigran@aivazian.fsnet.co.uk>, Peter Oruba
[    0.142352] msgmni has been set to 7780
[    0.142815] Block layer SCSI generic (bsg) driver version 0.4 loaded (major 252)
[    0.142819] io scheduler noop registered
[    0.142821] io scheduler deadline registered
[    0.142857] io scheduler cfq registered (default)
[    0.142962] pcieport 0000:00:1c.0: irq 40 for MSI/MSI-X
[    0.143070] pcieport 0000:00:1c.1: irq 41 for MSI/MSI-X
[    0.143169] pcieport 0000:00:1c.2: irq 42 for MSI/MSI-X
[    0.143268] pcieport 0000:00:1c.3: irq 43 for MSI/MSI-X
[    0.143365] pcieport 0000:00:1c.4: irq 44 for MSI/MSI-X
[    0.143465] pcieport 0000:00:1c.5: irq 45 for MSI/MSI-X
[    0.143576] pcieport 0000:00:1c.0: Signaling PME through PCIe PME interrupt
[    0.143582] pcie_pme 0000:00:1c.0:pcie01: service driver pcie_pme loaded
[    0.143603] pcieport 0000:00:1c.1: Signaling PME through PCIe PME interrupt
[    0.143608] pcie_pme 0000:00:1c.1:pcie01: service driver pcie_pme loaded
[    0.143628] pcieport 0000:00:1c.2: Signaling PME through PCIe PME interrupt
[    0.143633] pcie_pme 0000:00:1c.2:pcie01: service driver pcie_pme loaded
[    0.143654] pcieport 0000:00:1c.3: Signaling PME through PCIe PME interrupt
[    0.143659] pcie_pme 0000:00:1c.3:pcie01: service driver pcie_pme loaded
[    0.143678] pcieport 0000:00:1c.4: Signaling PME through PCIe PME interrupt
[    0.143683] pcie_pme 0000:00:1c.4:pcie01: service driver pcie_pme loaded
[    0.143704] pcieport 0000:00:1c.5: Signaling PME through PCIe PME interrupt
[    0.143709] pcie_pme 0000:00:1c.5:pcie01: service driver pcie_pme loaded
[    0.143726] pci_hotplug: PCI Hot Plug PCI Core version: 0.5
[    0.143747] pciehp: PCI Express Hot Plug Controller Driver version: 0.4
[    0.143875] input: Power Button as /devices/LNXSYSTM:00/LNXPWRBN:00/input/input0
[    0.143881] ACPI: Power Button [PWRF]
[    0.143986] ACPI: Fan [FAN0] (off)
[    0.144024] ACPI: Fan [FAN1] (on)
[    0.144058] ACPI: Fan [FAN2] (on)
[    0.144091] ACPI: Fan [FAN3] (on)
[    0.144124] ACPI: Fan [FAN4] (on)
[    0.144429] ACPI: Video Device [GFX0] (multi-head: yes  rom: no  post: no)
[    0.144478] input: Video Bus as /devices/LNXSYSTM:00/LNXSYBUS:00/PNP0A08:00/LNXVIDEO:00/input/input1
[    0.144534] ACPI: Requesting acpi_cpufreq
[    0.144729] ACPI: acpi_idle registered with cpuidle
[    0.148594] thermal LNXTHERM:00: registered as thermal_zone0
[    0.148598] ACPI: Thermal Zone [THRM] (30 C)
[    0.148888] Non-volatile memory driver v1.3
[    0.148965] Linux agpgart interface v0.103
[    0.149102] tpm_tis tpm_tis: 1.2 TPM (device-id 0xFF, rev-id 16)
[    0.160528] tpm_tis tpm_tis: tpm_transmit: tpm_send: error -5
[    0.160579] tpm_tis tpm_tis: tpm_transmit: tpm_send: error -5
[    0.160582] tpm_tis tpm_tis: Could not get TPM timeouts and durations
[    0.166621] [drm] Initialized drm 1.1.0 20060810
[    0.167135] [drm] Memory usable by graphics device = 2048M
[    0.167142] i915 0000:00:02.0: setting latency timer to 64
[    0.192213] [drm:i915_write32] *ERROR* Unknown unclaimed register before writing to c5100
[    0.192215] W 0xc5100: 0x0
[    0.192221] W 0x100000: 0x0
[    0.192223] W 0x100008: 0x0
[    0.192225] W 0x100010: 0x0
[    0.192228] W 0x100018: 0x0
[    0.192230] W 0x100020: 0x0
[    0.192232] W 0x100028: 0x0
[    0.192234] W 0x100030: 0x0
[    0.192236] W 0x100038: 0x0
[    0.192239] W 0x100040: 0x0
[    0.192241] W 0x100048: 0x0
[    0.192243] W 0x100050: 0x0
[    0.192245] W 0x100058: 0x0
[    0.192247] W 0x100060: 0x0
[    0.192250] W 0x100068: 0x0
[    0.192252] W 0x100070: 0x0
[    0.192254] W 0x100078: 0x0
[    0.192256] R 0x145004: 0x780008
[    0.192258] R 0x145008: 0x780008
[    0.192280] i915 0000:00:02.0: irq 46 for MSI/MSI-X
[    0.192290] [drm] Supports vblank timestamp caching Rev 1 (10.10.2010).
[    0.192292] [drm] Driver supports precise vblank timestamp query.
[    0.192296] i915 0000:00:02.0: Invalid ROM contents
[    0.192298] [drm] failed to find VBIOS tables
[    0.192312] R 0x145d10: 0x5a2404f
[    0.192327] R 0x130040: 0x40000006
[    0.192329] R 0x42014: 0x21000002
[    0.192632] U 300
[    0.192634] W 0x41000: 0x80000000
[    0.192639] R 0xe1180: 0x0
[    0.192641] R 0x64000: 0x80000013
[    0.192643] R 0x64000: 0x80000013
[    0.192645] R 0x64000: 0x80000013
[    0.192673] R 0xc7204: 0x7
[    0.192675] W 0xc7204: 0xabcd0007
[    0.192678] R 0xc7208: 0x7d0000a
[    0.192680] R 0xc720c: 0x0
[    0.192683] R 0xc7210: 0x4af06
[    0.192686] R 0xc7204: 0xabcd0007
[    0.192688] R 0xc7200: 0x80000008
[    0.192691] R 0xc7204: 0xabcd0007
[    0.192693] W 0xc7204: 0xabcd000f
[    0.192697] R 0xc7204: 0xabcd000f
[    0.192699] R 0xc7200: 0x80000008
[    0.192701] R 0xc7200: 0x80000008
[    0.192704] R 0xc7200: 0x80000008
[    0.192707] R 0xc7200: 0x80000008
[    0.192709] R 0x42014: 0x21000002
[    0.192711] R 0x64010: 0x2300e1
[    0.192713] W 0x64014: 0x40000000
[    0.192715] W 0x64010: 0xd23500e1
[    0.192717] R 0x64010: 0x802500e1
[    0.192818] U 100
[    0.192820] R 0x64010: 0x800500e1
[    0.192922] U 100
[    0.192924] R 0x64010: 0x401500e1
[    0.192926] W 0x64010: 0x521500e1
[    0.192928] R 0x64014: 0x0
[    0.192930] R 0xc7200: 0x80000008
[    0.192933] R 0xc7200: 0x80000008
[    0.192934] R 0x42014: 0x21000002
[    0.192936] R 0x64010: 0x1500e1
[    0.192938] W 0x64014: 0x0
[    0.192940] W 0x64010: 0xd23500e1
[    0.192942] R 0x64010: 0x801500e1
[    0.193044] U 100
[    0.193046] R 0x64010: 0x800500e1
[    0.193147] U 100
[    0.193149] R 0x64010: 0x401500e1
[    0.193151] W 0x64010: 0x521500e1
[    0.193153] R 0x64014: 0x0
[    0.193172] R 0xc7204: 0xabcd000f
[    0.193175] R 0xc7200: 0x80000008
[    0.193177] R 0xc7200: 0x80000008
[    0.193179] R 0x42014: 0x21000002
[    0.193181] R 0x64010: 0x1500e1
[    0.193183] W 0x64014: 0x9000000e
[    0.193185] W 0x64010: 0xd24500e1
[    0.193187] R 0x64010: 0x801500e1
[    0.193289] U 100
[    0.193290] R 0x64010: 0x801500e1
[    0.193392] U 100
[    0.193394] R 0x64010: 0x80c500e1
[    0.193495] U 100
[    0.193497] R 0x64010: 0x410500e1
[    0.193499] W 0x64010: 0x530500e1
[    0.193501] R 0x64014: 0x110a02
[    0.193503] R 0x64018: 0x0
[    0.193504] R 0x6401c: 0x0
[    0.193506] R 0x64020: 0x0
[    0.193509] R 0xc6204: 0x18
[    0.193511] W 0xc7208: 0x7d0000a
[    0.193514] W 0xc720c: 0x138801f4
[    0.193516] W 0xc7210: 0x4af06
[    0.193519] R 0xc7210: 0x4af06
[    0.193522] R 0xc720c: 0x138801f4
[    0.193524] R 0xc7208: 0x7d0000a
[    0.193527] R 0xc7204: 0xabcd000f
[    0.193530] R 0xc7200: 0x80000008
[    0.193533] R 0xc7200: 0x80000008
[    0.193534] R 0x42014: 0x21000002
[    0.193536] R 0x64010: 0x10500e1
[    0.193538] W 0x64014: 0x40005000
[    0.193540] W 0x64010: 0xd23500e1
[    0.193542] R 0x64010: 0x810500e1
[    0.193644] U 100
[    0.193646] R 0x64010: 0x810500e1
[    0.193747] U 100
[    0.193749] R 0x64010: 0x401500e1
[    0.193751] W 0x64010: 0x521500e1
[    0.193753] R 0x64014: 0x0
[    0.193756] R 0xc7200: 0x80000008
[    0.193758] R 0xc7200: 0x80000008
[    0.193760] R 0x42014: 0x21000002
[    0.193762] R 0x64010: 0x1500e1
[    0.193763] W 0x64014: 0x40005000
[    0.193766] W 0x64018: 0x0
[    0.193768] W 0x64010: 0xd25500e1
[    0.193770] R 0x64010: 0x801500e1
[    0.193871] U 100
[    0.193873] R 0x64010: 0x801500e1
[    0.193975] U 100
[    0.193976] R 0x64010: 0x401500e1
[    0.193978] W 0x64010: 0x521500e1
[    0.193980] R 0x64014: 0x0
[    0.193983] R 0xc7200: 0x80000008
[    0.193985] R 0xc7200: 0x80000008
[    0.193987] R 0x42014: 0x21000002
[    0.193989] R 0x64010: 0x1500e1
[    0.193991] W 0x64014: 0x50005000
[    0.193993] W 0x64010: 0xd23500e1
[    0.193995] R 0x64010: 0x801500e1
[    0.194096] U 100
[    0.194098] R 0x64010: 0x801500e1
[    0.194199] U 100
[    0.194201] R 0x64010: 0x401500e1
[    0.194203] W 0x64010: 0x521500e1
[    0.194205] R 0x64014: 0x0
[    0.194208] R 0xc7200: 0x80000008
[    0.194210] R 0xc7200: 0x80000008
[    0.194212] R 0x42014: 0x21000002
[    0.194214] R 0x64010: 0x1500e1
[    0.194215] W 0x64014: 0x50005000
[    0.194217] W 0x64010: 0xd24500e1
[    0.194220] R 0x64010: 0x801500e1
[    0.194321] U 100
[    0.194323] R 0x64010: 0x801500e1
[    0.194424] U 100
[    0.194426] R 0x64010: 0x402500e1
[    0.194428] W 0x64010: 0x522500e1
[    0.194430] R 0x64014: 0x840000
[    0.194433] R 0xc7200: 0x80000008
[    0.194435] R 0xc7200: 0x80000008
[    0.194437] R 0x42014: 0x21000002
[    0.194439] R 0x64010: 0x2500e1
[    0.194440] W 0x64014: 0x10005000
[    0.194443] W 0x64010: 0xd23500e1
[    0.194445] R 0x64010: 0x802500e1
[    0.194546] U 100
[    0.194548] R 0x64010: 0x800500e1
[    0.194649] U 100
[    0.194651] R 0x64010: 0x401500e1
[    0.194653] W 0x64010: 0x521500e1
[    0.194655] R 0x64014: 0x0
[    0.194658] R 0xc7200: 0x80000008
[    0.194661] R 0xc7200: 0x80000008
[    0.194662] R 0x42014: 0x21000002
[    0.194664] R 0x64010: 0x1500e1
[    0.194666] W 0x64014: 0x40005000
[    0.194668] W 0x64010: 0xd23500e1
[    0.194670] R 0x64010: 0x801500e1
[    0.194772] U 100
[    0.194774] R 0x64010: 0x801500e1
[    0.194875] U 100
[    0.194877] R 0x64010: 0x401500e1
[    0.194879] W 0x64010: 0x521500e1
[    0.194881] R 0x64014: 0x0
[    0.194883] R 0xc7200: 0x80000008
[    0.194886] R 0xc7200: 0x80000008
[    0.194888] R 0x42014: 0x21000002
[    0.194889] R 0x64010: 0x1500e1
[    0.194891] W 0x64014: 0x40005000
[    0.194893] W 0x64018: 0x0
[    0.194895] W 0x64010: 0xd25500e1
[    0.194898] R 0x64010: 0x801500e1
[    0.194999] U 100
[    0.195001] R 0x64010: 0x801500e1
[    0.195102] U 100
[    0.195104] R 0x64010: 0x401500e1
[    0.195106] W 0x64010: 0x521500e1
[    0.195108] R 0x64014: 0x0
[    0.195111] R 0xc7200: 0x80000008
[    0.195113] R 0xc7200: 0x80000008
[    0.195115] R 0x42014: 0x21000002
[    0.195117] R 0x64010: 0x1500e1
[    0.195118] W 0x64014: 0x50005000
[    0.195121] W 0x64010: 0xd23500e1
[    0.195123] R 0x64010: 0x801500e1
[    0.195224] U 100
[    0.195226] R 0x64010: 0x801500e1
[    0.195327] U 100
[    0.195329] R 0x64010: 0x401500e1
[    0.195331] W 0x64010: 0x521500e1
[    0.195333] R 0x64014: 0x0
[    0.195335] R 0xc7200: 0x80000008
[    0.195338] R 0xc7200: 0x80000008
[    0.195340] R 0x42014: 0x21000002
[    0.195341] R 0x64010: 0x1500e1
[    0.195343] W 0x64014: 0x50005000
[    0.195345] W 0x64010: 0xd24500e1
[    0.195347] R 0x64010: 0x801500e1
[    0.195449] U 100
[    0.195451] R 0x64010: 0x801500e1
[    0.195552] U 100
[    0.195554] R 0x64010: 0x402500e1
[    0.195556] W 0x64010: 0x522500e1
[    0.195558] R 0x64014: 0x0
[    0.195561] R 0xc7200: 0x80000008
[    0.195563] R 0xc7200: 0x80000008
[    0.195565] R 0x42014: 0x21000002
[    0.195567] R 0x64010: 0x2500e1
[    0.195569] W 0x64014: 0x50005000
[    0.195571] W 0x64010: 0xd24500e1
[    0.195573] R 0x64010: 0x802500e1
[    0.195674] U 100
[    0.195676] R 0x64010: 0x802500e1
[    0.195778] U 100
[    0.195779] R 0x64010: 0x402500e1
[    0.195781] W 0x64010: 0x522500e1
[    0.195783] R 0x64014: 0xff0000
[    0.195786] R 0xc7200: 0x80000008
[    0.195788] R 0xc7200: 0x80000008
[    0.195790] R 0x42014: 0x21000002
[    0.195792] R 0x64010: 0x2500e1
[    0.195793] W 0x64014: 0x50005000
[    0.195796] W 0x64010: 0xd24500e1
[    0.195798] R 0x64010: 0x802500e1
[    0.195899] U 100
[    0.195901] R 0x64010: 0x802500e1
[    0.196003] U 100
[    0.196004] R 0x64010: 0x402500e1
[    0.196006] W 0x64010: 0x522500e1
[    0.196008] R 0x64014: 0xff0000
[    0.196011] R 0xc7200: 0x80000008
[    0.196013] R 0xc7200: 0x80000008
[    0.196015] R 0x42014: 0x21000002
[    0.196017] R 0x64010: 0x2500e1
[    0.196018] W 0x64014: 0x50005000
[    0.196021] W 0x64010: 0xd24500e1
[    0.196023] R 0x64010: 0x802500e1
[    0.196124] U 100
[    0.196126] R 0x64010: 0x802500e1
[    0.196227] U 100
[    0.196229] R 0x64010: 0x402500e1
[    0.196231] W 0x64010: 0x522500e1
[    0.196233] R 0x64014: 0xff0000
[    0.196236] R 0xc7200: 0x80000008
[    0.196238] R 0xc7200: 0x80000008
[    0.196240] R 0x42014: 0x21000002
[    0.196242] R 0x64010: 0x2500e1
[    0.196243] W 0x64014: 0x50005000
[    0.196245] W 0x64010: 0xd24500e1
[    0.196247] R 0x64010: 0x802500e1
[    0.196349] U 100
[    0.196351] R 0x64010: 0x802500e1
[    0.196452] U 100
[    0.196454] R 0x64010: 0x402500e1
[    0.196456] W 0x64010: 0x522500e1
[    0.196458] R 0x64014: 0xff0000
[    0.196461] R 0xc7200: 0x80000008
[    0.196463] R 0xc7200: 0x80000008
[    0.196465] R 0x42014: 0x21000002
[    0.196467] R 0x64010: 0x2500e1
[    0.196468] W 0x64014: 0x50005000
[    0.196476] W 0x64010: 0xd24500e1
[    0.196478] R 0x64010: 0x802500e1
[    0.196580] U 100
[    0.196582] R 0x64010: 0x802500e1
[    0.196683] U 100
[    0.196685] R 0x64010: 0x402500e1
[    0.196687] W 0x64010: 0x522500e1
[    0.196689] R 0x64014: 0xff0000
[    0.196691] R 0xc7200: 0x80000008
[    0.196694] R 0xc7200: 0x80000008
[    0.196696] R 0x42014: 0x21000002
[    0.196697] R 0x64010: 0x2500e1
[    0.196699] W 0x64014: 0x50005000
[    0.196701] W 0x64010: 0xd24500e1
[    0.196703] R 0x64010: 0x802500e1
[    0.196805] U 100
[    0.196807] R 0x64010: 0x802500e1
[    0.196908] U 100
[    0.196910] R 0x64010: 0x402500e1
[    0.196912] W 0x64010: 0x522500e1
[    0.196914] R 0x64014: 0xff0000
[    0.196916] R 0xc7200: 0x80000008
[    0.196919] R 0xc7200: 0x80000008
[    0.196921] R 0x42014: 0x21000002
[    0.196922] R 0x64010: 0x2500e1
[    0.196924] W 0x64014: 0x50005000
[    0.196926] W 0x64010: 0xd24500e1
[    0.196929] R 0x64010: 0x802500e1
[    0.197030] U 100
[    0.197032] R 0x64010: 0x802500e1
[    0.197133] U 100
[    0.197135] R 0x64010: 0x402500e1
[    0.197137] W 0x64010: 0x522500e1
[    0.197139] R 0x64014: 0x0
[    0.197141] R 0xc7200: 0x80000008
[    0.197144] R 0xc7200: 0x80000008
[    0.197146] R 0x42014: 0x21000002
[    0.197147] R 0x64010: 0x2500e1
[    0.197149] W 0x64014: 0x50005000
[    0.197151] W 0x64010: 0xd24500e1
[    0.197153] R 0x64010: 0x802500e1
[    0.197255] U 100
[    0.197257] R 0x64010: 0x802500e1
[    0.197358] U 100
[    0.197360] R 0x64010: 0x402500e1
[    0.197362] W 0x64010: 0x522500e1
[    0.197364] R 0x64014: 0xd0000
[    0.197367] R 0xc7200: 0x80000008
[    0.197369] R 0xc7200: 0x80000008
[    0.197371] R 0x42014: 0x21000002
[    0.197373] R 0x64010: 0x2500e1
[    0.197374] W 0x64014: 0x50005000
[    0.197377] W 0x64010: 0xd24500e1
[    0.197379] R 0x64010: 0x802500e1
[    0.197480] U 100
[    0.197482] R 0x64010: 0x802500e1
[    0.197584] U 100
[    0.197585] R 0x64010: 0x402500e1
[    0.197587] W 0x64010: 0x522500e1
[    0.197589] R 0x64014: 0xae0000
[    0.197592] R 0xc7200: 0x80000008
[    0.197594] R 0xc7200: 0x80000008
[    0.197596] R 0x42014: 0x21000002
[    0.197598] R 0x64010: 0x2500e1
[    0.197600] W 0x64014: 0x50005000
[    0.197602] W 0x64010: 0xd24500e1
[    0.197604] R 0x64010: 0x802500e1
[    0.197705] U 100
[    0.197707] R 0x64010: 0x802500e1
[    0.197809] U 100
[    0.197810] R 0x64010: 0x402500e1
[    0.197812] W 0x64010: 0x522500e1
[    0.197814] R 0x64014: 0x430000
[    0.197817] R 0xc7200: 0x80000008
[    0.197819] R 0xc7200: 0x80000008
[    0.197821] R 0x42014: 0x21000002
[    0.197823] R 0x64010: 0x2500e1
[    0.197825] W 0x64014: 0x50005000
[    0.197827] W 0x64010: 0xd24500e1
[    0.197829] R 0x64010: 0x802500e1
[    0.197930] U 100
[    0.197932] R 0x64010: 0x802500e1
[    0.198033] U 100
[    0.198035] R 0x64010: 0x402500e1
[    0.198037] W 0x64010: 0x522500e1
[    0.198039] R 0x64014: 0x130000
[    0.198042] R 0xc7200: 0x80000008
[    0.198044] R 0xc7200: 0x80000008
[    0.198046] R 0x42014: 0x21000002
[    0.198048] R 0x64010: 0x2500e1
[    0.198049] W 0x64014: 0x50005000
[    0.198051] W 0x64010: 0xd24500e1
[    0.198054] R 0x64010: 0x802500e1
[    0.198155] U 100
[    0.198157] R 0x64010: 0x802500e1
[    0.198258] U 100
[    0.198260] R 0x64010: 0x402500e1
[    0.198262] W 0x64010: 0x522500e1
[    0.198264] R 0x64014: 0x0
[    0.198267] R 0xc7200: 0x80000008
[    0.198269] R 0xc7200: 0x80000008
[    0.198271] R 0x42014: 0x21000002
[    0.198273] R 0x64010: 0x2500e1
[    0.198274] W 0x64014: 0x50005000
[    0.198276] W 0x64010: 0xd24500e1
[    0.198279] R 0x64010: 0x802500e1
[    0.198380] U 100
[    0.198382] R 0x64010: 0x802500e1
[    0.198483] U 100
[    0.198485] R 0x64010: 0x402500e1
[    0.198487] W 0x64010: 0x522500e1
[    0.198489] R 0x64014: 0x0
[    0.198492] R 0xc7200: 0x80000008
[    0.198494] R 0xc7200: 0x80000008
[    0.198496] R 0x42014: 0x21000002
[    0.198498] R 0x64010: 0x2500e1
[    0.198499] W 0x64014: 0x50005000
[    0.198501] W 0x64010: 0xd24500e1
[    0.198504] R 0x64010: 0x802500e1
[    0.198605] U 100
[    0.198607] R 0x64010: 0x802500e1
[    0.198708] U 100
[    0.198710] R 0x64010: 0x402500e1
[    0.198712] W 0x64010: 0x522500e1
[    0.198714] R 0x64014: 0x0
[    0.198717] R 0xc7200: 0x80000008
[    0.198719] R 0xc7200: 0x80000008
[    0.198721] R 0x42014: 0x21000002
[    0.198723] R 0x64010: 0x2500e1
[    0.198724] W 0x64014: 0x50005000
[    0.198727] W 0x64010: 0xd24500e1
[    0.198729] R 0x64010: 0x802500e1
[    0.198830] U 100
[    0.198832] R 0x64010: 0x802500e1
[    0.198933] U 100
[    0.198935] R 0x64010: 0x402500e1
[    0.198937] W 0x64010: 0x522500e1
[    0.198939] R 0x64014: 0x0
[    0.198941] R 0xc7200: 0x80000008
[    0.198944] R 0xc7200: 0x80000008
[    0.198946] R 0x42014: 0x21000002
[    0.198947] R 0x64010: 0x2500e1
[    0.198949] W 0x64014: 0x50005000
[    0.198951] W 0x64010: 0xd24500e1
[    0.198953] R 0x64010: 0x802500e1
[    0.199055] U 100
[    0.199057] R 0x64010: 0x802500e1
[    0.199158] U 100
[    0.199160] R 0x64010: 0x402500e1
[    0.199162] W 0x64010: 0x522500e1
[    0.199164] R 0x64014: 0x340000
[    0.199166] R 0xc7200: 0x80000008
[    0.199169] R 0xc7200: 0x80000008
[    0.199171] R 0x42014: 0x21000002
[    0.199172] R 0x64010: 0x2500e1
[    0.199174] W 0x64014: 0x50005000
[    0.199176] W 0x64010: 0xd24500e1
[    0.199178] R 0x64010: 0x802500e1
[    0.199280] U 100
[    0.199282] R 0x64010: 0x802500e1
[    0.199383] U 100
[    0.199385] R 0x64010: 0x402500e1
[    0.199387] W 0x64010: 0x522500e1
[    0.199389] R 0x64014: 0x150000
[    0.199391] R 0xc7200: 0x80000008
[    0.199394] R 0xc7200: 0x80000008
[    0.199396] R 0x42014: 0x21000002
[    0.199397] R 0x64010: 0x2500e1
[    0.199399] W 0x64014: 0x50005000
[    0.199401] W 0x64010: 0xd24500e1
[    0.199403] R 0x64010: 0x802500e1
[    0.199505] U 100
[    0.199507] R 0x64010: 0x802500e1
[    0.199608] U 100
[    0.199610] R 0x64010: 0x402500e1
[    0.199612] W 0x64010: 0x522500e1
[    0.199614] R 0x64014: 0x10000
[    0.199617] R 0xc7200: 0x80000008
[    0.199619] R 0xc7200: 0x80000008
[    0.199621] R 0x42014: 0x21000002
[    0.199623] R 0x64010: 0x2500e1
[    0.199624] W 0x64014: 0x50005000
[    0.199627] W 0x64010: 0xd24500e1
[    0.199629] R 0x64010: 0x802500e1
[    0.199730] U 100
[    0.199732] R 0x64010: 0x802500e1
[    0.199834] U 100
[    0.199835] R 0x64010: 0x402500e1
[    0.199837] W 0x64010: 0x522500e1
[    0.199839] R 0x64014: 0x40000
[    0.199842] R 0xc7200: 0x80000008
[    0.199844] R 0xc7200: 0x80000008
[    0.199846] R 0x42014: 0x21000002
[    0.199848] R 0x64010: 0x2500e1
[    0.199850] W 0x64014: 0x50005000
[    0.199852] W 0x64010: 0xd24500e1
[    0.199854] R 0x64010: 0x802500e1
[    0.199955] U 100
[    0.199957] R 0x64010: 0x802500e1
[    0.200059] U 100
[    0.200060] R 0x64010: 0x402500e1
[    0.200062] W 0x64010: 0x522500e1
[    0.200064] R 0x64014: 0xa50000
[    0.200067] R 0xc7200: 0x80000008
[    0.200069] R 0xc7200: 0x80000008
[    0.200071] R 0x42014: 0x21000002
[    0.200073] R 0x64010: 0x2500e1
[    0.200074] W 0x64014: 0x50005000
[    0.200077] W 0x64010: 0xd24500e1
[    0.200079] R 0x64010: 0x802500e1
[    0.200180] U 100
[    0.200182] R 0x64010: 0x802500e1
[    0.200283] U 100
[    0.200285] R 0x64010: 0x402500e1
[    0.200287] W 0x64010: 0x522500e1
[    0.200289] R 0x64014: 0x1c0000
[    0.200292] R 0xc7200: 0x80000008
[    0.200294] R 0xc7200: 0x80000008
[    0.200296] R 0x42014: 0x21000002
[    0.200297] R 0x64010: 0x2500e1
[    0.200299] W 0x64014: 0x50005000
[    0.200301] W 0x64010: 0xd24500e1
[    0.200303] R 0x64010: 0x802500e1
[    0.200405] U 100
[    0.200407] R 0x64010: 0x802500e1
[    0.200508] U 100
[    0.200510] R 0x64010: 0x402500e1
[    0.200512] W 0x64010: 0x522500e1
[    0.200514] R 0x64014: 0x100000
[    0.200517] R 0xc7200: 0x80000008
[    0.200519] R 0xc7200: 0x80000008
[    0.200521] R 0x42014: 0x21000002
[    0.200523] R 0x64010: 0x2500e1
[    0.200524] W 0x64014: 0x50005000
[    0.200526] W 0x64010: 0xd24500e1
[    0.200528] R 0x64010: 0x802500e1
[    0.200630] U 100
[    0.200632] R 0x64010: 0x802500e1
[    0.200733] U 100
[    0.200735] R 0x64010: 0x402500e1
[    0.200737] W 0x64010: 0x522500e1
[    0.200739] R 0x64014: 0x780000
[    0.200741] R 0xc7200: 0x80000008
[    0.200744] R 0xc7200: 0x80000008
[    0.200746] R 0x42014: 0x21000002
[    0.200747] R 0x64010: 0x2500e1
[    0.200749] W 0x64014: 0x50005000
[    0.200751] W 0x64010: 0xd24500e1
[    0.200753] R 0x64010: 0x802500e1
[    0.200855] U 100
[    0.200857] R 0x64010: 0x802500e1
[    0.200958] U 100
[    0.200960] R 0x64010: 0x402500e1
[    0.200962] W 0x64010: 0x522500e1
[    0.200964] R 0x64014: 0x20000
[    0.200966] R 0xc7200: 0x80000008
[    0.200969] R 0xc7200: 0x80000008
[    0.200970] R 0x42014: 0x21000002
[    0.200972] R 0x64010: 0x2500e1
[    0.200974] W 0x64014: 0x50005000
[    0.200976] W 0x64010: 0xd24500e1
[    0.200978] R 0x64010: 0x802500e1
[    0.201080] U 100
[    0.201081] R 0x64010: 0x802500e1
[    0.201183] U 100
[    0.201185] R 0x64010: 0x402500e1
[    0.201187] W 0x64010: 0x522500e1
[    0.201189] R 0x64014: 0x930000
[    0.201191] R 0xc7200: 0x80000008
[    0.201194] R 0xc7200: 0x80000008
[    0.201195] R 0x42014: 0x21000002
[    0.201197] R 0x64010: 0x2500e1
[    0.201199] W 0x64014: 0x50005000
[    0.201201] W 0x64010: 0xd24500e1
[    0.201203] R 0x64010: 0x802500e1
[    0.201305] U 100
[    0.201306] R 0x64010: 0x802500e1
[    0.201408] U 100
[    0.201410] R 0x64010: 0x402500e1
[    0.201411] W 0x64010: 0x522500e1
[    0.201413] R 0x64014: 0xad0000
[    0.201416] R 0xc7200: 0x80000008
[    0.201418] R 0xc7200: 0x80000008
[    0.201420] R 0x42014: 0x21000002
[    0.201422] R 0x64010: 0x2500e1
[    0.201424] W 0x64014: 0x50005000
[    0.201426] W 0x64010: 0xd24500e1
[    0.201428] R 0x64010: 0x802500e1
[    0.201529] U 100
[    0.201531] R 0x64010: 0x802500e1
[    0.201633] U 100
[    0.201635] R 0x64010: 0x402500e1
[    0.201636] W 0x64010: 0x522500e1
[    0.201638] R 0x64014: 0xa90000
[    0.201641] R 0xc7200: 0x80000008
[    0.201643] R 0xc7200: 0x80000008
[    0.201645] R 0x42014: 0x21000002
[    0.201647] R 0x64010: 0x2500e1
[    0.201649] W 0x64014: 0x50005000
[    0.201651] W 0x64010: 0xd24500e1
[    0.201653] R 0x64010: 0x802500e1
[    0.201755] U 100
[    0.201756] R 0x64010: 0x802500e1
[    0.201858] U 100
[    0.201860] R 0x64010: 0x402500e1
[    0.201861] W 0x64010: 0x522500e1
[    0.201864] R 0x64014: 0x530000
[    0.201866] R 0xc7200: 0x80000008
[    0.201869] R 0xc7200: 0x80000008
[    0.201870] R 0x42014: 0x21000002
[    0.201872] R 0x64010: 0x2500e1
[    0.201874] W 0x64014: 0x50005000
[    0.201876] W 0x64010: 0xd24500e1
[    0.201878] R 0x64010: 0x802500e1
[    0.201980] U 100
[    0.201981] R 0x64010: 0x802500e1
[    0.202083] U 100
[    0.202085] R 0x64010: 0x402500e1
[    0.202087] W 0x64010: 0x522500e1
[    0.202089] R 0x64014: 0x4c0000
[    0.202091] R 0xc7200: 0x80000008
[    0.202094] R 0xc7200: 0x80000008
[    0.202095] R 0x42014: 0x21000002
[    0.202097] R 0x64010: 0x2500e1
[    0.202099] W 0x64014: 0x50005000
[    0.202101] W 0x64010: 0xd24500e1
[    0.202103] R 0x64010: 0x802500e1
[    0.202205] U 100
[    0.202206] R 0x64010: 0x802500e1
[    0.202308] U 100
[    0.202310] R 0x64010: 0x402500e1
[    0.202311] W 0x64010: 0x522500e1
[    0.202314] R 0x64014: 0x960000
[    0.202316] R 0xc7200: 0x80000008
[    0.202318] R 0xc7200: 0x80000008
[    0.202320] R 0x42014: 0x21000002
[    0.202322] R 0x64010: 0x2500e1
[    0.202324] W 0x64014: 0x50005000
[    0.202326] W 0x64010: 0xd24500e1
[    0.202328] R 0x64010: 0x802500e1
[    0.202429] U 100
[    0.202431] R 0x64010: 0x802500e1
[    0.202533] U 100
[    0.202535] R 0x64010: 0x402500e1
[    0.202537] W 0x64010: 0x522500e1
[    0.202539] R 0x64014: 0x250000
[    0.202541] R 0xc7200: 0x80000008
[    0.202544] R 0xc7200: 0x80000008
[    0.202545] R 0x42014: 0x21000002
[    0.202547] R 0x64010: 0x2500e1
[    0.202549] W 0x64014: 0x50005000
[    0.202551] W 0x64010: 0xd24500e1
[    0.202553] R 0x64010: 0x802500e1
[    0.202655] U 100
[    0.202656] R 0x64010: 0x802500e1
[    0.202758] U 100
[    0.202760] R 0x64010: 0x402500e1
[    0.202762] W 0x64010: 0x522500e1
[    0.202764] R 0x64014: 0x110000
[    0.202766] R 0xc7200: 0x80000008
[    0.202769] R 0xc7200: 0x80000008
[    0.202770] R 0x42014: 0x21000002
[    0.202772] R 0x64010: 0x2500e1
[    0.202774] W 0x64014: 0x50005000
[    0.202776] W 0x64010: 0xd24500e1
[    0.202778] R 0x64010: 0x802500e1
[    0.202880] U 100
[    0.202881] R 0x64010: 0x802500e1
[    0.202983] U 100
[    0.202985] R 0x64010: 0x402500e1
[    0.202987] W 0x64010: 0x522500e1
[    0.202989] R 0x64014: 0x4f0000
[    0.202991] R 0xc7200: 0x80000008
[    0.202994] R 0xc7200: 0x80000008
[    0.202995] R 0x42014: 0x21000002
[    0.202997] R 0x64010: 0x2500e1
[    0.202999] W 0x64014: 0x50005000
[    0.203001] W 0x64010: 0xd24500e1
[    0.203003] R 0x64010: 0x802500e1
[    0.203105] U 100
[    0.203106] R 0x64010: 0x802500e1
[    0.203208] U 100
[    0.203210] R 0x64010: 0x402500e1
[    0.203212] W 0x64010: 0x522500e1
[    0.203214] R 0x64014: 0x530000
[    0.203216] R 0xc7200: 0x80000008
[    0.203219] R 0xc7200: 0x80000008
[    0.203220] R 0x42014: 0x21000002
[    0.203222] R 0x64010: 0x2500e1
[    0.203224] W 0x64014: 0x50005000
[    0.203226] W 0x64010: 0xd24500e1
[    0.203228] R 0x64010: 0x802500e1
[    0.203330] U 100
[    0.203332] R 0x64010: 0x802500e1
[    0.203433] U 100
[    0.203435] R 0x64010: 0x402500e1
[    0.203437] W 0x64010: 0x522500e1
[    0.203439] R 0x64014: 0x0
[    0.203441] R 0xc7200: 0x80000008
[    0.203444] R 0xc7200: 0x80000008
[    0.203445] R 0x42014: 0x21000002
[    0.203447] R 0x64010: 0x2500e1
[    0.203449] W 0x64014: 0x50005000
[    0.203451] W 0x64010: 0xd24500e1
[    0.203453] R 0x64010: 0x802500e1
[    0.203555] U 100
[    0.203557] R 0x64010: 0x802500e1
[    0.203658] U 100
[    0.203660] R 0x64010: 0x402500e1
[    0.203662] W 0x64010: 0x522500e1
[    0.203664] R 0x64014: 0x0
[    0.203666] R 0xc7200: 0x80000008
[    0.203669] R 0xc7200: 0x80000008
[    0.203671] R 0x42014: 0x21000002
[    0.203672] R 0x64010: 0x2500e1
[    0.203674] W 0x64014: 0x50005000
[    0.203676] W 0x64010: 0xd24500e1
[    0.203678] R 0x64010: 0x802500e1
[    0.203780] U 100
[    0.203782] R 0x64010: 0x802500e1
[    0.203883] U 100
[    0.203885] R 0x64010: 0x402500e1
[    0.203887] W 0x64010: 0x522500e1
[    0.203889] R 0x64014: 0x0
[    0.203891] R 0xc7200: 0x80000008
[    0.203894] R 0xc7200: 0x80000008
[    0.203895] R 0x42014: 0x21000002
[    0.203897] R 0x64010: 0x2500e1
[    0.203899] W 0x64014: 0x50005000
[    0.203901] W 0x64010: 0xd24500e1
[    0.203903] R 0x64010: 0x802500e1
[    0.204005] U 100
[    0.204006] R 0x64010: 0x802500e1
[    0.204108] U 100
[    0.204110] R 0x64010: 0x402500e1
[    0.204112] W 0x64010: 0x522500e1
[    0.204114] R 0x64014: 0x10000
[    0.204116] R 0xc7200: 0x80000008
[    0.204119] R 0xc7200: 0x80000008
[    0.204120] R 0x42014: 0x21000002
[    0.204122] R 0x64010: 0x2500e1
[    0.204124] W 0x64014: 0x50005000
[    0.204126] W 0x64010: 0xd24500e1
[    0.204128] R 0x64010: 0x802500e1
[    0.204230] U 100
[    0.204231] R 0x64010: 0x802500e1
[    0.204333] U 100
[    0.204335] R 0x64010: 0x402500e1
[    0.204336] W 0x64010: 0x522500e1
[    0.204339] R 0x64014: 0x10000
[    0.204341] R 0xc7200: 0x80000008
[    0.204343] R 0xc7200: 0x80000008
[    0.204345] R 0x42014: 0x21000002
[    0.204347] R 0x64010: 0x2500e1
[    0.204349] W 0x64014: 0x50005000
[    0.204351] W 0x64010: 0xd24500e1
[    0.204353] R 0x64010: 0x802500e1
[    0.204454] U 100
[    0.204456] R 0x64010: 0x802500e1
[    0.204558] U 100
[    0.204560] R 0x64010: 0x402500e1
[    0.204561] W 0x64010: 0x522500e1
[    0.204564] R 0x64014: 0x10000
[    0.204566] R 0xc7200: 0x80000008
[    0.204569] R 0xc7200: 0x80000008
[    0.204570] R 0x42014: 0x21000002
[    0.204572] R 0x64010: 0x2500e1
[    0.204574] W 0x64014: 0x50005000
[    0.204576] W 0x64010: 0xd24500e1
[    0.204578] R 0x64010: 0x802500e1
[    0.204680] U 100
[    0.204681] R 0x64010: 0x802500e1
[    0.204783] U 100
[    0.204785] R 0x64010: 0x402500e1
[    0.204786] W 0x64010: 0x522500e1
[    0.204789] R 0x64014: 0x10000
[    0.204791] R 0xc7200: 0x80000008
[    0.204794] R 0xc7200: 0x80000008
[    0.204795] R 0x42014: 0x21000002
[    0.204797] R 0x64010: 0x2500e1
[    0.204799] W 0x64014: 0x50005000
[    0.204801] W 0x64010: 0xd24500e1
[    0.204803] R 0x64010: 0x802500e1
[    0.204905] U 100
[    0.204906] R 0x64010: 0x802500e1
[    0.205008] U 100
[    0.205010] R 0x64010: 0x402500e1
[    0.205012] W 0x64010: 0x522500e1
[    0.205014] R 0x64014: 0x10000
[    0.205016] R 0xc7200: 0x80000008
[    0.205019] R 0xc7200: 0x80000008
[    0.205020] R 0x42014: 0x21000002
[    0.205022] R 0x64010: 0x2500e1
[    0.205024] W 0x64014: 0x50005000
[    0.205026] W 0x64010: 0xd24500e1
[    0.205028] R 0x64010: 0x802500e1
[    0.205130] U 100
[    0.205132] R 0x64010: 0x802500e1
[    0.205233] U 100
[    0.205235] R 0x64010: 0x402500e1
[    0.205237] W 0x64010: 0x522500e1
[    0.205239] R 0x64014: 0x10000
[    0.205241] R 0xc7200: 0x80000008
[    0.205244] R 0xc7200: 0x80000008
[    0.205245] R 0x42014: 0x21000002
[    0.205247] R 0x64010: 0x2500e1
[    0.205249] W 0x64014: 0x50005000
[    0.205251] W 0x64010: 0xd24500e1
[    0.205253] R 0x64010: 0x802500e1
[    0.205355] U 100
[    0.205356] R 0x64010: 0x802500e1
[    0.205458] U 100
[    0.205460] R 0x64010: 0x402500e1
[    0.205462] W 0x64010: 0x522500e1
[    0.205470] R 0x64014: 0x10000
[    0.205472] R 0xc7200: 0x80000008
[    0.205475] R 0xc7200: 0x80000008
[    0.205477] R 0x42014: 0x21000002
[    0.205478] R 0x64010: 0x2500e1
[    0.205480] W 0x64014: 0x50005000
[    0.205482] W 0x64010: 0xd24500e1
[    0.205484] R 0x64010: 0x802500e1
[    0.205586] U 100
[    0.205588] R 0x64010: 0x802500e1
[    0.205689] U 100
[    0.205691] R 0x64010: 0x402500e1
[    0.205693] W 0x64010: 0x522500e1
[    0.205695] R 0x64014: 0x10000
[    0.205697] R 0xc7200: 0x80000008
[    0.205699] R 0xc7200: 0x80000008
[    0.205701] R 0x42014: 0x21000002
[    0.205703] R 0x64010: 0x2500e1
[    0.205705] W 0x64014: 0x50005000
[    0.205707] W 0x64010: 0xd24500e1
[    0.205709] R 0x64010: 0x802500e1
[    0.205811] U 100
[    0.205812] R 0x64010: 0x802500e1
[    0.205914] U 100
[    0.205916] R 0x64010: 0x402500e1
[    0.205917] W 0x64010: 0x522500e1
[    0.205919] R 0x64014: 0x10000
[    0.205922] R 0xc7200: 0x80000008
[    0.205924] R 0xc7200: 0x80000008
[    0.205926] R 0x42014: 0x21000002
[    0.205928] R 0x64010: 0x2500e1
[    0.205930] W 0x64014: 0x50005000
[    0.205932] W 0x64010: 0xd24500e1
[    0.205934] R 0x64010: 0x802500e1
[    0.206036] U 100
[    0.206037] R 0x64010: 0x802500e1
[    0.206139] U 100
[    0.206141] R 0x64010: 0x402500e1
[    0.206142] W 0x64010: 0x522500e1
[    0.206145] R 0x64014: 0x10000
[    0.206147] R 0xc7200: 0x80000008
[    0.206149] R 0xc7200: 0x80000008
[    0.206151] R 0x42014: 0x21000002
[    0.206153] R 0x64010: 0x2500e1
[    0.206155] W 0x64014: 0x50005000
[    0.206157] W 0x64010: 0xd24500e1
[    0.206159] R 0x64010: 0x802500e1
[    0.206260] U 100
[    0.206262] R 0x64010: 0x802500e1
[    0.206364] U 100
[    0.206366] R 0x64010: 0x402500e1
[    0.206367] W 0x64010: 0x522500e1
[    0.206369] R 0x64014: 0x10000
[    0.206372] R 0xc7200: 0x80000008
[    0.206374] R 0xc7200: 0x80000008
[    0.206376] R 0x42014: 0x21000002
[    0.206378] R 0x64010: 0x2500e1
[    0.206380] W 0x64014: 0x50005000
[    0.206382] W 0x64010: 0xd24500e1
[    0.206384] R 0x64010: 0x802500e1
[    0.206486] U 100
[    0.206487] R 0x64010: 0x802500e1
[    0.206589] U 100
[    0.206591] R 0x64010: 0x402500e1
[    0.206593] W 0x64010: 0x522500e1
[    0.206595] R 0x64014: 0x10000
[    0.206597] R 0xc7200: 0x80000008
[    0.206600] R 0xc7200: 0x80000008
[    0.206602] R 0x42014: 0x21000002
[    0.206603] R 0x64010: 0x2500e1
[    0.206605] W 0x64014: 0x50005000
[    0.206607] W 0x64010: 0xd24500e1
[    0.206609] R 0x64010: 0x802500e1
[    0.206711] U 100
[    0.206713] R 0x64010: 0x802500e1
[    0.206814] U 100
[    0.206816] R 0x64010: 0x402500e1
[    0.206818] W 0x64010: 0x522500e1
[    0.206820] R 0x64014: 0x10000
[    0.206822] R 0xc7200: 0x80000008
[    0.206825] R 0xc7200: 0x80000008
[    0.206826] R 0x42014: 0x21000002
[    0.206828] R 0x64010: 0x2500e1
[    0.206830] W 0x64014: 0x50005000
[    0.206832] W 0x64010: 0xd24500e1
[    0.206834] R 0x64010: 0x802500e1
[    0.206936] U 100
[    0.206938] R 0x64010: 0x802500e1
[    0.207039] U 100
[    0.207041] R 0x64010: 0x402500e1
[    0.207043] W 0x64010: 0x522500e1
[    0.207045] R 0x64014: 0x10000
[    0.207047] R 0xc7200: 0x80000008
[    0.207050] R 0xc7200: 0x80000008
[    0.207052] R 0x42014: 0x21000002
[    0.207053] R 0x64010: 0x2500e1
[    0.207055] W 0x64014: 0x50005000
[    0.207057] W 0x64010: 0xd24500e1
[    0.207059] R 0x64010: 0x802500e1
[    0.207161] U 100
[    0.207163] R 0x64010: 0x802500e1
[    0.207264] U 100
[    0.207266] R 0x64010: 0x402500e1
[    0.207268] W 0x64010: 0x522500e1
[    0.207270] R 0x64014: 0x10000
[    0.207272] R 0xc7200: 0x80000008
[    0.207275] R 0xc7200: 0x80000008
[    0.207276] R 0x42014: 0x21000002
[    0.207278] R 0x64010: 0x2500e1
[    0.207280] W 0x64014: 0x50005000
[    0.207282] W 0x64010: 0xd24500e1
[    0.207284] R 0x64010: 0x802500e1
[    0.207386] U 100
[    0.207387] R 0x64010: 0x802500e1
[    0.207489] U 100
[    0.207491] R 0x64010: 0x402500e1
[    0.207493] W 0x64010: 0x522500e1
[    0.207495] R 0x64014: 0x10000
[    0.207497] R 0xc7200: 0x80000008
[    0.207500] R 0xc7200: 0x80000008
[    0.207501] R 0x42014: 0x21000002
[    0.207503] R 0x64010: 0x2500e1
[    0.207505] W 0x64014: 0x50005000
[    0.207507] W 0x64010: 0xd24500e1
[    0.207509] R 0x64010: 0x802500e1
[    0.207611] U 100
[    0.207612] R 0x64010: 0x802500e1
[    0.207714] U 100
[    0.207716] R 0x64010: 0x402500e1
[    0.207717] W 0x64010: 0x522500e1
[    0.207720] R 0x64014: 0x360000
[    0.207722] R 0xc7200: 0x80000008
[    0.207724] R 0xc7200: 0x80000008
[    0.207726] R 0x42014: 0x21000002
[    0.207728] R 0x64010: 0x2500e1
[    0.207730] W 0x64014: 0x50005000
[    0.207732] W 0x64010: 0xd24500e1
[    0.207734] R 0x64010: 0x802500e1
[    0.207835] U 100
[    0.207837] R 0x64010: 0x802500e1
[    0.207939] U 100
[    0.207941] R 0x64010: 0x402500e1
[    0.207942] W 0x64010: 0x522500e1
[    0.207945] R 0x64014: 0x360000
[    0.207947] R 0xc7200: 0x80000008
[    0.207949] R 0xc7200: 0x80000008
[    0.207951] R 0x42014: 0x21000002
[    0.207953] R 0x64010: 0x2500e1
[    0.207955] W 0x64014: 0x50005000
[    0.207957] W 0x64010: 0xd24500e1
[    0.207959] R 0x64010: 0x802500e1
[    0.208060] U 100
[    0.208062] R 0x64010: 0x802500e1
[    0.208164] U 100
[    0.208166] R 0x64010: 0x402500e1
[    0.208167] W 0x64010: 0x522500e1
[    0.208169] R 0x64014: 0x800000
[    0.208172] R 0xc7200: 0x80000008
[    0.208174] R 0xc7200: 0x80000008
[    0.208176] R 0x42014: 0x21000002
[    0.208178] R 0x64010: 0x2500e1
[    0.208180] W 0x64014: 0x50005000
[    0.208182] W 0x64010: 0xd24500e1
[    0.208184] R 0x64010: 0x802500e1
[    0.208285] U 100
[    0.208287] R 0x64010: 0x802500e1
[    0.208389] U 100
[    0.208390] R 0x64010: 0x402500e1
[    0.208392] W 0x64010: 0x522500e1
[    0.208394] R 0x64014: 0xa00000
[    0.208397] R 0xc7200: 0x80000008
[    0.208399] R 0xc7200: 0x80000008
[    0.208401] R 0x42014: 0x21000002
[    0.208403] R 0x64010: 0x2500e1
[    0.208404] W 0x64014: 0x50005000
[    0.208407] W 0x64010: 0xd24500e1
[    0.208409] R 0x64010: 0x802500e1
[    0.208510] U 100
[    0.208512] R 0x64010: 0x802500e1
[    0.208614] U 100
[    0.208615] R 0x64010: 0x402500e1
[    0.208617] W 0x64010: 0x522500e1
[    0.208619] R 0x64014: 0x700000
[    0.208622] R 0xc7200: 0x80000008
[    0.208624] R 0xc7200: 0x80000008
[    0.208626] R 0x42014: 0x21000002
[    0.208628] R 0x64010: 0x2500e1
[    0.208630] W 0x64014: 0x50005000
[    0.208632] W 0x64010: 0xd24500e1
[    0.208634] R 0x64010: 0x802500e1
[    0.208735] U 100
[    0.208737] R 0x64010: 0x802500e1
[    0.208839] U 100
[    0.208840] R 0x64010: 0x402500e1
[    0.208842] W 0x64010: 0x522500e1
[    0.208844] R 0x64014: 0x380000
[    0.208847] R 0xc7200: 0x80000008
[    0.208849] R 0xc7200: 0x80000008
[    0.208851] R 0x42014: 0x21000002
[    0.208853] R 0x64010: 0x2500e1
[    0.208855] W 0x64014: 0x50005000
[    0.208857] W 0x64010: 0xd24500e1
[    0.208859] R 0x64010: 0x802500e1
[    0.208960] U 100
[    0.208962] R 0x64010: 0x802500e1
[    0.209064] U 100
[    0.209065] R 0x64010: 0x402500e1
[    0.209067] W 0x64010: 0x522500e1
[    0.209069] R 0x64014: 0x200000
[    0.209072] R 0xc7200: 0x80000008
[    0.209074] R 0xc7200: 0x80000008
[    0.209076] R 0x42014: 0x21000002
[    0.209078] R 0x64010: 0x2500e1
[    0.209080] W 0x64014: 0x50005000
[    0.209082] W 0x64010: 0xd24500e1
[    0.209084] R 0x64010: 0x802500e1
[    0.209185] U 100
[    0.209187] R 0x64010: 0x802500e1
[    0.209288] U 100
[    0.209290] R 0x64010: 0x402500e1
[    0.209292] W 0x64010: 0x522500e1
[    0.209294] R 0x64014: 0x400000
[    0.209297] R 0xc7200: 0x80000008
[    0.209299] R 0xc7200: 0x80000008
[    0.209301] R 0x42014: 0x21000002
[    0.209303] R 0x64010: 0x2500e1
[    0.209304] W 0x64014: 0x50005000
[    0.209306] W 0x64010: 0xd24500e1
[    0.209309] R 0x64010: 0x802500e1
[    0.209410] U 100
[    0.209412] R 0x64010: 0x802500e1
[    0.209513] U 100
[    0.209515] R 0x64010: 0x402500e1
[    0.209517] W 0x64010: 0x522500e1
[    0.209519] R 0x64014: 0x2e0000
[    0.209522] R 0xc7200: 0x80000008
[    0.209524] R 0xc7200: 0x80000008
[    0.209526] R 0x42014: 0x21000002
[    0.209528] R 0x64010: 0x2500e1
[    0.209529] W 0x64014: 0x50005000
[    0.209532] W 0x64010: 0xd24500e1
[    0.209534] R 0x64010: 0x802500e1
[    0.209635] U 100
[    0.209637] R 0x64010: 0x802500e1
[    0.209738] U 100
[    0.209740] R 0x64010: 0x402500e1
[    0.209742] W 0x64010: 0x522500e1
[    0.209744] R 0x64014: 0x1e0000
[    0.209746] R 0xc7200: 0x80000008
[    0.209749] R 0xc7200: 0x80000008
[    0.209751] R 0x42014: 0x21000002
[    0.209752] R 0x64010: 0x2500e1
[    0.209754] W 0x64014: 0x50005000
[    0.209756] W 0x64010: 0xd24500e1
[    0.209759] R 0x64010: 0x802500e1
[    0.209860] U 100
[    0.209862] R 0x64010: 0x802500e1
[    0.209963] U 100
[    0.209965] R 0x64010: 0x402500e1
[    0.209967] W 0x64010: 0x522500e1
[    0.209969] R 0x64014: 0x240000
[    0.209972] R 0xc7200: 0x80000008
[    0.209974] R 0xc7200: 0x80000008
[    0.209976] R 0x42014: 0x21000002
[    0.209978] R 0x64010: 0x2500e1
[    0.209980] W 0x64014: 0x50005000
[    0.209982] W 0x64010: 0xd24500e1
[    0.209984] R 0x64010: 0x802500e1
[    0.210085] U 100
[    0.210087] R 0x64010: 0x802500e1
[    0.210189] U 100
[    0.210190] R 0x64010: 0x402500e1
[    0.210192] W 0x64010: 0x522500e1
[    0.210194] R 0x64014: 0x0
[    0.210197] R 0xc7200: 0x80000008
[    0.210199] R 0xc7200: 0x80000008
[    0.210201] R 0x42014: 0x21000002
[    0.210203] R 0x64010: 0x2500e1
[    0.210205] W 0x64014: 0x50005000
[    0.210207] W 0x64010: 0xd24500e1
[    0.210209] R 0x64010: 0x802500e1
[    0.210310] U 100
[    0.210312] R 0x64010: 0x802500e1
[    0.210414] U 100
[    0.210416] R 0x64010: 0x402500e1
[    0.210417] W 0x64010: 0x522500e1
[    0.210419] R 0x64014: 0x1a0000
[    0.210422] R 0xc7200: 0x80000008
[    0.210424] R 0xc7200: 0x80000008
[    0.210426] R 0x42014: 0x21000002
[    0.210428] R 0x64010: 0x2500e1
[    0.210430] W 0x64014: 0x50005000
[    0.210432] W 0x64010: 0xd24500e1
[    0.210434] R 0x64010: 0x802500e1
[    0.210535] U 100
[    0.210537] R 0x64010: 0x802500e1
[    0.210639] U 100
[    0.210641] R 0x64010: 0x402500e1
[    0.210642] W 0x64010: 0x522500e1
[    0.210645] R 0x64014: 0xa50000
[    0.210647] R 0xc7200: 0x80000008
[    0.210649] R 0xc7200: 0x80000008
[    0.210651] R 0x42014: 0x21000002
[    0.210653] R 0x64010: 0x2500e1
[    0.210655] W 0x64014: 0x50005000
[    0.210657] W 0x64010: 0xd24500e1
[    0.210659] R 0x64010: 0x802500e1
[    0.210760] U 100
[    0.210762] R 0x64010: 0x802500e1
[    0.210864] U 100
[    0.210866] R 0x64010: 0x402500e1
[    0.210867] W 0x64010: 0x522500e1
[    0.210869] R 0x64014: 0x100000
[    0.210872] R 0xc7200: 0x80000008
[    0.210874] R 0xc7200: 0x80000008
[    0.210876] R 0x42014: 0x21000002
[    0.210878] R 0x64010: 0x2500e1
[    0.210880] W 0x64014: 0x50005000
[    0.210882] W 0x64010: 0xd24500e1
[    0.210884] R 0x64010: 0x802500e1
[    0.210985] U 100
[    0.210987] R 0x64010: 0x802500e1
[    0.211089] U 100
[    0.211091] R 0x64010: 0x402500e1
[    0.211092] W 0x64010: 0x522500e1
[    0.211094] R 0x64014: 0x0
[    0.211097] R 0xc7200: 0x80000008
[    0.211099] R 0xc7200: 0x80000008
[    0.211101] R 0x42014: 0x21000002
[    0.211103] R 0x64010: 0x2500e1
[    0.211105] W 0x64014: 0x50005000
[    0.211107] W 0x64010: 0xd24500e1
[    0.211109] R 0x64010: 0x802500e1
[    0.211210] U 100
[    0.211212] R 0x64010: 0x802500e1
[    0.211314] U 100
[    0.211315] R 0x64010: 0x402500e1
[    0.211317] W 0x64010: 0x522500e1
[    0.211319] R 0x64014: 0x0
[    0.211322] R 0xc7200: 0x80000008
[    0.211324] R 0xc7200: 0x80000008
[    0.211326] R 0x42014: 0x21000002
[    0.211328] R 0x64010: 0x2500e1
[    0.211330] W 0x64014: 0x50005000
[    0.211332] W 0x64010: 0xd24500e1
[    0.211334] R 0x64010: 0x802500e1
[    0.211435] U 100
[    0.211437] R 0x64010: 0x802500e1
[    0.211539] U 100
[    0.211540] R 0x64010: 0x402500e1
[    0.211542] W 0x64010: 0x522500e1
[    0.211544] R 0x64014: 0x180000
[    0.211547] R 0xc7200: 0x80000008
[    0.211549] R 0xc7200: 0x80000008
[    0.211551] R 0x42014: 0x21000002
[    0.211553] R 0x64010: 0x2500e1
[    0.211555] W 0x64014: 0x50005000
[    0.211557] W 0x64010: 0xd24500e1
[    0.211559] R 0x64010: 0x802500e1
[    0.211660] U 100
[    0.211662] R 0x64010: 0x802500e1
[    0.211764] U 100
[    0.211765] R 0x64010: 0x402500e1
[    0.211767] W 0x64010: 0x522500e1
[    0.211769] R 0x64014: 0x240000
[    0.211772] R 0xc7200: 0x80000008
[    0.211774] R 0xc7200: 0x80000008
[    0.211776] R 0x42014: 0x21000002
[    0.211778] R 0x64010: 0x2500e1
[    0.211779] W 0x64014: 0x50005000
[    0.211782] W 0x64010: 0xd24500e1
[    0.211784] R 0x64010: 0x802500e1
[    0.211885] U 100
[    0.211887] R 0x64010: 0x802500e1
[    0.211989] U 100
[    0.211990] R 0x64010: 0x402500e1
[    0.211992] W 0x64010: 0x522500e1
[    0.211994] R 0x64014: 0x240000
[    0.211997] R 0xc7200: 0x80000008
[    0.211999] R 0xc7200: 0x80000008
[    0.212001] R 0x42014: 0x21000002
[    0.212003] R 0x64010: 0x2500e1
[    0.212005] W 0x64014: 0x50005000
[    0.212007] W 0x64010: 0xd24500e1
[    0.212009] R 0x64010: 0x802500e1
[    0.212110] U 100
[    0.212112] R 0x64010: 0x802500e1
[    0.212213] U 100
[    0.212215] R 0x64010: 0x402500e1
[    0.212217] W 0x64010: 0x522500e1
[    0.212219] R 0x64014: 0x800000
[    0.212222] R 0xc7200: 0x80000008
[    0.212224] R 0xc7200: 0x80000008
[    0.212226] R 0x42014: 0x21000002
[    0.212228] R 0x64010: 0x2500e1
[    0.212229] W 0x64014: 0x50005000
[    0.212231] W 0x64010: 0xd24500e1
[    0.212234] R 0x64010: 0x802500e1
[    0.212335] U 100
[    0.212337] R 0x64010: 0x802500e1
[    0.212438] U 100
[    0.212440] R 0x64010: 0x402500e1
[    0.212442] W 0x64010: 0x522500e1
[    0.212444] R 0x64014: 0xa00000
[    0.212447] R 0xc7200: 0x80000008
[    0.212449] R 0xc7200: 0x80000008
[    0.212451] R 0x42014: 0x21000002
[    0.212453] R 0x64010: 0x2500e1
[    0.212454] W 0x64014: 0x50005000
[    0.212456] W 0x64010: 0xd24500e1
[    0.212464] R 0x64010: 0x802500e1
[    0.212565] U 100
[    0.212567] R 0x64010: 0x802500e1
[    0.212669] U 100
[    0.212671] R 0x64010: 0x402500e1
[    0.212672] W 0x64010: 0x522500e1
[    0.212675] R 0x64014: 0x700000
[    0.212677] R 0xc7200: 0x80000008
[    0.212679] R 0xc7200: 0x80000008
[    0.212681] R 0x42014: 0x21000002
[    0.212683] R 0x64010: 0x2500e1
[    0.212685] W 0x64014: 0x50005000
[    0.212687] W 0x64010: 0xd24500e1
[    0.212689] R 0x64010: 0x802500e1
[    0.212790] U 100
[    0.212792] R 0x64010: 0x802500e1
[    0.212894] U 100
[    0.212896] R 0x64010: 0x402500e1
[    0.212897] W 0x64010: 0x522500e1
[    0.212899] R 0x64014: 0x380000
[    0.212902] R 0xc7200: 0x80000008
[    0.212904] R 0xc7200: 0x80000008
[    0.212906] R 0x42014: 0x21000002
[    0.212908] R 0x64010: 0x2500e1
[    0.212910] W 0x64014: 0x50005000
[    0.212912] W 0x64010: 0xd24500e1
[    0.212914] R 0x64010: 0x802500e1
[    0.213015] U 100
[    0.213017] R 0x64010: 0x802500e1
[    0.213119] U 100
[    0.213121] R 0x64010: 0x402500e1
[    0.213122] W 0x64010: 0x522500e1
[    0.213124] R 0x64014: 0x200000
[    0.213127] R 0xc7200: 0x80000008
[    0.213129] R 0xc7200: 0x80000008
[    0.213131] R 0x42014: 0x21000002
[    0.213133] R 0x64010: 0x2500e1
[    0.213135] W 0x64014: 0x50005000
[    0.213137] W 0x64010: 0xd24500e1
[    0.213139] R 0x64010: 0x802500e1
[    0.213240] U 100
[    0.213242] R 0x64010: 0x802500e1
[    0.213344] U 100
[    0.213345] R 0x64010: 0x402500e1
[    0.213347] W 0x64010: 0x522500e1
[    0.213349] R 0x64014: 0x400000
[    0.213352] R 0xc7200: 0x80000008
[    0.213354] R 0xc7200: 0x80000008
[    0.213356] R 0x42014: 0x21000002
[    0.213358] R 0x64010: 0x2500e1
[    0.213359] W 0x64014: 0x50005000
[    0.213362] W 0x64010: 0xd24500e1
[    0.213364] R 0x64010: 0x802500e1
[    0.213465] U 100
[    0.213467] R 0x64010: 0x802500e1
[    0.213569] U 100
[    0.213571] R 0x64010: 0x402500e1
[    0.213572] W 0x64010: 0x522500e1
[    0.213575] R 0x64014: 0x2e0000
[    0.213577] R 0xc7200: 0x80000008
[    0.213579] R 0xc7200: 0x80000008
[    0.213581] R 0x42014: 0x21000002
[    0.213583] R 0x64010: 0x2500e1
[    0.213585] W 0x64014: 0x50005000
[    0.213587] W 0x64010: 0xd24500e1
[    0.213589] R 0x64010: 0x802500e1
[    0.213690] U 100
[    0.213692] R 0x64010: 0x802500e1
[    0.213794] U 100
[    0.213796] R 0x64010: 0x402500e1
[    0.213797] W 0x64010: 0x522500e1
[    0.213800] R 0x64014: 0x1e0000
[    0.213802] R 0xc7200: 0x80000008
[    0.213804] R 0xc7200: 0x80000008
[    0.213806] R 0x42014: 0x21000002
[    0.213808] R 0x64010: 0x2500e1
[    0.213810] W 0x64014: 0x50005000
[    0.213812] W 0x64010: 0xd24500e1
[    0.213814] R 0x64010: 0x802500e1
[    0.213916] U 100
[    0.213917] R 0x64010: 0x802500e1
[    0.214019] U 100
[    0.214021] R 0x64010: 0x402500e1
[    0.214022] W 0x64010: 0x522500e1
[    0.214024] R 0x64014: 0x240000
[    0.214027] R 0xc7200: 0x80000008
[    0.214029] R 0xc7200: 0x80000008
[    0.214031] R 0x42014: 0x21000002
[    0.214033] R 0x64010: 0x2500e1
[    0.214035] W 0x64014: 0x50005000
[    0.214037] W 0x64010: 0xd24500e1
[    0.214039] R 0x64010: 0x802500e1
[    0.214140] U 100
[    0.214142] R 0x64010: 0x802500e1
[    0.214244] U 100
[    0.214245] R 0x64010: 0x402500e1
[    0.214247] W 0x64010: 0x522500e1
[    0.214249] R 0x64014: 0x0
[    0.214252] R 0xc7200: 0x80000008
[    0.214254] R 0xc7200: 0x80000008
[    0.214256] R 0x42014: 0x21000002
[    0.214258] R 0x64010: 0x2500e1
[    0.214260] W 0x64014: 0x50005000
[    0.214262] W 0x64010: 0xd24500e1
[    0.214264] R 0x64010: 0x802500e1
[    0.214365] U 100
[    0.214367] R 0x64010: 0x802500e1
[    0.214469] U 100
[    0.214471] R 0x64010: 0x402500e1
[    0.214472] W 0x64010: 0x522500e1
[    0.214475] R 0x64014: 0x1a0000
[    0.214477] R 0xc7200: 0x80000008
[    0.214479] R 0xc7200: 0x80000008
[    0.214481] R 0x42014: 0x21000002
[    0.214483] R 0x64010: 0x2500e1
[    0.214485] W 0x64014: 0x50005000
[    0.214487] W 0x64010: 0xd24500e1
[    0.214489] R 0x64010: 0x802500e1
[    0.214590] U 100
[    0.214592] R 0x64010: 0x802500e1
[    0.214694] U 100
[    0.214695] R 0x64010: 0x402500e1
[    0.214697] W 0x64010: 0x522500e1
[    0.214699] R 0x64014: 0xa50000
[    0.214702] R 0xc7200: 0x80000008
[    0.214704] R 0xc7200: 0x80000008
[    0.214706] R 0x42014: 0x21000002
[    0.214708] R 0x64010: 0x2500e1
[    0.214710] W 0x64014: 0x50005000
[    0.214712] W 0x64010: 0xd24500e1
[    0.214714] R 0x64010: 0x802500e1
[    0.214815] U 100
[    0.214817] R 0x64010: 0x802500e1
[    0.214919] U 100
[    0.214921] R 0x64010: 0x402500e1
[    0.214922] W 0x64010: 0x522500e1
[    0.214924] R 0x64014: 0x100000
[    0.214927] R 0xc7200: 0x80000008
[    0.214929] R 0xc7200: 0x80000008
[    0.214931] R 0x42014: 0x21000002
[    0.214933] R 0x64010: 0x2500e1
[    0.214935] W 0x64014: 0x50005000
[    0.214937] W 0x64010: 0xd24500e1
[    0.214939] R 0x64010: 0x802500e1
[    0.215040] U 100
[    0.215042] R 0x64010: 0x802500e1
[    0.215144] U 100
[    0.215145] R 0x64010: 0x402500e1
[    0.215147] W 0x64010: 0x522500e1
[    0.215149] R 0x64014: 0x0
[    0.215152] R 0xc7200: 0x80000008
[    0.215154] R 0xc7200: 0x80000008
[    0.215156] R 0x42014: 0x21000002
[    0.215158] R 0x64010: 0x2500e1
[    0.215160] W 0x64014: 0x50005000
[    0.215162] W 0x64010: 0xd24500e1
[    0.215164] R 0x64010: 0x802500e1
[    0.215265] U 100
[    0.215267] R 0x64010: 0x802500e1
[    0.215369] U 100
[    0.215370] R 0x64010: 0x402500e1
[    0.215372] W 0x64010: 0x522500e1
[    0.215374] R 0x64014: 0x0
[    0.215377] R 0xc7200: 0x80000008
[    0.215379] R 0xc7200: 0x80000008
[    0.215381] R 0x42014: 0x21000002
[    0.215383] R 0x64010: 0x2500e1
[    0.215385] W 0x64014: 0x50005000
[    0.215387] W 0x64010: 0xd24500e1
[    0.215389] R 0x64010: 0x802500e1
[    0.215490] U 100
[    0.215492] R 0x64010: 0x802500e1
[    0.215594] U 100
[    0.215595] R 0x64010: 0x402500e1
[    0.215597] W 0x64010: 0x522500e1
[    0.215599] R 0x64014: 0x180000
[    0.215602] R 0xc7200: 0x80000008
[    0.215604] R 0xc7200: 0x80000008
[    0.215606] R 0x42014: 0x21000002
[    0.215608] R 0x64010: 0x2500e1
[    0.215610] W 0x64014: 0x50005000
[    0.215612] W 0x64010: 0xd24500e1
[    0.215614] R 0x64010: 0x802500e1
[    0.215716] U 100
[    0.215717] R 0x64010: 0x802500e1
[    0.215819] U 100
[    0.215821] R 0x64010: 0x402500e1
[    0.215823] W 0x64010: 0x522500e1
[    0.215825] R 0x64014: 0x0
[    0.215827] R 0xc7200: 0x80000008
[    0.215830] R 0xc7200: 0x80000008
[    0.215831] R 0x42014: 0x21000002
[    0.215833] R 0x64010: 0x2500e1
[    0.215835] W 0x64014: 0x50005000
[    0.215837] W 0x64010: 0xd24500e1
[    0.215839] R 0x64010: 0x802500e1
[    0.215941] U 100
[    0.215943] R 0x64010: 0x802500e1
[    0.216044] U 100
[    0.216046] R 0x64010: 0x402500e1
[    0.216048] W 0x64010: 0x522500e1
[    0.216050] R 0x64014: 0x0
[    0.216052] R 0xc7200: 0x80000008
[    0.216055] R 0xc7200: 0x80000008
[    0.216057] R 0x42014: 0x21000002
[    0.216058] R 0x64010: 0x2500e1
[    0.216060] W 0x64014: 0x50005000
[    0.216062] W 0x64010: 0xd24500e1
[    0.216064] R 0x64010: 0x802500e1
[    0.216166] U 100
[    0.216168] R 0x64010: 0x802500e1
[    0.216269] U 100
[    0.216271] R 0x64010: 0x402500e1
[    0.216273] W 0x64010: 0x522500e1
[    0.216275] R 0x64014: 0x0
[    0.216277] R 0xc7200: 0x80000008
[    0.216280] R 0xc7200: 0x80000008
[    0.216281] R 0x42014: 0x21000002
[    0.216283] R 0x64010: 0x2500e1
[    0.216285] W 0x64014: 0x50005000
[    0.216287] W 0x64010: 0xd24500e1
[    0.216289] R 0x64010: 0x802500e1
[    0.216391] U 100
[    0.216392] R 0x64010: 0x802500e1
[    0.216494] U 100
[    0.216496] R 0x64010: 0x402500e1
[    0.216498] W 0x64010: 0x522500e1
[    0.216500] R 0x64014: 0xfe0000
[    0.216502] R 0xc7200: 0x80000008
[    0.216505] R 0xc7200: 0x80000008
[    0.216506] R 0x42014: 0x21000002
[    0.216508] R 0x64010: 0x2500e1
[    0.216510] W 0x64014: 0x50005000
[    0.216512] W 0x64010: 0xd24500e1
[    0.216514] R 0x64010: 0x802500e1
[    0.216616] U 100
[    0.216617] R 0x64010: 0x802500e1
[    0.216719] U 100
[    0.216721] R 0x64010: 0x402500e1
[    0.216723] W 0x64010: 0x522500e1
[    0.216725] R 0x64014: 0x0
[    0.216727] R 0xc7200: 0x80000008
[    0.216730] R 0xc7200: 0x80000008
[    0.216731] R 0x42014: 0x21000002
[    0.216733] R 0x64010: 0x2500e1
[    0.216735] W 0x64014: 0x50005000
[    0.216737] W 0x64010: 0xd24500e1
[    0.216739] R 0x64010: 0x802500e1
[    0.216841] U 100
[    0.216843] R 0x64010: 0x802500e1
[    0.216944] U 100
[    0.216946] R 0x64010: 0x402500e1
[    0.216948] W 0x64010: 0x522500e1
[    0.216950] R 0x64014: 0x430000
[    0.216952] R 0xc7200: 0x80000008
[    0.216955] R 0xc7200: 0x80000008
[    0.216957] R 0x42014: 0x21000002
[    0.216958] R 0x64010: 0x2500e1
[    0.216960] W 0x64014: 0x50005000
[    0.216962] W 0x64010: 0xd24500e1
[    0.216964] R 0x64010: 0x802500e1
[    0.217066] U 100
[    0.217067] R 0x64010: 0x802500e1
[    0.217169] U 100
[    0.217171] R 0x64010: 0x402500e1
[    0.217173] W 0x64010: 0x522500e1
[    0.217175] R 0x64014: 0x4d0000
[    0.217177] R 0xc7200: 0x80000008
[    0.217180] R 0xc7200: 0x80000008
[    0.217181] R 0x42014: 0x21000002
[    0.217183] R 0x64010: 0x2500e1
[    0.217185] W 0x64014: 0x50005000
[    0.217187] W 0x64010: 0xd24500e1
[    0.217189] R 0x64010: 0x802500e1
[    0.217291] U 100
[    0.217292] R 0x64010: 0x802500e1
[    0.217394] U 100
[    0.217396] R 0x64010: 0x402500e1
[    0.217398] W 0x64010: 0x522500e1
[    0.217400] R 0x64014: 0x4e0000
[    0.217402] R 0xc7200: 0x80000008
[    0.217405] R 0xc7200: 0x80000008
[    0.217406] R 0x42014: 0x21000002
[    0.217408] R 0x64010: 0x2500e1
[    0.217410] W 0x64014: 0x50005000
[    0.217412] W 0x64010: 0xd24500e1
[    0.217414] R 0x64010: 0x802500e1
[    0.217516] U 100
[    0.217518] R 0x64010: 0x802500e1
[    0.217619] U 100
[    0.217621] R 0x64010: 0x402500e1
[    0.217623] W 0x64010: 0x522500e1
[    0.217625] R 0x64014: 0xa0000
[    0.217627] R 0xc7200: 0x80000008
[    0.217630] R 0xc7200: 0x80000008
[    0.217632] R 0x42014: 0x21000002
[    0.217633] R 0x64010: 0x2500e1
[    0.217635] W 0x64014: 0x50005000
[    0.217637] W 0x64010: 0xd24500e1
[    0.217639] R 0x64010: 0x802500e1
[    0.217741] U 100
[    0.217743] R 0x64010: 0x802500e1
[    0.217844] U 100
[    0.217846] R 0x64010: 0x402500e1
[    0.217848] W 0x64010: 0x522500e1
[    0.217850] R 0x64014: 0x200000
[    0.217852] R 0xc7200: 0x80000008
[    0.217855] R 0xc7200: 0x80000008
[    0.217857] R 0x42014: 0x21000002
[    0.217858] R 0x64010: 0x2500e1
[    0.217860] W 0x64014: 0x50005000
[    0.217862] W 0x64010: 0xd24500e1
[    0.217864] R 0x64010: 0x802500e1
[    0.217966] U 100
[    0.217968] R 0x64010: 0x802500e1
[    0.218069] U 100
[    0.218071] R 0x64010: 0x402500e1
[    0.218073] W 0x64010: 0x522500e1
[    0.218075] R 0x64014: 0x200000
[    0.218077] R 0xc7200: 0x80000008
[    0.218080] R 0xc7200: 0x80000008
[    0.218081] R 0x42014: 0x21000002
[    0.218083] R 0x64010: 0x2500e1
[    0.218085] W 0x64014: 0x50005000
[    0.218087] W 0x64010: 0xd24500e1
[    0.218089] R 0x64010: 0x802500e1
[    0.218191] U 100
[    0.218193] R 0x64010: 0x802500e1
[    0.218294] U 100
[    0.218296] R 0x64010: 0x402500e1
[    0.218298] W 0x64010: 0x522500e1
[    0.218300] R 0x64014: 0x200000
[    0.218302] R 0xc7200: 0x80000008
[    0.218305] R 0xc7200: 0x80000008
[    0.218307] R 0x42014: 0x21000002
[    0.218309] R 0x64010: 0x2500e1
[    0.218310] W 0x64014: 0x50005000
[    0.218312] W 0x64010: 0xd24500e1
[    0.218315] R 0x64010: 0x802500e1
[    0.218416] U 100
[    0.218418] R 0x64010: 0x802500e1
[    0.218519] U 100
[    0.218521] R 0x64010: 0x402500e1
[    0.218523] W 0x64010: 0x522500e1
[    0.218525] R 0x64014: 0x200000
[    0.218528] R 0xc7200: 0x80000008
[    0.218530] R 0xc7200: 0x80000008
[    0.218532] R 0x42014: 0x21000002
[    0.218534] R 0x64010: 0x2500e1
[    0.218536] W 0x64014: 0x50005000
[    0.218538] W 0x64010: 0xd24500e1
[    0.218540] R 0x64010: 0x802500e1
[    0.218641] U 100
[    0.218643] R 0x64010: 0x802500e1
[    0.218745] U 100
[    0.218746] R 0x64010: 0x402500e1
[    0.218748] W 0x64010: 0x522500e1
[    0.218750] R 0x64014: 0x200000
[    0.218753] R 0xc7200: 0x80000008
[    0.218755] R 0xc7200: 0x80000008
[    0.218757] R 0x42014: 0x21000002
[    0.218759] R 0x64010: 0x2500e1
[    0.218761] W 0x64014: 0x50005000
[    0.218763] W 0x64010: 0xd24500e1
[    0.218765] R 0x64010: 0x802500e1
[    0.218866] U 100
[    0.218868] R 0x64010: 0x802500e1
[    0.218970] U 100
[    0.218971] R 0x64010: 0x402500e1
[    0.218973] W 0x64010: 0x522500e1
[    0.218975] R 0x64014: 0x200000
[    0.218978] R 0xc7200: 0x80000008
[    0.218980] R 0xc7200: 0x80000008
[    0.218982] R 0x42014: 0x21000002
[    0.218984] R 0x64010: 0x2500e1
[    0.218986] W 0x64014: 0x50005000
[    0.218988] W 0x64010: 0xd24500e1
[    0.218990] R 0x64010: 0x802500e1
[    0.219091] U 100
[    0.219093] R 0x64010: 0x802500e1
[    0.219195] U 100
[    0.219196] R 0x64010: 0x402500e1
[    0.219198] W 0x64010: 0x522500e1
[    0.219200] R 0x64014: 0x200000
[    0.219203] R 0xc7200: 0x80000008
[    0.219205] R 0xc7200: 0x80000008
[    0.219207] R 0x42014: 0x21000002
[    0.219209] R 0x64010: 0x2500e1
[    0.219211] W 0x64014: 0x50005000
[    0.219213] W 0x64010: 0xd24500e1
[    0.219215] R 0x64010: 0x802500e1
[    0.219316] U 100
[    0.219318] R 0x64010: 0x802500e1
[    0.219420] U 100
[    0.219421] R 0x64010: 0x402500e1
[    0.219423] W 0x64010: 0x522500e1
[    0.219425] R 0x64014: 0x200000
[    0.219428] R 0xc7200: 0x80000008
[    0.219430] R 0xc7200: 0x80000008
[    0.219432] R 0x42014: 0x21000002
[    0.219434] R 0x64010: 0x2500e1
[    0.219436] W 0x64014: 0x50005000
[    0.219438] W 0x64010: 0xd24500e1
[    0.219440] R 0x64010: 0x802500e1
[    0.219541] U 100
[    0.219543] R 0x64010: 0x802500e1
[    0.219645] U 100
[    0.219647] R 0x64010: 0x402500e1
[    0.219648] W 0x64010: 0x522500e1
[    0.219650] R 0x64014: 0x200000
[    0.219653] R 0xc7200: 0x80000008
[    0.219655] R 0xc7200: 0x80000008
[    0.219657] R 0x42014: 0x21000002
[    0.219659] R 0x64010: 0x2500e1
[    0.219661] W 0x64014: 0x50005000
[    0.219663] W 0x64010: 0xd24500e1
[    0.219665] R 0x64010: 0x802500e1
[    0.219767] U 100
[    0.219768] R 0x64010: 0x802500e1
[    0.219870] U 100
[    0.219872] R 0x64010: 0x402500e1
[    0.219873] W 0x64010: 0x522500e1
[    0.219875] R 0x64014: 0x0
[    0.219878] R 0xc7200: 0x80000008
[    0.219880] R 0xc7200: 0x80000008
[    0.219882] R 0x42014: 0x21000002
[    0.219884] R 0x64010: 0x2500e1
[    0.219886] W 0x64014: 0x50005000
[    0.219888] W 0x64010: 0xd24500e1
[    0.219890] R 0x64010: 0x802500e1
[    0.219992] U 100
[    0.219993] R 0x64010: 0x802500e1
[    0.220095] U 100
[    0.220097] R 0x64010: 0x402500e1
[    0.220099] W 0x64010: 0x522500e1
[    0.220101] R 0x64014: 0x0
[    0.220103] R 0xc7200: 0x80000008
[    0.220106] R 0xc7200: 0x80000008
[    0.220107] R 0x42014: 0x21000002
[    0.220109] R 0x64010: 0x2500e1
[    0.220111] W 0x64014: 0x50005000
[    0.220113] W 0x64010: 0xd24500e1
[    0.220115] R 0x64010: 0x802500e1
[    0.220217] U 100
[    0.220218] R 0x64010: 0x802500e1
[    0.220320] U 100
[    0.220322] R 0x64010: 0x402500e1
[    0.220324] W 0x64010: 0x522500e1
[    0.220326] R 0x64014: 0x0
[    0.220328] R 0xc7200: 0x80000008
[    0.220330] R 0xc7200: 0x80000008
[    0.220332] R 0x42014: 0x21000002
[    0.220334] R 0x64010: 0x2500e1
[    0.220336] W 0x64014: 0x50005000
[    0.220338] W 0x64010: 0xd24500e1
[    0.220340] R 0x64010: 0x802500e1
[    0.220441] U 100
[    0.220443] R 0x64010: 0x802500e1
[    0.220545] U 100
[    0.220547] R 0x64010: 0x402500e1
[    0.220549] W 0x64010: 0x522500e1
[    0.220551] R 0x64014: 0xfe0000
[    0.220553] R 0xc7200: 0x80000008
[    0.220556] R 0xc7200: 0x80000008
[    0.220557] R 0x42014: 0x21000002
[    0.220559] R 0x64010: 0x2500e1
[    0.220561] W 0x64014: 0x50005000
[    0.220563] W 0x64010: 0xd24500e1
[    0.220565] R 0x64010: 0x802500e1
[    0.220666] U 100
[    0.220668] R 0x64010: 0x802500e1
[    0.220770] U 100
[    0.220771] R 0x64010: 0x402500e1
[    0.220773] W 0x64010: 0x522500e1
[    0.220775] R 0x64014: 0x0
[    0.220778] R 0xc7200: 0x80000008
[    0.220780] R 0xc7200: 0x80000008
[    0.220782] R 0x42014: 0x21000002
[    0.220784] R 0x64010: 0x2500e1
[    0.220786] W 0x64014: 0x50005000
[    0.220788] W 0x64010: 0xd24500e1
[    0.220790] R 0x64010: 0x802500e1
[    0.220891] U 100
[    0.220893] R 0x64010: 0x802500e1
[    0.220995] U 100
[    0.220996] R 0x64010: 0x402500e1
[    0.220998] W 0x64010: 0x522500e1
[    0.221000] R 0x64014: 0x4e0000
[    0.221003] R 0xc7200: 0x80000008
[    0.221005] R 0xc7200: 0x80000008
[    0.221007] R 0x42014: 0x21000002
[    0.221009] R 0x64010: 0x2500e1
[    0.221011] W 0x64014: 0x50005000
[    0.221013] W 0x64010: 0xd24500e1
[    0.221015] R 0x64010: 0x802500e1
[    0.221116] U 100
[    0.221118] R 0x64010: 0x802500e1
[    0.221220] U 100
[    0.221221] R 0x64010: 0x402500e1
[    0.221223] W 0x64010: 0x522500e1
[    0.221225] R 0x64014: 0x310000
[    0.221228] R 0xc7200: 0x80000008
[    0.221230] R 0xc7200: 0x80000008
[    0.221232] R 0x42014: 0x21000002
[    0.221234] R 0x64010: 0x2500e1
[    0.221236] W 0x64014: 0x50005000
[    0.221238] W 0x64010: 0xd24500e1
[    0.221240] R 0x64010: 0x802500e1
[    0.221341] U 100
[    0.221343] R 0x64010: 0x802500e1
[    0.221445] U 100
[    0.221446] R 0x64010: 0x402500e1
[    0.221448] W 0x64010: 0x522500e1
[    0.221450] R 0x64014: 0x330000
[    0.221453] R 0xc7200: 0x80000008
[    0.221461] R 0xc7200: 0x80000008
[    0.221463] R 0x42014: 0x21000002
[    0.221464] R 0x64010: 0x2500e1
[    0.221466] W 0x64014: 0x50005000
[    0.221468] W 0x64010: 0xd24500e1
[    0.221470] R 0x64010: 0x802500e1
[    0.221572] U 100
[    0.221574] R 0x64010: 0x802500e1
[    0.221675] U 100
[    0.221677] R 0x64010: 0x402500e1
[    0.221679] W 0x64010: 0x522500e1
[    0.221681] R 0x64014: 0x330000
[    0.221683] R 0xc7200: 0x80000008
[    0.221686] R 0xc7200: 0x80000008
[    0.221687] R 0x42014: 0x21000002
[    0.221689] R 0x64010: 0x2500e1
[    0.221691] W 0x64014: 0x50005000
[    0.221693] W 0x64010: 0xd24500e1
[    0.221695] R 0x64010: 0x802500e1
[    0.221797] U 100
[    0.221799] R 0x64010: 0x802500e1
[    0.221900] U 100
[    0.221902] R 0x64010: 0x402500e1
[    0.221904] W 0x64010: 0x522500e1
[    0.221906] R 0x64014: 0x480000
[    0.221908] R 0xc7200: 0x80000008
[    0.221911] R 0xc7200: 0x80000008
[    0.221912] R 0x42014: 0x21000002
[    0.221914] R 0x64010: 0x2500e1
[    0.221916] W 0x64014: 0x50005000
[    0.221918] W 0x64010: 0xd24500e1
[    0.221920] R 0x64010: 0x802500e1
[    0.222022] U 100
[    0.222024] R 0x64010: 0x802500e1
[    0.222125] U 100
[    0.222127] R 0x64010: 0x402500e1
[    0.222129] W 0x64010: 0x522500e1
[    0.222131] R 0x64014: 0x530000
[    0.222133] R 0xc7200: 0x80000008
[    0.222136] R 0xc7200: 0x80000008
[    0.222138] R 0x42014: 0x21000002
[    0.222139] R 0x64010: 0x2500e1
[    0.222141] W 0x64014: 0x50005000
[    0.222143] W 0x64010: 0xd24500e1
[    0.222145] R 0x64010: 0x802500e1
[    0.222247] U 100
[    0.222249] R 0x64010: 0x802500e1
[    0.222350] U 100
[    0.222352] R 0x64010: 0x402500e1
[    0.222354] W 0x64010: 0x522500e1
[    0.222356] R 0x64014: 0x450000
[    0.222358] R 0xc7200: 0x80000008
[    0.222361] R 0xc7200: 0x80000008
[    0.222363] R 0x42014: 0x21000002
[    0.222364] R 0x64010: 0x2500e1
[    0.222366] W 0x64014: 0x50005000
[    0.222368] W 0x64010: 0xd24500e1
[    0.222371] R 0x64010: 0x802500e1
[    0.222472] U 100
[    0.222474] R 0x64010: 0x802500e1
[    0.222575] U 100
[    0.222577] R 0x64010: 0x402500e1
[    0.222579] W 0x64010: 0x522500e1
[    0.222581] R 0x64014: 0x2d0000
[    0.222584] R 0xc7200: 0x80000008
[    0.222586] R 0xc7200: 0x80000008
[    0.222588] R 0x42014: 0x21000002
[    0.222590] R 0x64010: 0x2500e1
[    0.222592] W 0x64014: 0x50005000
[    0.222594] W 0x64010: 0xd24500e1
[    0.222596] R 0x64010: 0x802500e1
[    0.222697] U 100
[    0.222699] R 0x64010: 0x802500e1
[    0.222800] U 100
[    0.222802] R 0x64010: 0x402500e1
[    0.222804] W 0x64010: 0x522500e1
[    0.222806] R 0x64014: 0x450000
[    0.222809] R 0xc7200: 0x80000008
[    0.222811] R 0xc7200: 0x80000008
[    0.222813] R 0x42014: 0x21000002
[    0.222815] R 0x64010: 0x2500e1
[    0.222816] W 0x64014: 0x50005000
[    0.222818] W 0x64010: 0xd24500e1
[    0.222821] R 0x64010: 0x802500e1
[    0.222922] U 100
[    0.222924] R 0x64010: 0x802500e1
[    0.223025] U 100
[    0.223027] R 0x64010: 0x402500e1
[    0.223029] W 0x64010: 0x522500e1
[    0.223031] R 0x64014: 0x410000
[    0.223034] R 0xc7200: 0x80000008
[    0.223036] R 0xc7200: 0x80000008
[    0.223038] R 0x42014: 0x21000002
[    0.223040] R 0x64010: 0x2500e1
[    0.223041] W 0x64014: 0x50005000
[    0.223043] W 0x64010: 0xd24500e1
[    0.223046] R 0x64010: 0x802500e1
[    0.223147] U 100
[    0.223149] R 0x64010: 0x802500e1
[    0.223250] U 100
[    0.223252] R 0x64010: 0x402500e1
[    0.223254] W 0x64010: 0x522500e1
[    0.223256] R 0x64014: 0x310000
[    0.223258] R 0xc7200: 0x80000008
[    0.223261] R 0xc7200: 0x80000008
